Archive member included to satisfy reference by file (symbol)

C:\Users\merce\AppData\Local\Temp\arduino\sketches\3B7DF326C40F4E2881484D719AB894F6/..\..\cores\6e0b88a48e757625a8f608dfc7da22d1\core.a(Print.cpp.o)
                              C:\Users\merce\AppData\Local\Temp\arduino\sketches\3B7DF326C40F4E2881484D719AB894F6\sketch\QTPy_Scope_pwm_awg.ino.cpp.o (Print::print(char const*))
C:\Users\merce\AppData\Local\Temp\arduino\sketches\3B7DF326C40F4E2881484D719AB894F6/..\..\cores\6e0b88a48e757625a8f608dfc7da22d1\core.a(SERCOM.cpp.o)
                              C:\Users\merce\AppData\Local\Temp\arduino\sketches\3B7DF326C40F4E2881484D719AB894F6\core\variant.cpp.o (SERCOM::SERCOM(Sercom*))
C:\Users\merce\AppData\Local\Temp\arduino\sketches\3B7DF326C40F4E2881484D719AB894F6/..\..\cores\6e0b88a48e757625a8f608dfc7da22d1\core.a(Stream.cpp.o)
                              C:\Users\merce\AppData\Local\Temp\arduino\sketches\3B7DF326C40F4E2881484D719AB894F6\sketch\QTPy_Scope_pwm_awg.ino.cpp.o (Stream::parseInt(LookaheadMode, char))
C:\Users\merce\AppData\Local\Temp\arduino\sketches\3B7DF326C40F4E2881484D719AB894F6/..\..\cores\6e0b88a48e757625a8f608dfc7da22d1\core.a(CDC.cpp.o)
                              C:\Users\merce\AppData\Local\Temp\arduino\sketches\3B7DF326C40F4E2881484D719AB894F6\sketch\QTPy_Scope_pwm_awg.ino.cpp.o (Serial_::available())
C:\Users\merce\AppData\Local\Temp\arduino\sketches\3B7DF326C40F4E2881484D719AB894F6/..\..\cores\6e0b88a48e757625a8f608dfc7da22d1\core.a(USBCore.cpp.o)
                              C:\Users\merce\AppData\Local\Temp\arduino\sketches\3B7DF326C40F4E2881484D719AB894F6/..\..\cores\6e0b88a48e757625a8f608dfc7da22d1\core.a(CDC.cpp.o) (USBDeviceClass::flush(unsigned long))
C:\Users\merce\AppData\Local\Temp\arduino\sketches\3B7DF326C40F4E2881484D719AB894F6/..\..\cores\6e0b88a48e757625a8f608dfc7da22d1\core.a(Uart.cpp.o)
                              C:\Users\merce\AppData\Local\Temp\arduino\sketches\3B7DF326C40F4E2881484D719AB894F6\core\variant.cpp.o (Uart::Uart(SERCOM*, unsigned char, unsigned char, SercomRXPad, SercomUartTXPad))
C:\Users\merce\AppData\Local\Temp\arduino\sketches\3B7DF326C40F4E2881484D719AB894F6/..\..\cores\6e0b88a48e757625a8f608dfc7da22d1\core.a(WString.cpp.o)
                              C:\Users\merce\AppData\Local\Temp\arduino\sketches\3B7DF326C40F4E2881484D719AB894F6/..\..\cores\6e0b88a48e757625a8f608dfc7da22d1\core.a(Stream.cpp.o) (String::String(char const*))
C:\Users\merce\AppData\Local\Temp\arduino\sketches\3B7DF326C40F4E2881484D719AB894F6/..\..\cores\6e0b88a48e757625a8f608dfc7da22d1\core.a(abi.cpp.o)
                              C:\Users\merce\AppData\Local\Temp\arduino\sketches\3B7DF326C40F4E2881484D719AB894F6/..\..\cores\6e0b88a48e757625a8f608dfc7da22d1\core.a(Print.cpp.o) (__cxa_pure_virtual)
C:\Users\merce\AppData\Local\Temp\arduino\sketches\3B7DF326C40F4E2881484D719AB894F6/..\..\cores\6e0b88a48e757625a8f608dfc7da22d1\core.a(dtostrf.c.o)
                              C:\Users\merce\AppData\Local\Temp\arduino\sketches\3B7DF326C40F4E2881484D719AB894F6/..\..\cores\6e0b88a48e757625a8f608dfc7da22d1\core.a(WString.cpp.o) (dtostrf)
C:\Users\merce\AppData\Local\Temp\arduino\sketches\3B7DF326C40F4E2881484D719AB894F6/..\..\cores\6e0b88a48e757625a8f608dfc7da22d1\core.a(cortex_handlers.c.o)
                              (Reset_Handler)
C:\Users\merce\AppData\Local\Temp\arduino\sketches\3B7DF326C40F4E2881484D719AB894F6/..\..\cores\6e0b88a48e757625a8f608dfc7da22d1\core.a(delay.c.o)
                              C:\Users\merce\AppData\Local\Temp\arduino\sketches\3B7DF326C40F4E2881484D719AB894F6/..\..\cores\6e0b88a48e757625a8f608dfc7da22d1\core.a(Stream.cpp.o) (millis)
C:\Users\merce\AppData\Local\Temp\arduino\sketches\3B7DF326C40F4E2881484D719AB894F6/..\..\cores\6e0b88a48e757625a8f608dfc7da22d1\core.a(hooks.c.o)
                              C:\Users\merce\AppData\Local\Temp\arduino\sketches\3B7DF326C40F4E2881484D719AB894F6/..\..\cores\6e0b88a48e757625a8f608dfc7da22d1\core.a(Stream.cpp.o) (yield)
C:\Users\merce\AppData\Local\Temp\arduino\sketches\3B7DF326C40F4E2881484D719AB894F6/..\..\cores\6e0b88a48e757625a8f608dfc7da22d1\core.a(itoa.c.o)
                              C:\Users\merce\AppData\Local\Temp\arduino\sketches\3B7DF326C40F4E2881484D719AB894F6/..\..\cores\6e0b88a48e757625a8f608dfc7da22d1\core.a(WString.cpp.o) (ltoa)
C:\Users\merce\AppData\Local\Temp\arduino\sketches\3B7DF326C40F4E2881484D719AB894F6/..\..\cores\6e0b88a48e757625a8f608dfc7da22d1\core.a(main.cpp.o)
                              c:/users/merce/appdata/local/arduino15/packages/adafruit/tools/arm-none-eabi-gcc/9-2019q4/bin/../lib/gcc/arm-none-eabi/9.2.1/../../../../arm-none-eabi/lib/thumb/v6-m/nofp/crt0.o (main)
C:\Users\merce\AppData\Local\Temp\arduino\sketches\3B7DF326C40F4E2881484D719AB894F6/..\..\cores\6e0b88a48e757625a8f608dfc7da22d1\core.a(new.cpp.o)
[...]
Memory Configuration

Name             Origin             Length             Attributes
FLASH            0x00002000         0x0003e000         xr
RAM              0x20000000         0x00008000         xrw
*default*        0x00000000         0xffffffff

Linker script and memory map

LOAD c:/users/merce/appdata/local/arduino15/packages/adafruit/tools/arm-none-eabi-gcc/9-2019q4/bin/../lib/gcc/arm-none-eabi/9.2.1/thumb/v6-m/nofp/crti.o
LOAD c:/users/merce/appdata/local/arduino15/packages/adafruit/tools/arm-none-eabi-gcc/9-2019q4/bin/../lib/gcc/arm-none-eabi/9.2.1/thumb/v6-m/nofp/crtbegin.o
LOAD c:/users/merce/appdata/local/arduino15/packages/adafruit/tools/arm-none-eabi-gcc/9-2019q4/bin/../lib/gcc/arm-none-eabi/9.2.1/../../../../arm-none-eabi/lib/thumb/v6-m/nofp/crt0.o
LOAD C:\Users\merce\AppData\Local\Temp\arduino\sketches\3B7DF326C40F4E2881484D719AB894F6\sketch\QTPy_Scope_pwm_awg.ino.cpp.o
LOAD C:\Users\merce\AppData\Local\Temp\arduino\sketches\3B7DF326C40F4E2881484D719AB894F6\libraries\Adafruit_ZeroTimer_Library\Adafruit_ZeroTimer.cpp.o
LOAD C:\Users\merce\AppData\Local\Temp\arduino\sketches\3B7DF326C40F4E2881484D719AB894F6\core\variant.cpp.o
START GROUP
LOAD C:\Users\merce\AppData\Local\Arduino15\packages\adafruit\tools\CMSIS\5.4.0/CMSIS/Lib/GCC/\libarm_cortexM0l_math.a
LOAD C:\Users\merce\AppData\Local\Temp\arduino\sketches\3B7DF326C40F4E2881484D719AB894F6/..\..\cores\6e0b88a48e757625a8f608dfc7da22d1\core.a
END GROUP
LOAD c:/users/merce/appdata/local/arduino15/packages/adafruit/tools/arm-none-eabi-gcc/9-2019q4/bin/../lib/gcc/arm-none-eabi/9.2.1/../../../../arm-none-eabi/lib/thumb/v6-m/nofp\libstdc++_nano.a
LOAD c:/users/merce/appdata/local/arduino15/packages/adafruit/tools/arm-none-eabi-gcc/9-2019q4/bin/../lib/gcc/arm-none-eabi/9.2.1/../../../../arm-none-eabi/lib/thumb/v6-m/nofp\libm.a
START GROUP
LOAD c:/users/merce/appdata/local/arduino15/packages/adafruit/tools/arm-none-eabi-gcc/9-2019q4/bin/../lib/gcc/arm-none-eabi/9.2.1/thumb/v6-m/nofp\libgcc.a
LOAD c:/users/merce/appdata/local/arduino15/packages/adafruit/tools/arm-none-eabi-gcc/9-2019q4/bin/../lib/gcc/arm-none-eabi/9.2.1/../../../../arm-none-eabi/lib/thumb/v6-m/nofp\libc_nano.a
END GROUP
START GROUP
LOAD c:/users/merce/appdata/local/arduino15/packages/adafruit/tools/arm-none-eabi-gcc/9-2019q4/bin/../lib/gcc/arm-none-eabi/9.2.1/thumb/v6-m/nofp\libgcc.a
LOAD c:/users/merce/appdata/local/arduino15/packages/adafruit/tools/arm-none-eabi-gcc/9-2019q4/bin/../lib/gcc/arm-none-eabi/9.2.1/../../../../arm-none-eabi/lib/thumb/v6-m/nofp\libc_nano.a
LOAD c:/users/merce/appdata/local/arduino15/packages/adafruit/tools/arm-none-eabi-gcc/9-2019q4/bin/../lib/gcc/arm-none-eabi/9.2.1/../../../../arm-none-eabi/lib/thumb/v6-m/nofp\libnosys.a
END GROUP
START GROUP
LOAD c:/users/merce/appdata/local/arduino15/packages/adafruit/tools/arm-none-eabi-gcc/9-2019q4/bin/../lib/gcc/arm-none-eabi/9.2.1/thumb/v6-m/nofp\libgcc.a
LOAD c:/users/merce/appdata/local/arduino15/packages/adafruit/tools/arm-none-eabi-gcc/9-2019q4/bin/../lib/gcc/arm-none-eabi/9.2.1/../../../../arm-none-eabi/lib/thumb/v6-m/nofp\libc_nano.a
LOAD c:/users/merce/appdata/local/arduino15/packages/adafruit/tools/arm-none-eabi-gcc/9-2019q4/bin/../lib/gcc/arm-none-eabi/9.2.1/../../../../arm-none-eabi/lib/thumb/v6-m/nofp\libnosys.a
END GROUP
LOAD c:/users/merce/appdata/local/arduino15/packages/adafruit/tools/arm-none-eabi-gcc/9-2019q4/bin/../lib/gcc/arm-none-eabi/9.2.1/thumb/v6-m/nofp/crtend.o
LOAD c:/users/merce/appdata/local/arduino15/packages/adafruit/tools/arm-none-eabi-gcc/9-2019q4/bin/../lib/gcc/arm-none-eabi/9.2.1/thumb/v6-m/nofp/crtn.o

.text           0x00002000     0x906c
                0x00002000                __text_start__ = .
 *(.sketch_boot)
                0x00002000                . = ALIGN (0x2000)
 *(.isr_vector)
 .isr_vector    0x00002000       0xb4 C:\Users\merce\AppData\Local\Temp\arduino\sketches\3B7DF326C40F4E2881484D719AB894F6/..\..\cores\6e0b88a48e757625a8f608dfc7da22d1\core.a(cortex_handlers.c.o)
                0x00002000                exception_table
 *(.text*)
 .text          0x000020b4       0x48 c:/users/merce/appdata/local/arduino15/packages/adafruit/tools/arm-none-eabi-gcc/9-2019q4/bin/../lib/gcc/arm-none-eabi/9.2.1/thumb/v6-m/nofp/crtbegin.o
 .text._Z9updatedacv
                0x000020fc       0x9c C:\Users\merce\AppData\Local\Temp\arduino\sketches\3B7DF326C40F4E2881484D719AB894F6\sketch\QTPy_Scope_pwm_awg.ino.cpp.o
                0x000020fc                updatedac()
 .text.TC3_Handler
                0x00002198        0xc C:\Users\merce\AppData\Local\Temp\arduino\sketches\3B7DF326C40F4E2881484D719AB894F6\sketch\QTPy_Scope_pwm_awg.ino.cpp.o
                0x00002198                TC3_Handler
 .text._Z8ADC_initv
                0x000021a4      0x104 C:\Users\merce\AppData\Local\Temp\arduino\sketches\3B7DF326C40F4E2881484D719AB894F6\sketch\QTPy_Scope_pwm_awg.ino.cpp.o
                0x000021a4                ADC_init()
 .text._Z15multiplePinModePKiih
                0x000022a8       0x50 C:\Users\merce\AppData\Local\Temp\arduino\sketches\3B7DF326C40F4E2881484D719AB894F6\sketch\QTPy_Scope_pwm_awg.ino.cpp.o
                0x000022a8                multiplePinMode(int const*, int, unsigned char)
 .text._Z9makewaveav
                0x000022f8      0x2b8 C:\Users\merce\AppData\Local\Temp\arduino\sketches\3B7DF326C40F4E2881484D719AB894F6\sketch\QTPy_Scope_pwm_awg.ino.cpp.o
                0x000022f8                makewavea()
 .text.loop     0x000025b0        0x4 C:\Users\merce\AppData\Local\Temp\arduino\sketches\3B7DF326C40F4E2881484D719AB894F6\sketch\QTPy_Scope_pwm_awg.ino.cpp.o
                0x000025b0                loop
 .text.startup._GLOBAL__sub_I_zerotimer
                0x000025b4       0x10 C:\Users\merce\AppData\Local\Temp\arduino\sketches\3B7DF326C40F4E2881484D719AB894F6\sketch\QTPy_Scope_pwm_awg.ino.cpp.o
 .text.setup    0x000025c4      0xee4 C:\Users\merce\AppData\Local\Temp\arduino\sketches\3B7DF326C40F4E2881484D719AB894F6\sketch\QTPy_Scope_pwm_awg.ino.cpp.o
                0x000025c4                setup
 .text._ZN18Adafruit_ZeroTimerC2Eh
                0x000034a8        0x4 C:\Users\merce\AppData\Local\Temp\arduino\sketches\3B7DF326C40F4E2881484D719AB894F6\libraries\Adafruit_ZeroTimer_Library\Adafruit_ZeroTimer.cpp.o
                0x000034a8                Adafruit_ZeroTimer::Adafruit_ZeroTimer(unsigned char)
                0x000034a8                Adafruit_ZeroTimer::Adafruit_ZeroTimer(unsigned char)
 .text._ZN18Adafruit_ZeroTimer7tc_initEv
                0x000034ac      0x234 C:\Users\merce\AppData\Local\Temp\arduino\sketches\3B7DF326C40F4E2881484D719AB894F6\libraries\Adafruit_ZeroTimer_Library\Adafruit_ZeroTimer.cpp.o
                0x000034ac                Adafruit_ZeroTimer::tc_init()
 .text._ZN18Adafruit_ZeroTimer9configureE18tc_clock_prescaler15tc_counter_size18tc_wave_generation18tc_count_direction
                0x000036e0       0x74 C:\Users\merce\AppData\Local\Temp\arduino\sketches\3B7DF326C40F4E2881484D719AB894F6\libraries\Adafruit_ZeroTimer_Library\Adafruit_ZeroTimer.cpp.o
                0x000036e0                Adafruit_ZeroTimer::configure(tc_clock_prescaler, tc_counter_size, tc_wave_generation, tc_count_direction)
 .text._ZN18Adafruit_ZeroTimer11setCallbackEb11tc_callbackPFvvE
                0x00003754      0x148 C:\Users\merce\AppData\Local\Temp\arduino\sketches\3B7DF326C40F4E2881484D719AB894F6\libraries\Adafruit_ZeroTimer_Library\Adafruit_ZeroTimer.cpp.o
                0x00003754                Adafruit_ZeroTimer::setCallback(bool, tc_callback, void (*)())
 .text._ZN18Adafruit_ZeroTimer10setCompareEhm
                0x0000389c       0x60 C:\Users\merce\AppData\Local\Temp\arduino\sketches\3B7DF326C40F4E2881484D719AB894F6\libraries\Adafruit_ZeroTimer_Library\Adafruit_ZeroTimer.cpp.o
                0x0000389c                Adafruit_ZeroTimer::setCompare(unsigned char, unsigned long)
 .text._ZN18Adafruit_ZeroTimer6enableEb
                0x000038fc       0x48 C:\Users\merce\AppData\Local\Temp\arduino\sketches\3B7DF326C40F4E2881484D719AB894F6\libraries\Adafruit_ZeroTimer_Library\Adafruit_ZeroTimer.cpp.o
                0x000038fc                Adafruit_ZeroTimer::enable(bool)
 .text._ZN18Adafruit_ZeroTimer12timerHandlerEh
                0x00003944      0x130 C:\Users\merce\AppData\Local\Temp\arduino\sketches\3B7DF326C40F4E2881484D719AB894F6\libraries\Adafruit_ZeroTimer_Library\Adafruit_ZeroTimer.cpp.o
                0x00003944                Adafruit_ZeroTimer::timerHandler(unsigned char)
 .text.SERCOM0_Handler
                0x00003a74       0x10 C:\Users\merce\AppData\Local\Temp\arduino\sketches\3B7DF326C40F4E2881484D719AB894F6\core\variant.cpp.o
                0x00003a74                SERCOM0_Handler
 .text._Z11initVariantv
                0x00003a84       0x14 C:\Users\merce\AppData\Local\Temp\arduino\sketches\3B7DF326C40F4E2881484D719AB894F6\core\variant.cpp.o
                0x00003a84                initVariant()
 .text.startup._GLOBAL__sub_I_g_APinDescription
                0x00003a98       0x64 C:\Users\merce\AppData\Local\Temp\arduino\sketches\3B7DF326C40F4E2881484D719AB894F6\core\variant.cpp.o
 .text._ZN5Print5writeEPKhj
                0x00003afc       0x28 C:\Users\merce\AppData\Local\Temp\arduino\sketches\3B7DF326C40F4E2881484D719AB894F6/..\..\cores\6e0b88a48e757625a8f608dfc7da22d1\core.a(Print.cpp.o)
                0x00003afc                Print::write(unsigned char const*, unsigned int)
 .text._ZN5Print5printEPKc
                0x00003b24       0x58 C:\Users\merce\AppData\Local\Temp\arduino\sketches\3B7DF326C40F4E2881484D719AB894F6/..\..\cores\6e0b88a48e757625a8f608dfc7da22d1\core.a(Print.cpp.o)
                0x00003b24                Print::print(char const*)
 .text._ZN5Print7printlnEPKc
                0x00003b7c       0xa0 C:\Users\merce\AppData\Local\Temp\arduino\sketches\3B7DF326C40F4E2881484D719AB894F6/..\..\cores\6e0b88a48e757625a8f608dfc7da22d1\core.a(Print.cpp.o)
                0x00003b7c                Print::println(char const*)
 .text._ZN5Print11printNumberEmh
                0x00003c1c       0x9c C:\Users\merce\AppData\Local\Temp\arduino\sketches\3B7DF326C40F4E2881484D719AB894F6/..\..\cores\6e0b88a48e757625a8f608dfc7da22d1\core.a(Print.cpp.o)
                0x00003c1c                Print::printNumber(unsigned long, unsigned char)
 .text._ZN5Print7printlnEmi
                0x00003cb8       0x64 C:\Users\merce\AppData\Local\Temp\arduino\sketches\3B7DF326C40F4E2881484D719AB894F6/..\..\cores\6e0b88a48e757625a8f608dfc7da22d1\core.a(Print.cpp.o)
                0x00003cb8                Print::println(unsigned long, int)
 .text._ZN6SERCOMC2EP6Sercom
                0x00003d1c        0x4 C:\Users\merce\AppData\Local\Temp\arduino\sketches\3B7DF326C40F4E2881484D719AB894F6/..\..\cores\6e0b88a48e757625a8f608dfc7da22d1\core.a(SERCOM.cpp.o)
                0x00003d1c                SERCOM::SERCOM(Sercom*)
                0x00003d1c                SERCOM::SERCOM(Sercom*)
 .text._ZN6SERCOM9initFrameE18SercomUartCharSize15SercomDataOrder16SercomParityMode19SercomNumberStopBit
                0x00003d20       0x40 C:\Users\merce\AppData\Local\Temp\arduino\sketches\3B7DF326C40F4E2881484D719AB894F6/..\..\cores\6e0b88a48e757625a8f608dfc7da22d1\core.a(SERCOM.cpp.o)
                0x00003d20                SERCOM::initFrame(SercomUartCharSize, SercomDataOrder, SercomParityMode, SercomNumberStopBit)
 .text._ZN6SERCOM8initPadsE15SercomUartTXPad11SercomRXPad
                0x00003d60       0x28 C:\Users\merce\AppData\Local\Temp\arduino\sketches\3B7DF326C40F4E2881484D719AB894F6/..\..\cores\6e0b88a48e757625a8f608dfc7da22d1\core.a(SERCOM.cpp.o)
                0x00003d60                SERCOM::initPads(SercomUartTXPad, SercomRXPad)
 .text._ZN6SERCOM9resetUARTEv
                0x00003d88       0x1c C:\Users\merce\AppData\Local\Temp\arduino\sketches\3B7DF326C40F4E2881484D719AB894F6/..\..\cores\6e0b88a48e757625a8f608dfc7da22d1\core.a(SERCOM.cpp.o)
                0x00003d88                SERCOM::resetUART()
 .text._ZN6SERCOM10enableUARTEv
                0x00003da4       0x14 C:\Users\merce\AppData\Local\Temp\arduino\sketches\3B7DF326C40F4E2881484D719AB894F6/..\..\cores\6e0b88a48e757625a8f608dfc7da22d1\core.a(SERCOM.cpp.o)
                0x00003da4                SERCOM::enableUART()
 .text._ZN6SERCOM9flushUARTEv
                0x00003db8       0x10 C:\Users\merce\AppData\Local\Temp\arduino\sketches\3B7DF326C40F4E2881484D719AB894F6/..\..\cores\6e0b88a48e757625a8f608dfc7da22d1\core.a(SERCOM.cpp.o)
                0x00003db8                SERCOM::flushUART()
 .text._ZN6SERCOM15clearStatusUARTEv
                0x00003dc8        0x8 C:\Users\merce\AppData\Local\Temp\arduino\sketches\3B7DF326C40F4E2881484D719AB894F6/..\..\cores\6e0b88a48e757625a8f608dfc7da22d1\core.a(SERCOM.cpp.o)
                0x00003dc8                SERCOM::clearStatusUART()
 .text._ZN6SERCOM17availableDataUARTEv
                0x00003dd0        0xc C:\Users\merce\AppData\Local\Temp\arduino\sketches\3B7DF326C40F4E2881484D719AB894F6/..\..\cores\6e0b88a48e757625a8f608dfc7da22d1\core.a(SERCOM.cpp.o)
                0x00003dd0                SERCOM::availableDataUART()
 .text._ZN6SERCOM11isUARTErrorEv
                0x00003ddc        0x8 C:\Users\merce\AppData\Local\Temp\arduino\sketches\3B7DF326C40F4E2881484D719AB894F6/..\..\cores\6e0b88a48e757625a8f608dfc7da22d1\core.a(SERCOM.cpp.o)
                0x00003ddc                SERCOM::isUARTError()
 .text._ZN6SERCOM20acknowledgeUARTErrorEv
                0x00003de4       0x10 C:\Users\merce\AppData\Local\Temp\arduino\sketches\3B7DF326C40F4E2881484D719AB894F6/..\..\cores\6e0b88a48e757625a8f608dfc7da22d1\core.a(SERCOM.cpp.o)
                0x00003de4                SERCOM::acknowledgeUARTError()
 .text._ZN6SERCOM16isFrameErrorUARTEv
                0x00003df4        0xc C:\Users\merce\AppData\Local\Temp\arduino\sketches\3B7DF326C40F4E2881484D719AB894F6/..\..\cores\6e0b88a48e757625a8f608dfc7da22d1\core.a(SERCOM.cpp.o)
                0x00003df4                SERCOM::isFrameErrorUART()
 .text._ZN6SERCOM19clearFrameErrorUARTEv
                0x00003e00        0xc C:\Users\merce\AppData\Local\Temp\arduino\sketches\3B7DF326C40F4E2881484D719AB894F6/..\..\cores\6e0b88a48e757625a8f608dfc7da22d1\core.a(SERCOM.cpp.o)
                0x00003e00                SERCOM::clearFrameErrorUART()
 .text._ZN6SERCOM23isDataRegisterEmptyUARTEv
                0x00003e0c        0xc C:\Users\merce\AppData\Local\Temp\arduino\sketches\3B7DF326C40F4E2881484D719AB894F6/..\..\cores\6e0b88a48e757625a8f608dfc7da22d1\core.a(SERCOM.cpp.o)
                0x00003e0c                SERCOM::isDataRegisterEmptyUART()
 .text._ZN6SERCOM12readDataUARTEv
                0x00003e18        0x8 C:\Users\merce\AppData\Local\Temp\arduino\sketches\3B7DF326C40F4E2881484D719AB894F6/..\..\cores\6e0b88a48e757625a8f608dfc7da22d1\core.a(SERCOM.cpp.o)
                0x00003e18                SERCOM::readDataUART()
 .text._ZN6SERCOM13writeDataUARTEh
                0x00003e20       0x10 C:\Users\merce\AppData\Local\Temp\arduino\sketches\3B7DF326C40F4E2881484D719AB894F6/..\..\cores\6e0b88a48e757625a8f608dfc7da22d1\core.a(SERCOM.cpp.o)
                0x00003e20                SERCOM::writeDataUART(unsigned char)
 .text._ZN6SERCOM36enableDataRegisterEmptyInterruptUARTEv
                0x00003e30        0x8 C:\Users\merce\AppData\Local\Temp\arduino\sketches\3B7DF326C40F4E2881484D719AB894F6/..\..\cores\6e0b88a48e757625a8f608dfc7da22d1\core.a(SERCOM.cpp.o)
                0x00003e30                SERCOM::enableDataRegisterEmptyInterruptUART()
 .text._ZN6SERCOM37disableDataRegisterEmptyInterruptUARTEv
                0x00003e38        0x8 C:\Users\merce\AppData\Local\Temp\arduino\sketches\3B7DF326C40F4E2881484D719AB894F6/..\..\cores\6e0b88a48e757625a8f608dfc7da22d1\core.a(SERCOM.cpp.o)
                0x00003e38                SERCOM::disableDataRegisterEmptyInterruptUART()
 .text._ZN6SERCOM13initClockNVICEv
                0x00003e40       0xbc C:\Users\merce\AppData\Local\Temp\arduino\sketches\3B7DF326C40F4E2881484D719AB894F6/..\..\cores\6e0b88a48e757625a8f608dfc7da22d1\core.a(SERCOM.cpp.o)
                0x00003e40                SERCOM::initClockNVIC()
 .text._ZN6SERCOM8initUARTE14SercomUartMode20SercomUartSampleRatem
                0x00003efc       0x94 C:\Users\merce\AppData\Local\Temp\arduino\sketches\3B7DF326C40F4E2881484D719AB894F6/..\..\cores\6e0b88a48e757625a8f608dfc7da22d1\core.a(SERCOM.cpp.o)
                0x00003efc                SERCOM::initUART(SercomUartMode, SercomUartSampleRate, unsigned long)
 .text._ZN6Stream13peekNextDigitE13LookaheadModeb
                0x00003f90       0x7c C:\Users\merce\AppData\Local\Temp\arduino\sketches\3B7DF326C40F4E2881484D719AB894F6/..\..\cores\6e0b88a48e757625a8f608dfc7da22d1\core.a(Stream.cpp.o)
                0x00003f90                Stream::peekNextDigit(LookaheadMode, bool)
 .text._ZN6Stream8parseIntE13LookaheadModec
                0x0000400c       0x78 C:\Users\merce\AppData\Local\Temp\arduino\sketches\3B7DF326C40F4E2881484D719AB894F6/..\..\cores\6e0b88a48e757625a8f608dfc7da22d1\core.a(Stream.cpp.o)
                0x0000400c                Stream::parseInt(LookaheadMode, char)
 .text._ZN7Serial_17availableForWriteEv
                0x00004084        0x4 C:\Users\merce\AppData\Local\Temp\arduino\sketches\3B7DF326C40F4E2881484D719AB894F6/..\..\cores\6e0b88a48e757625a8f608dfc7da22d1\core.a(CDC.cpp.o)
                0x00004084                Serial_::availableForWrite()
 .text._ZN7Serial_9availableEv
                0x00004088        0xc C:\Users\merce\AppData\Local\Temp\arduino\sketches\3B7DF326C40F4E2881484D719AB894F6/..\..\cores\6e0b88a48e757625a8f608dfc7da22d1\core.a(CDC.cpp.o)
                0x00004088                Serial_::available()
 .text._ZN7Serial_5flushEv
                0x00004094        0xc C:\Users\merce\AppData\Local\Temp\arduino\sketches\3B7DF326C40F4E2881484D719AB894F6/..\..\cores\6e0b88a48e757625a8f608dfc7da22d1\core.a(CDC.cpp.o)
                0x00004094                Serial_::flush()
 .text._ZN7Serial_5writeEPKhj
                0x000040a0       0x2c C:\Users\merce\AppData\Local\Temp\arduino\sketches\3B7DF326C40F4E2881484D719AB894F6/..\..\cores\6e0b88a48e757625a8f608dfc7da22d1\core.a(CDC.cpp.o)
                0x000040a0                Serial_::write(unsigned char const*, unsigned int)
 .text._ZN7Serial_4readEv
                0x000040cc       0x24 C:\Users\merce\AppData\Local\Temp\arduino\sketches\3B7DF326C40F4E2881484D719AB894F6/..\..\cores\6e0b88a48e757625a8f608dfc7da22d1\core.a(CDC.cpp.o)
                0x000040cc                Serial_::read()
 .text._ZN7Serial_4peekEv
                0x000040f0       0x34 C:\Users\merce\AppData\Local\Temp\arduino\sketches\3B7DF326C40F4E2881484D719AB894F6/..\..\cores\6e0b88a48e757625a8f608dfc7da22d1\core.a(CDC.cpp.o)
                0x000040f0                Serial_::peek()
 .text._ZN7Serial_5writeEh
                0x00004124       0x4c C:\Users\merce\AppData\Local\Temp\arduino\sketches\3B7DF326C40F4E2881484D719AB894F6/..\..\cores\6e0b88a48e757625a8f608dfc7da22d1\core.a(CDC.cpp.o)
                0x00004124                Serial_::write(unsigned char)
 .text._Z16CDC_GetInterfacePh
                0x00004170       0x1c C:\Users\merce\AppData\Local\Temp\arduino\sketches\3B7DF326C40F4E2881484D719AB894F6/..\..\cores\6e0b88a48e757625a8f608dfc7da22d1\core.a(CDC.cpp.o)
                0x00004170                CDC_GetInterface(unsigned char*)
 .text._Z9CDC_SetupR8USBSetup
                0x0000418c       0x7c C:\Users\merce\AppData\Local\Temp\arduino\sketches\3B7DF326C40F4E2881484D719AB894F6/..\..\cores\6e0b88a48e757625a8f608dfc7da22d1\core.a(CDC.cpp.o)
                0x0000418c                CDC_Setup(USBSetup&)
 .text._ZN7Serial_5beginEm
                0x00004208        0x4 C:\Users\merce\AppData\Local\Temp\arduino\sketches\3B7DF326C40F4E2881484D719AB894F6/..\..\cores\6e0b88a48e757625a8f608dfc7da22d1\core.a(CDC.cpp.o)
                0x00004208                Serial_::begin(unsigned long)
 .text.startup._GLOBAL__sub_I__Z17_CDC_GetInterfacev
                0x0000420c       0x28 C:\Users\merce\AppData\Local\Temp\arduino\sketches\3B7DF326C40F4E2881484D719AB894F6/..\..\cores\6e0b88a48e757625a8f608dfc7da22d1\core.a(CDC.cpp.o)
 .text._ZN26DoubleBufferedEPOutHandler4initEv
                0x00004234        0x4 C:\Users\merce\AppData\Local\Temp\arduino\sketches\3B7DF326C40F4E2881484D719AB894F6/..\..\cores\6e0b88a48e757625a8f608dfc7da22d1\core.a(USBCore.cpp.o)
                0x00004234                DoubleBufferedEPOutHandler::init()
 .text._ZN26DoubleBufferedEPOutHandler4recvEPvm
                0x00004238      0x154 C:\Users\merce\AppData\Local\Temp\arduino\sketches\3B7DF326C40F4E2881484D719AB894F6/..\..\cores\6e0b88a48e757625a8f608dfc7da22d1\core.a(USBCore.cpp.o)
                0x00004238                DoubleBufferedEPOutHandler::recv(void*, unsigned long)
 .text._ZN26DoubleBufferedEPOutHandlerD2Ev
                0x0000438c       0x14 C:\Users\merce\AppData\Local\Temp\arduino\sketches\3B7DF326C40F4E2881484D719AB894F6/..\..\cores\6e0b88a48e757625a8f608dfc7da22d1\core.a(USBCore.cpp.o)
                0x0000438c                DoubleBufferedEPOutHandler::~DoubleBufferedEPOutHandler()
                0x0000438c                DoubleBufferedEPOutHandler::~DoubleBufferedEPOutHandler()
 .text._ZN26DoubleBufferedEPOutHandlerD0Ev
                0x000043a0       0x1c C:\Users\merce\AppData\Local\Temp\arduino\sketches\3B7DF326C40F4E2881484D719AB894F6/..\..\cores\6e0b88a48e757625a8f608dfc7da22d1\core.a(USBCore.cpp.o)
                0x000043a0                DoubleBufferedEPOutHandler::~DoubleBufferedEPOutHandler()
 .text._ZNK26DoubleBufferedEPOutHandler9availableEv
                0x000043bc       0x50 C:\Users\merce\AppData\Local\Temp\arduino\sketches\3B7DF326C40F4E2881484D719AB894F6/..\..\cores\6e0b88a48e757625a8f608dfc7da22d1\core.a(USBCore.cpp.o)
                0x000043bc                DoubleBufferedEPOutHandler::available() const
 .text._ZN26DoubleBufferedEPOutHandler14handleEndpointEv
                0x0000440c       0xe4 C:\Users\merce\AppData\Local\Temp\arduino\sketches\3B7DF326C40F4E2881484D719AB894F6/..\..\cores\6e0b88a48e757625a8f608dfc7da22d1\core.a(USBCore.cpp.o)
                0x0000440c                DoubleBufferedEPOutHandler::handleEndpoint()
 .text._ZN14USBDeviceClass20sendStringDescriptorEPKhh
                0x000044f0      0x118 C:\Users\merce\AppData\Local\Temp\arduino\sketches\3B7DF326C40F4E2881484D719AB894F6/..\..\cores\6e0b88a48e757625a8f608dfc7da22d1\core.a(USBCore.cpp.o)
                0x000044f0                USBDeviceClass::sendStringDescriptor(unsigned char const*, unsigned char)
 .text._ZN14USBDeviceClass17sendConfigurationEm
                0x00004608      0x158 C:\Users\merce\AppData\Local\Temp\arduino\sketches\3B7DF326C40F4E2881484D719AB894F6/..\..\cores\6e0b88a48e757625a8f608dfc7da22d1\core.a(USBCore.cpp.o)
                0x00004608                USBDeviceClass::sendConfiguration(unsigned long)
 .text._ZN14USBDeviceClass14sendDescriptorER8USBSetup
                0x00004760      0x3cc C:\Users\merce\AppData\Local\Temp\arduino\sketches\3B7DF326C40F4E2881484D719AB894F6/..\..\cores\6e0b88a48e757625a8f608dfc7da22d1\core.a(USBCore.cpp.o)
                0x00004760                USBDeviceClass::sendDescriptor(USBSetup&)
 .text._ZN14USBDeviceClass4initEv
                0x00004b2c       0xb8 C:\Users\merce\AppData\Local\Temp\arduino\sketches\3B7DF326C40F4E2881484D719AB894F6/..\..\cores\6e0b88a48e757625a8f608dfc7da22d1\core.a(USBCore.cpp.o)
                0x00004b2c                USBDeviceClass::init()
 .text._ZN14USBDeviceClass6attachEv
                0x00004be4       0x34 C:\Users\merce\AppData\Local\Temp\arduino\sketches\3B7DF326C40F4E2881484D719AB894F6/..\..\cores\6e0b88a48e757625a8f608dfc7da22d1\core.a(USBCore.cpp.o)
                0x00004be4                USBDeviceClass::attach()
 .text._ZN14USBDeviceClass5flushEm
                0x00004c18       0xa8 C:\Users\merce\AppData\Local\Temp\arduino\sketches\3B7DF326C40F4E2881484D719AB894F6/..\..\cores\6e0b88a48e757625a8f608dfc7da22d1\core.a(USBCore.cpp.o)
                0x00004c18                USBDeviceClass::flush(unsigned long)
 .text._ZN14USBDeviceClass11recvControlEPvm
                0x00004cc0       0xc4 C:\Users\merce\AppData\Local\Temp\arduino\sketches\3B7DF326C40F4E2881484D719AB894F6/..\..\cores\6e0b88a48e757625a8f608dfc7da22d1\core.a(USBCore.cpp.o)
                0x00004cc0                USBDeviceClass::recvControl(void*, unsigned long)
 .text._ZN14USBDeviceClass9availableEm
                0x00004d84       0x88 C:\Users\merce\AppData\Local\Temp\arduino\sketches\3B7DF326C40F4E2881484D719AB894F6/..\..\cores\6e0b88a48e757625a8f608dfc7da22d1\core.a(USBCore.cpp.o)
                0x00004d84                USBDeviceClass::available(unsigned long)
 .text._ZN14USBDeviceClass4recvEm
                0x00004e0c      0x220 C:\Users\merce\AppData\Local\Temp\arduino\sketches\3B7DF326C40F4E2881484D719AB894F6/..\..\cores\6e0b88a48e757625a8f608dfc7da22d1\core.a(USBCore.cpp.o)
                0x00004e0c                USBDeviceClass::recv(unsigned long)
 .text._ZN14USBDeviceClass4sendEmPKvm
                0x0000502c      0x120 C:\Users\merce\AppData\Local\Temp\arduino\sketches\3B7DF326C40F4E2881484D719AB894F6/..\..\cores\6e0b88a48e757625a8f608dfc7da22d1\core.a(USBCore.cpp.o)
                0x0000502c                USBDeviceClass::send(unsigned long, void const*, unsigned long)
 .text._ZN14USBDeviceClass11sendControlEPKvm
                0x0000514c       0x70 C:\Users\merce\AppData\Local\Temp\arduino\sketches\3B7DF326C40F4E2881484D719AB894F6/..\..\cores\6e0b88a48e757625a8f608dfc7da22d1\core.a(USBCore.cpp.o)
                0x0000514c                USBDeviceClass::sendControl(void const*, unsigned long)
 .text._ZN14USBDeviceClass19handleStandardSetupER8USBSetup
                0x000051bc      0x394 C:\Users\merce\AppData\Local\Temp\arduino\sketches\3B7DF326C40F4E2881484D719AB894F6/..\..\cores\6e0b88a48e757625a8f608dfc7da22d1\core.a(USBCore.cpp.o)
                0x000051bc                USBDeviceClass::handleStandardSetup(USBSetup&)
 .text._ZN14USBDeviceClass10ISRHandlerEv.part.0
                0x00005550      0x318 C:\Users\merce\AppData\Local\Temp\arduino\sketches\3B7DF326C40F4E2881484D719AB894F6/..\..\cores\6e0b88a48e757625a8f608dfc7da22d1\core.a(USBCore.cpp.o)
 .text.UDD_Handler
                0x00005868       0x1c C:\Users\merce\AppData\Local\Temp\arduino\sketches\3B7DF326C40F4E2881484D719AB894F6/..\..\cores\6e0b88a48e757625a8f608dfc7da22d1\core.a(USBCore.cpp.o)
                0x00005868                UDD_Handler
 .text.startup._GLOBAL__sub_I_usbd
                0x00005884       0x10 C:\Users\merce\AppData\Local\Temp\arduino\sketches\3B7DF326C40F4E2881484D719AB894F6/..\..\cores\6e0b88a48e757625a8f608dfc7da22d1\core.a(USBCore.cpp.o)
 .text._ZN4UartcvbEv
                0x00005894        0x4 C:\Users\merce\AppData\Local\Temp\arduino\sketches\3B7DF326C40F4E2881484D719AB894F6/..\..\cores\6e0b88a48e757625a8f608dfc7da22d1\core.a(Uart.cpp.o)
                0x00005894                Uart::operator bool()
 .text._ZN4Uart9availableEv
                0x00005898       0x18 C:\Users\merce\AppData\Local\Temp\arduino\sketches\3B7DF326C40F4E2881484D719AB894F6/..\..\cores\6e0b88a48e757625a8f608dfc7da22d1\core.a(Uart.cpp.o)
                0x00005898                Uart::available()
 .text._ZN4Uart4peekEv
                0x000058b0       0x20 C:\Users\merce\AppData\Local\Temp\arduino\sketches\3B7DF326C40F4E2881484D719AB894F6/..\..\cores\6e0b88a48e757625a8f608dfc7da22d1\core.a(Uart.cpp.o)
                0x000058b0                Uart::peek()
 .text._ZN4Uart5beginEmt
                0x000058d0      0x138 C:\Users\merce\AppData\Local\Temp\arduino\sketches\3B7DF326C40F4E2881484D719AB894F6/..\..\cores\6e0b88a48e757625a8f608dfc7da22d1\core.a(Uart.cpp.o)
                0x000058d0                Uart::begin(unsigned long, unsigned short)
 .text._ZN4Uart3endEv
                0x00005a08       0x2c C:\Users\merce\AppData\Local\Temp\arduino\sketches\3B7DF326C40F4E2881484D719AB894F6/..\..\cores\6e0b88a48e757625a8f608dfc7da22d1\core.a(Uart.cpp.o)
                0x00005a08                Uart::end()
 .text._ZN4Uart5flushEv
                0x00005a34       0x24 C:\Users\merce\AppData\Local\Temp\arduino\sketches\3B7DF326C40F4E2881484D719AB894F6/..\..\cores\6e0b88a48e757625a8f608dfc7da22d1\core.a(Uart.cpp.o)
                0x00005a34                Uart::flush()
 .text._ZN4Uart17availableForWriteEv
                0x00005a58       0x2c C:\Users\merce\AppData\Local\Temp\arduino\sketches\3B7DF326C40F4E2881484D719AB894F6/..\..\cores\6e0b88a48e757625a8f608dfc7da22d1\core.a(Uart.cpp.o)
                0x00005a58                Uart::availableForWrite()
 .text._ZN4Uart4readEv
                0x00005a84       0x74 C:\Users\merce\AppData\Local\Temp\arduino\sketches\3B7DF326C40F4E2881484D719AB894F6/..\..\cores\6e0b88a48e757625a8f608dfc7da22d1\core.a(Uart.cpp.o)
                0x00005a84                Uart::read()
 .text._ZN4Uart5beginEm
                0x00005af8      0x100 C:\Users\merce\AppData\Local\Temp\arduino\sketches\3B7DF326C40F4E2881484D719AB894F6/..\..\cores\6e0b88a48e757625a8f608dfc7da22d1\core.a(Uart.cpp.o)
                0x00005af8                Uart::begin(unsigned long)
 .text._ZN4UartC2EP6SERCOMhh11SercomRXPad15SercomUartTXPad
                0x00005bf8       0xa0 C:\Users\merce\AppData\Local\Temp\arduino\sketches\3B7DF326C40F4E2881484D719AB894F6/..\..\cores\6e0b88a48e757625a8f608dfc7da22d1\core.a(Uart.cpp.o)
                0x00005bf8                Uart::Uart(SERCOM*, unsigned char, unsigned char, SercomRXPad, SercomUartTXPad)
                0x00005bf8                Uart::Uart(SERCOM*, unsigned char, unsigned char, SercomRXPad, SercomUartTXPad)
 .text._ZN4Uart10IrqHandlerEv
                0x00005c98      0x10c C:\Users\merce\AppData\Local\Temp\arduino\sketches\3B7DF326C40F4E2881484D719AB894F6/..\..\cores\6e0b88a48e757625a8f608dfc7da22d1\core.a(Uart.cpp.o)
                0x00005c98                Uart::IrqHandler()
 .text._ZN4Uart5writeEh
                0x00005da4      0x104 C:\Users\merce\AppData\Local\Temp\arduino\sketches\3B7DF326C40F4E2881484D719AB894F6/..\..\cores\6e0b88a48e757625a8f608dfc7da22d1\core.a(Uart.cpp.o)
                0x00005da4                Uart::write(unsigned char)
 .text.Dummy_Handler
                0x00005ea8        0x4 C:\Users\merce\AppData\Local\Temp\arduino\sketches\3B7DF326C40F4E2881484D719AB894F6/..\..\cores\6e0b88a48e757625a8f608dfc7da22d1\core.a(cortex_handlers.c.o)
                0x00005ea8                DMAC_Handler
                0x00005ea8                HardFault_Handler
                0x00005ea8                AC_Handler
                0x00005ea8                PendSV_Handler
                0x00005ea8                NMI_Handler
                0x00005ea8                TC7_Handler
                0x00005ea8                SERCOM1_Handler
                0x00005ea8                ADC_Handler
                0x00005ea8                TCC1_Handler
                0x00005ea8                SERCOM2_Handler
                0x00005ea8                TCC0_Handler
                0x00005ea8                RTC_Handler
                0x00005ea8                EIC_Handler
                0x00005ea8                TC6_Handler
                0x00005ea8                WDT_Handler
                0x00005ea8                TC4_Handler
                0x00005ea8                Dummy_Handler
                0x00005ea8                PM_Handler
                0x00005ea8                SERCOM5_Handler
                0x00005ea8                SVC_Handler
                0x00005ea8                TCC2_Handler
                0x00005ea8                EVSYS_Handler
                0x00005ea8                SERCOM3_Handler
                0x00005ea8                SERCOM4_Handler
                0x00005ea8                I2S_Handler
                0x00005ea8                NVMCTRL_Handler
                0x00005ea8                DAC_Handler
                0x00005ea8                PTC_Handler
                0x00005ea8                SYSCTRL_Handler
 .text.USB_Handler
                0x00005eac       0x14 C:\Users\merce\AppData\Local\Temp\arduino\sketches\3B7DF326C40F4E2881484D719AB894F6/..\..\cores\6e0b88a48e757625a8f608dfc7da22d1\core.a(cortex_handlers.c.o)
                0x00005eac                USB_Handler
 .text.Reset_Handler
                0x00005ec0       0x7c C:\Users\merce\AppData\Local\Temp\arduino\sketches\3B7DF326C40F4E2881484D719AB894F6/..\..\cores\6e0b88a48e757625a8f608dfc7da22d1\core.a(cortex_handlers.c.o)
                0x00005ec0                Reset_Handler
 .text.SysTick_Handler
                0x00005f3c       0x10 C:\Users\merce\AppData\Local\Temp\arduino\sketches\3B7DF326C40F4E2881484D719AB894F6/..\..\cores\6e0b88a48e757625a8f608dfc7da22d1\core.a(cortex_handlers.c.o)
                0x00005f3c                SysTick_Handler
 .text.USB_SetHandler
                0x00005f4c        0xc C:\Users\merce\AppData\Local\Temp\arduino\sketches\3B7DF326C40F4E2881484D719AB894F6/..\..\cores\6e0b88a48e757625a8f608dfc7da22d1\core.a(cortex_handlers.c.o)
                0x00005f4c                USB_SetHandler
 .text.millis   0x00005f58        0xc C:\Users\merce\AppData\Local\Temp\arduino\sketches\3B7DF326C40F4E2881484D719AB894F6/..\..\cores\6e0b88a48e757625a8f608dfc7da22d1\core.a(delay.c.o)
                0x00005f58                millis
 .text.micros   0x00005f64       0x70 C:\Users\merce\AppData\Local\Temp\arduino\sketches\3B7DF326C40F4E2881484D719AB894F6/..\..\cores\6e0b88a48e757625a8f608dfc7da22d1\core.a(delay.c.o)
                0x00005f64                micros
 .text.delay    0x00005fd4      0x118 C:\Users\merce\AppData\Local\Temp\arduino\sketches\3B7DF326C40F4E2881484D719AB894F6/..\..\cores\6e0b88a48e757625a8f608dfc7da22d1\core.a(delay.c.o)
                0x00005fd4                delay
 .text.SysTick_DefaultHandler
                0x000060ec       0x14 C:\Users\merce\AppData\Local\Temp\arduino\sketches\3B7DF326C40F4E2881484D719AB894F6/..\..\cores\6e0b88a48e757625a8f608dfc7da22d1\core.a(delay.c.o)
                0x000060ec                SysTick_DefaultHandler
 .text.__empty  0x00006100        0x4 C:\Users\merce\AppData\Local\Temp\arduino\sketches\3B7DF326C40F4E2881484D719AB894F6/..\..\cores\6e0b88a48e757625a8f608dfc7da22d1\core.a(hooks.c.o)
                0x00006100                yield
 .text.__false  0x00006104        0x4 C:\Users\merce\AppData\Local\Temp\arduino\sketches\3B7DF326C40F4E2881484D719AB894F6/..\..\cores\6e0b88a48e757625a8f608dfc7da22d1\core.a(hooks.c.o)
                0x00006104                sysTickHook
 .text.startup.main
                0x00006108       0x58 C:\Users\merce\AppData\Local\Temp\arduino\sketches\3B7DF326C40F4E2881484D719AB894F6/..\..\cores\6e0b88a48e757625a8f608dfc7da22d1\core.a(main.cpp.o)
                0x00006108                main
 .text._Znwj    0x00006160        0x8 C:\Users\merce\AppData\Local\Temp\arduino\sketches\3B7DF326C40F4E2881484D719AB894F6/..\..\cores\6e0b88a48e757625a8f608dfc7da22d1\core.a(new.cpp.o)
                0x00006160                operator new(unsigned int)
 .text._ZdlPv   0x00006168        0x8 C:\Users\merce\AppData\Local\Temp\arduino\sketches\3B7DF326C40F4E2881484D719AB894F6/..\..\cores\6e0b88a48e757625a8f608dfc7da22d1\core.a(new.cpp.o)
                0x00006168                operator delete(void*)
 .text.SystemInit
                0x00006170      0x1b4 C:\Users\merce\AppData\Local\Temp\arduino\sketches\3B7DF326C40F4E2881484D719AB894F6/..\..\cores\6e0b88a48e757625a8f608dfc7da22d1\core.a(startup.c.o)
                0x00006170                SystemInit
 .text.init     0x00006324       0xe0 C:\Users\merce\AppData\Local\Temp\arduino\sketches\3B7DF326C40F4E2881484D719AB894F6/..\..\cores\6e0b88a48e757625a8f608dfc7da22d1\core.a(wiring.c.o)
                0x00006324                init
 .text.analogWriteResolution
                0x00006404        0xc C:\Users\merce\AppData\Local\Temp\arduino\sketches\3B7DF326C40F4E2881484D719AB894F6/..\..\cores\6e0b88a48e757625a8f608dfc7da22d1\core.a(wiring_analog.c.o)
                0x00006404                analogWriteResolution
 .text.analogReference
                0x00006410       0x84 C:\Users\merce\AppData\Local\Temp\arduino\sketches\3B7DF326C40F4E2881484D719AB894F6/..\..\cores\6e0b88a48e757625a8f608dfc7da22d1\core.a(wiring_analog.c.o)
                0x00006410                analogReference
 .text.analogWrite
                0x00006494      0x218 C:\Users\merce\AppData\Local\Temp\arduino\sketches\3B7DF326C40F4E2881484D719AB894F6/..\..\cores\6e0b88a48e757625a8f608dfc7da22d1\core.a(wiring_analog.c.o)
                0x00006494                analogWrite
 .text.pinMode  0x000066ac       0x88 C:\Users\merce\AppData\Local\Temp\arduino\sketches\3B7DF326C40F4E2881484D719AB894F6/..\..\cores\6e0b88a48e757625a8f608dfc7da22d1\core.a(wiring_digital.c.o)
                0x000066ac                pinMode
 .text.digitalWrite
                0x00006734       0x5c C:\Users\merce\AppData\Local\Temp\arduino\sketches\3B7DF326C40F4E2881484D719AB894F6/..\..\cores\6e0b88a48e757625a8f608dfc7da22d1\core.a(wiring_digital.c.o)
                0x00006734                digitalWrite
 .text.digitalRead
                0x00006790       0x38 C:\Users\merce\AppData\Local\Temp\arduino\sketches\3B7DF326C40F4E2881484D719AB894F6/..\..\cores\6e0b88a48e757625a8f608dfc7da22d1\core.a(wiring_digital.c.o)
                0x00006790                digitalRead
 .text.pinPeripheral
                0x000067c8       0xc4 C:\Users\merce\AppData\Local\Temp\arduino\sketches\3B7DF326C40F4E2881484D719AB894F6/..\..\cores\6e0b88a48e757625a8f608dfc7da22d1\core.a(wiring_private.c.o)
                0x000067c8                pinPeripheral
 .text.initiateReset
                0x0000688c        0xc C:\Users\merce\AppData\Local\Temp\arduino\sketches\3B7DF326C40F4E2881484D719AB894F6/..\..\cores\6e0b88a48e757625a8f608dfc7da22d1\core.a(Reset.cpp.o)
                0x0000688c                initiateReset
 .text.cancelReset
                0x00006898       0x10 C:\Users\merce\AppData\Local\Temp\arduino\sketches\3B7DF326C40F4E2881484D719AB894F6/..\..\cores\6e0b88a48e757625a8f608dfc7da22d1\core.a(Reset.cpp.o)
                0x00006898                cancelReset
 .text.tickReset
                0x000068a8       0x74 C:\Users\merce\AppData\Local\Temp\arduino\sketches\3B7DF326C40F4E2881484D719AB894F6/..\..\cores\6e0b88a48e757625a8f608dfc7da22d1\core.a(Reset.cpp.o)
                0x000068a8                tickReset
 .text._ZN13PluggableUSB_12getInterfaceEPh
                0x0000691c       0x2c C:\Users\merce\AppData\Local\Temp\arduino\sketches\3B7DF326C40F4E2881484D719AB894F6/..\..\cores\6e0b88a48e757625a8f608dfc7da22d1\core.a(PluggableUSB.cpp.o)
                0x0000691c                PluggableUSB_::getInterface(unsigned char*)
 .text._ZN13PluggableUSB_13getDescriptorER8USBSetup
                0x00006948       0x28 C:\Users\merce\AppData\Local\Temp\arduino\sketches\3B7DF326C40F4E2881484D719AB894F6/..\..\cores\6e0b88a48e757625a8f608dfc7da22d1\core.a(PluggableUSB.cpp.o)
                0x00006948                PluggableUSB_::getDescriptor(USBSetup&)
 .text._ZN13PluggableUSB_5setupER8USBSetup
                0x00006970       0x28 C:\Users\merce\AppData\Local\Temp\arduino\sketches\3B7DF326C40F4E2881484D719AB894F6/..\..\cores\6e0b88a48e757625a8f608dfc7da22d1\core.a(PluggableUSB.cpp.o)
                0x00006970                PluggableUSB_::setup(USBSetup&)
 .text._Z12PluggableUSBv
                0x00006998       0x28 C:\Users\merce\AppData\Local\Temp\arduino\sketches\3B7DF326C40F4E2881484D719AB894F6/..\..\cores\6e0b88a48e757625a8f608dfc7da22d1\core.a(PluggableUSB.cpp.o)
                0x00006998                PluggableUSB()
 .text._ZN20USBDevice_SAMD21G18x5resetEv
                0x000069c0       0x2c C:\Users\merce\AppData\Local\Temp\arduino\sketches\3B7DF326C40F4E2881484D719AB894F6/..\..\cores\6e0b88a48e757625a8f608dfc7da22d1\core.a(SAMD21_USBDevice.cpp.o)
                0x000069c0                USBDevice_SAMD21G18x::reset()
 .text._ZN20USBDevice_SAMD21G18x9calibrateEv
                0x000069ec       0x68 C:\Users\merce\AppData\Local\Temp\arduino\sketches\3B7DF326C40F4E2881484D719AB894F6/..\..\cores\6e0b88a48e757625a8f608dfc7da22d1\core.a(SAMD21_USBDevice.cpp.o)
                0x000069ec                USBDevice_SAMD21G18x::calibrate()
 .text.sin      0x00006a54       0xa4 c:/users/merce/appdata/local/arduino15/packages/adafruit/tools/arm-none-eabi-gcc/9-2019q4/bin/../lib/gcc/arm-none-eabi/9.2.1/../../../../arm-none-eabi/lib/thumb/v6-m/nofp\libm.a(lib_a-s_sin.o)
                0x00006a54                sin
 .text.__ieee754_rem_pio2
                0x00006af8      0x400 c:/users/merce/appdata/local/arduino15/packages/adafruit/tools/arm-none-eabi-gcc/9-2019q4/bin/../lib/gcc/arm-none-eabi/9.2.1/../../../../arm-none-eabi/lib/thumb/v6-m/nofp\libm.a(lib_a-e_rem_pio2.o)
                0x00006af8                __ieee754_rem_pio2
 .text.__kernel_cos
                0x00006ef8      0x230 c:/users/merce/appdata/local/arduino15/packages/adafruit/tools/arm-none-eabi-gcc/9-2019q4/bin/../lib/gcc/arm-none-eabi/9.2.1/../../../../arm-none-eabi/lib/thumb/v6-m/nofp\libm.a(lib_a-k_cos.o)
                0x00006ef8                __kernel_cos
 .text.__kernel_rem_pio2
                0x00007128      0x8c4 c:/users/merce/appdata/local/arduino15/packages/adafruit/tools/arm-none-eabi-gcc/9-2019q4/bin/../lib/gcc/arm-none-eabi/9.2.1/../../../../arm-none-eabi/lib/thumb/v6-m/nofp\libm.a(lib_a-k_rem_pio2.o)
                0x00007128                __kernel_rem_pio2
 .text.__kernel_sin
                0x000079ec      0x170 c:/users/merce/appdata/local/arduino15/packages/adafruit/tools/arm-none-eabi-gcc/9-2019q4/bin/../lib/gcc/arm-none-eabi/9.2.1/../../../../arm-none-eabi/lib/thumb/v6-m/nofp\libm.a(lib_a-k_sin.o)
                0x000079ec                __kernel_sin
 .text.fabs     0x00007b5c        0x8 c:/users/merce/appdata/local/arduino15/packages/adafruit/tools/arm-none-eabi-gcc/9-2019q4/bin/../lib/gcc/arm-none-eabi/9.2.1/../../../../arm-none-eabi/lib/thumb/v6-m/nofp\libm.a(lib_a-s_fabs.o)
                0x00007b5c                fabs
 .text.floor    0x00007b64      0x128 c:/users/merce/appdata/local/arduino15/packages/adafruit/tools/arm-none-eabi-gcc/9-2019q4/bin/../lib/gcc/arm-none-eabi/9.2.1/../../../../arm-none-eabi/lib/thumb/v6-m/nofp\libm.a(lib_a-s_floor.o)
                0x00007b64                floor
 .text.scalbn   0x00007c8c       0xf8 c:/users/merce/appdata/local/arduino15/packages/adafruit/tools/arm-none-eabi-gcc/9-2019q4/bin/../lib/gcc/arm-none-eabi/9.2.1/../../../../arm-none-eabi/lib/thumb/v6-m/nofp\libm.a(lib_a-s_scalbn.o)
                0x00007c8c                scalbn
 .text          0x00007d84      0x114 c:/users/merce/appdata/local/arduino15/packages/adafruit/tools/arm-none-eabi-gcc/9-2019q4/bin/../lib/gcc/arm-none-eabi/9.2.1/thumb/v6-m/nofp\libgcc.a(_udivsi3.o)
                0x00007d84                __aeabi_uidiv
                0x00007d84                __udivsi3
                0x00007e90                __aeabi_uidivmod
 .text          0x00007e98      0x1d4 c:/users/merce/appdata/local/arduino15/packages/adafruit/tools/arm-none-eabi-gcc/9-2019q4/bin/../lib/gcc/arm-none-eabi/9.2.1/thumb/v6-m/nofp\libgcc.a(_divsi3.o)
                0x00007e98                __divsi3
                0x00007e98                __aeabi_idiv
                0x00008064                __aeabi_idivmod
 .text          0x0000806c        0x4 c:/users/merce/appdata/local/arduino15/packages/adafruit/tools/arm-none-eabi-gcc/9-2019q4/bin/../lib/gcc/arm-none-eabi/9.2.1/thumb/v6-m/nofp\libgcc.a(_dvmd_tls.o)
                0x0000806c                __aeabi_idiv0
                0x0000806c                __aeabi_ldiv0
 .text          0x00008070       0x7c c:/users/merce/appdata/local/arduino15/packages/adafruit/tools/arm-none-eabi-gcc/9-2019q4/bin/../lib/gcc/arm-none-eabi/9.2.1/thumb/v6-m/nofp\libgcc.a(_arm_cmpdf2.o)
                0x00008070                __aeabi_cdrcmple
                0x00008080                __aeabi_cdcmple
                0x00008080                __aeabi_cdcmpeq
                0x00008090                __aeabi_dcmpeq
                0x0000809c                __aeabi_dcmplt
                0x000080b0                __aeabi_dcmple
                0x000080c4                __aeabi_dcmpgt
                0x000080d8                __aeabi_dcmpge
 .text          0x000080ec       0x74 c:/users/merce/appdata/local/arduino15/packages/adafruit/tools/arm-none-eabi-gcc/9-2019q4/bin/../lib/gcc/arm-none-eabi/9.2.1/thumb/v6-m/nofp\libgcc.a(_arm_cmpsf2.o)
                0x000080ec                __aeabi_cfrcmple
                0x000080f4                __aeabi_cfcmpeq
                0x000080f4                __aeabi_cfcmple
                0x00008104                __aeabi_fcmpeq
                0x00008110                __aeabi_fcmplt
                0x00008124                __aeabi_fcmple
                0x00008138                __aeabi_fcmpgt
                0x0000814c                __aeabi_fcmpge
 .text          0x00008160      0x338 c:/users/merce/appdata/local/arduino15/packages/adafruit/tools/arm-none-eabi-gcc/9-2019q4/bin/../lib/gcc/arm-none-eabi/9.2.1/thumb/v6-m/nofp\libgcc.a(addsf3.o)
                0x00008160                __aeabi_fadd
 .text          0x00008498       0x50 c:/users/merce/appdata/local/arduino15/packages/adafruit/tools/arm-none-eabi-gcc/9-2019q4/bin/../lib/gcc/arm-none-eabi/9.2.1/thumb/v6-m/nofp\libgcc.a(eqsf2.o)
                0x00008498                __eqsf2
                0x00008498                __nesf2
 .text          0x000084e8       0x98 c:/users/merce/appdata/local/arduino15/packages/adafruit/tools/arm-none-eabi-gcc/9-2019q4/bin/../lib/gcc/arm-none-eabi/9.2.1/thumb/v6-m/nofp\libgcc.a(gesf2.o)
                0x000084e8                __gesf2
                0x000084e8                __gtsf2
 .text          0x00008580       0x94 c:/users/merce/appdata/local/arduino15/packages/adafruit/tools/arm-none-eabi-gcc/9-2019q4/bin/../lib/gcc/arm-none-eabi/9.2.1/thumb/v6-m/nofp\libgcc.a(lesf2.o)
                0x00008580                __ltsf2
                0x00008580                __lesf2
 .text          0x00008614      0x390 c:/users/merce/appdata/local/arduino15/packages/adafruit/tools/arm-none-eabi-gcc/9-2019q4/bin/../lib/gcc/arm-none-eabi/9.2.1/thumb/v6-m/nofp\libgcc.a(subsf3.o)
                0x00008614                __aeabi_fsub
 .text          0x000089a4       0x40 c:/users/merce/appdata/local/arduino15/packages/adafruit/tools/arm-none-eabi-gcc/9-2019q4/bin/../lib/gcc/arm-none-eabi/9.2.1/thumb/v6-m/nofp\libgcc.a(fixsfsi.o)
                0x000089a4                __aeabi_f2iz
 .text          0x000089e4       0x8c c:/users/merce/appdata/local/arduino15/packages/adafruit/tools/arm-none-eabi-gcc/9-2019q4/bin/../lib/gcc/arm-none-eabi/9.2.1/thumb/v6-m/nofp\libgcc.a(floatsisf.o)
                0x000089e4                __aeabi_i2f
 .text          0x00008a70      0x6d4 c:/users/merce/appdata/local/arduino15/packages/adafruit/tools/arm-none-eabi-gcc/9-2019q4/bin/../lib/gcc/arm-none-eabi/9.2.1/thumb/v6-m/nofp\libgcc.a(adddf3.o)
                0x00008a70                __aeabi_dadd
 .text          0x00009144      0x5d0 c:/users/merce/appdata/local/arduino15/packages/adafruit/tools/arm-none-eabi-gcc/9-2019q4/bin/../lib/gcc/arm-none-eabi/9.2.1/thumb/v6-m/nofp\libgcc.a(divdf3.o)
                0x00009144                __aeabi_ddiv
 .text          0x00009714       0x78 c:/users/merce/appdata/local/arduino15/packages/adafruit/tools/arm-none-eabi-gcc/9-2019q4/bin/../lib/gcc/arm-none-eabi/9.2.1/thumb/v6-m/nofp\libgcc.a(eqdf2.o)
                0x00009714                __nedf2
                0x00009714                __eqdf2
 .text          0x0000978c       0xe4 c:/users/merce/appdata/local/arduino15/packages/adafruit/tools/arm-none-eabi-gcc/9-2019q4/bin/../lib/gcc/arm-none-eabi/9.2.1/thumb/v6-m/nofp\libgcc.a(gedf2.o)
                0x0000978c                __gedf2
                0x0000978c                __gtdf2
 .text          0x00009870       0xe0 c:/users/merce/appdata/local/arduino15/packages/adafruit/tools/arm-none-eabi-gcc/9-2019q4/bin/../lib/gcc/arm-none-eabi/9.2.1/thumb/v6-m/nofp\libgcc.a(ledf2.o)
                0x00009870                __ledf2
                0x00009870                __ltdf2
 .text          0x00009950      0x4d8 c:/users/merce/appdata/local/arduino15/packages/adafruit/tools/arm-none-eabi-gcc/9-2019q4/bin/../lib/gcc/arm-none-eabi/9.2.1/thumb/v6-m/nofp\libgcc.a(muldf3.o)
                0x00009950                __aeabi_dmul
 .text          0x00009e28      0x724 c:/users/merce/appdata/local/arduino15/packages/adafruit/tools/arm-none-eabi-gcc/9-2019q4/bin/../lib/gcc/arm-none-eabi/9.2.1/thumb/v6-m/nofp\libgcc.a(subdf3.o)
                0x00009e28                __aeabi_dsub
 .text          0x0000a54c       0x6c c:/users/merce/appdata/local/arduino15/packages/adafruit/tools/arm-none-eabi-gcc/9-2019q4/bin/../lib/gcc/arm-none-eabi/9.2.1/thumb/v6-m/nofp\libgcc.a(fixdfsi.o)
                0x0000a54c                __aeabi_d2iz
 .text          0x0000a5b8       0x60 c:/users/merce/appdata/local/arduino15/packages/adafruit/tools/arm-none-eabi-gcc/9-2019q4/bin/../lib/gcc/arm-none-eabi/9.2.1/thumb/v6-m/nofp\libgcc.a(floatsidf.o)
                0x0000a5b8                __aeabi_i2d
 .text          0x0000a618      0x110 c:/users/merce/appdata/local/arduino15/packages/adafruit/tools/arm-none-eabi-gcc/9-2019q4/bin/../lib/gcc/arm-none-eabi/9.2.1/thumb/v6-m/nofp\libgcc.a(truncdfsf2.o)
                0x0000a618                __aeabi_d2f
 .text          0x0000a728       0x3c c:/users/merce/appdata/local/arduino15/packages/adafruit/tools/arm-none-eabi-gcc/9-2019q4/bin/../lib/gcc/arm-none-eabi/9.2.1/thumb/v6-m/nofp\libgcc.a(_clzsi2.o)
                0x0000a728                __clzsi2
 .text.__libc_init_array
                0x0000a764       0x48 c:/users/merce/appdata/local/arduino15/packages/adafruit/tools/arm-none-eabi-gcc/9-2019q4/bin/../lib/gcc/arm-none-eabi/9.2.1/../../../../arm-none-eabi/lib/thumb/v6-m/nofp\libc_nano.a(lib_a-init.o)
                0x0000a764                __libc_init_array
 .text.malloc   0x0000a7ac       0x14 c:/users/merce/appdata/local/arduino15/packages/adafruit/tools/arm-none-eabi-gcc/9-2019q4/bin/../lib/gcc/arm-none-eabi/9.2.1/../../../../arm-none-eabi/lib/thumb/v6-m/nofp\libc_nano.a(lib_a-malloc.o)
                0x0000a7ac                malloc
 .text.free     0x0000a7c0       0x14 c:/users/merce/appdata/local/arduino15/packages/adafruit/tools/arm-none-eabi-gcc/9-2019q4/bin/../lib/gcc/arm-none-eabi/9.2.1/../../../../arm-none-eabi/lib/thumb/v6-m/nofp\libc_nano.a(lib_a-malloc.o)
                0x0000a7c0                free
 .text.memcpy   0x0000a7d4       0x12 c:/users/merce/appdata/local/arduino15/packages/adafruit/tools/arm-none-eabi-gcc/9-2019q4/bin/../lib/gcc/arm-none-eabi/9.2.1/../../../../arm-none-eabi/lib/thumb/v6-m/nofp\libc_nano.a(lib_a-memcpy-stub.o)
                0x0000a7d4                memcpy
 .text.memset   0x0000a7e6       0x10 c:/users/merce/appdata/local/arduino15/packages/adafruit/tools/arm-none-eabi-gcc/9-2019q4/bin/../lib/gcc/arm-none-eabi/9.2.1/../../../../arm-none-eabi/lib/thumb/v6-m/nofp\libc_nano.a(lib_a-memset.o)
                0x0000a7e6                memset
 *fill*         0x0000a7f6        0x2 
 .text._free_r  0x0000a7f8       0x94 c:/users/merce/appdata/local/arduino15/packages/adafruit/tools/arm-none-eabi-gcc/9-2019q4/bin/../lib/gcc/arm-none-eabi/9.2.1/../../../../arm-none-eabi/lib/thumb/v6-m/nofp\libc_nano.a(lib_a-nano-freer.o)
                0x0000a7f8                _free_r
 .text._malloc_r
                0x0000a88c       0xbc c:/users/merce/appdata/local/arduino15/packages/adafruit/tools/arm-none-eabi-gcc/9-2019q4/bin/../lib/gcc/arm-none-eabi/9.2.1/../../../../arm-none-eabi/lib/thumb/v6-m/nofp\libc_nano.a(lib_a-nano-mallocr.o)
                0x0000a88c                _malloc_r
 .text._sbrk_r  0x0000a948       0x24 c:/users/merce/appdata/local/arduino15/packages/adafruit/tools/arm-none-eabi-gcc/9-2019q4/bin/../lib/gcc/arm-none-eabi/9.2.1/../../../../arm-none-eabi/lib/thumb/v6-m/nofp\libc_nano.a(lib_a-sbrkr.o)
                0x0000a948                _sbrk_r
 .text          0x0000a96c        0xe c:/users/merce/appdata/local/arduino15/packages/adafruit/tools/arm-none-eabi-gcc/9-2019q4/bin/../lib/gcc/arm-none-eabi/9.2.1/../../../../arm-none-eabi/lib/thumb/v6-m/nofp\libc_nano.a(lib_a-strlen.o)
                0x0000a96c                strlen
 *fill*         0x0000a97a        0x2 
 .text.__malloc_lock
                0x0000a97c       0x10 c:/users/merce/appdata/local/arduino15/packages/adafruit/tools/arm-none-eabi-gcc/9-2019q4/bin/../lib/gcc/arm-none-eabi/9.2.1/../../../../arm-none-eabi/lib/thumb/v6-m/nofp\libc_nano.a(lib_a-mlock.o)
                0x0000a97c                __malloc_lock
 .text.__malloc_unlock
                0x0000a98c       0x10 c:/users/merce/appdata/local/arduino15/packages/adafruit/tools/arm-none-eabi-gcc/9-2019q4/bin/../lib/gcc/arm-none-eabi/9.2.1/../../../../arm-none-eabi/lib/thumb/v6-m/nofp\libc_nano.a(lib_a-mlock.o)
                0x0000a98c                __malloc_unlock
 .text.__retarget_lock_acquire_recursive
                0x0000a99c        0x2 c:/users/merce/appdata/local/arduino15/packages/adafruit/tools/arm-none-eabi-gcc/9-2019q4/bin/../lib/gcc/arm-none-eabi/9.2.1/../../../../arm-none-eabi/lib/thumb/v6-m/nofp\libc_nano.a(lib_a-lock.o)
                0x0000a99c                __retarget_lock_acquire_recursive
 .text.__retarget_lock_release_recursive
                0x0000a99e        0x2 c:/users/merce/appdata/local/arduino15/packages/adafruit/tools/arm-none-eabi-gcc/9-2019q4/bin/../lib/gcc/arm-none-eabi/9.2.1/../../../../arm-none-eabi/lib/thumb/v6-m/nofp\libc_nano.a(lib_a-lock.o)
                0x0000a99e                __retarget_lock_release_recursive
 .text._sbrk    0x0000a9a0       0x1c c:/users/merce/appdata/local/arduino15/packages/adafruit/tools/arm-none-eabi-gcc/9-2019q4/bin/../lib/gcc/arm-none-eabi/9.2.1/../../../../arm-none-eabi/lib/thumb/v6-m/nofp\libnosys.a(sbrk.o)
                0x0000a9a0                _sbrk
 *(.init)
 .init          0x0000a9bc        0x4 c:/users/merce/appdata/local/arduino15/packages/adafruit/tools/arm-none-eabi-gcc/9-2019q4/bin/../lib/gcc/arm-none-eabi/9.2.1/thumb/v6-m/nofp/crti.o
                0x0000a9bc                _init
 .init          0x0000a9c0        0x8 c:/users/merce/appdata/local/arduino15/packages/adafruit/tools/arm-none-eabi-gcc/9-2019q4/bin/../lib/gcc/arm-none-eabi/9.2.1/thumb/v6-m/nofp/crtn.o
 *(.fini)
 .fini          0x0000a9c8        0x4 c:/users/merce/appdata/local/arduino15/packages/adafruit/tools/arm-none-eabi-gcc/9-2019q4/bin/../lib/gcc/arm-none-eabi/9.2.1/thumb/v6-m/nofp/crti.o
                0x0000a9c8                _fini
 .fini          0x0000a9cc        0x8 c:/users/merce/appdata/local/arduino15/packages/adafruit/tools/arm-none-eabi-gcc/9-2019q4/bin/../lib/gcc/arm-none-eabi/9.2.1/thumb/v6-m/nofp/crtn.o
 *crtbegin.o(.ctors)
 *crtbegin?.o(.ctors)
 *(EXCLUDE_FILE(*crtend.o *crtend?.o) .ctors)
 *(SORT_BY_NAME(.ctors.*))
 *(.ctors)
 *crtbegin.o(.dtors)
 *crtbegin?.o(.dtors)
 *(EXCLUDE_FILE(*crtend.o *crtend?.o) .dtors)
 *(SORT_BY_NAME(.dtors.*))
 *(.dtors)
 *(.rodata*)
 .rodata.setup.str1.4
                0x0000a9d4       0x19 C:\Users\merce\AppData\Local\Temp\arduino\sketches\3B7DF326C40F4E2881484D719AB894F6\sketch\QTPy_Scope_pwm_awg.ino.cpp.o
                                 0x1d (size before relaxing)
 *fill*         0x0000a9ed        0x3 
 .rodata.setup  0x0000a9f0      0x114 C:\Users\merce\AppData\Local\Temp\arduino\sketches\3B7DF326C40F4E2881484D719AB894F6\sketch\QTPy_Scope_pwm_awg.ino.cpp.o
 .rodata        0x0000ab04       0x24 C:\Users\merce\AppData\Local\Temp\arduino\sketches\3B7DF326C40F4E2881484D719AB894F6\libraries\Adafruit_ZeroTimer_Library\Adafruit_ZeroTimer.cpp.o
 .rodata.g_APinDescription
                0x0000ab28      0x1f8 C:\Users\merce\AppData\Local\Temp\arduino\sketches\3B7DF326C40F4E2881484D719AB894F6\core\variant.cpp.o
                0x0000ab28                g_APinDescription
 .rodata._ZN5Print7printlnEPK19__FlashStringHelper.str1.4
                0x0000ad20        0x3 C:\Users\merce\AppData\Local\Temp\arduino\sketches\3B7DF326C40F4E2881484D719AB894F6/..\..\cores\6e0b88a48e757625a8f608dfc7da22d1\core.a(Print.cpp.o)
 *fill*         0x0000ad23        0x1 
 .rodata._ZTV7Serial_
                0x0000ad24       0x24 C:\Users\merce\AppData\Local\Temp\arduino\sketches\3B7DF326C40F4E2881484D719AB894F6/..\..\cores\6e0b88a48e757625a8f608dfc7da22d1\core.a(CDC.cpp.o)
                0x0000ad24                vtable for Serial_
 .rodata._ZN14USBDeviceClass19handleStandardSetupER8USBSetup
                0x0000ad48       0x30 C:\Users\merce\AppData\Local\Temp\arduino\sketches\3B7DF326C40F4E2881484D719AB894F6/..\..\cores\6e0b88a48e757625a8f608dfc7da22d1\core.a(USBCore.cpp.o)
 .rodata._ZTV26DoubleBufferedEPOutHandler
                0x0000ad78       0x20 C:\Users\merce\AppData\Local\Temp\arduino\sketches\3B7DF326C40F4E2881484D719AB894F6/..\..\cores\6e0b88a48e757625a8f608dfc7da22d1\core.a(USBCore.cpp.o)
                0x0000ad78                vtable for DoubleBufferedEPOutHandler
 .rodata._ZL14STRING_PRODUCT
                0x0000ad98        0x9 C:\Users\merce\AppData\Local\Temp\arduino\sketches\3B7DF326C40F4E2881484D719AB894F6/..\..\cores\6e0b88a48e757625a8f608dfc7da22d1\core.a(USBCore.cpp.o)
 *fill*         0x0000ada1        0x3 
 .rodata._ZL15STRING_LANGUAGE
                0x0000ada4        0x4 C:\Users\merce\AppData\Local\Temp\arduino\sketches\3B7DF326C40F4E2881484D719AB894F6/..\..\cores\6e0b88a48e757625a8f608dfc7da22d1\core.a(USBCore.cpp.o)
 .rodata._ZL19STRING_MANUFACTURER
                0x0000ada8        0x9 C:\Users\merce\AppData\Local\Temp\arduino\sketches\3B7DF326C40F4E2881484D719AB894F6/..\..\cores\6e0b88a48e757625a8f608dfc7da22d1\core.a(USBCore.cpp.o)
 *fill*         0x0000adb1        0x3 
 .rodata._ZL21USB_DeviceDescriptorB
                0x0000adb4       0x12 C:\Users\merce\AppData\Local\Temp\arduino\sketches\3B7DF326C40F4E2881484D719AB894F6/..\..\cores\6e0b88a48e757625a8f608dfc7da22d1\core.a(USBCore.cpp.o)
 *fill*         0x0000adc6        0x2 
 .rodata._ZTV4Uart
                0x0000adc8       0x34 C:\Users\merce\AppData\Local\Temp\arduino\sketches\3B7DF326C40F4E2881484D719AB894F6/..\..\cores\6e0b88a48e757625a8f608dfc7da22d1\core.a(Uart.cpp.o)
                0x0000adc8                vtable for Uart
 .rodata        0x0000adfc       0x10 C:\Users\merce\AppData\Local\Temp\arduino\sketches\3B7DF326C40F4E2881484D719AB894F6/..\..\cores\6e0b88a48e757625a8f608dfc7da22d1\core.a(wiring_analog.c.o)
 .rodata.npio2_hw
                0x0000ae0c       0x80 c:/users/merce/appdata/local/arduino15/packages/adafruit/tools/arm-none-eabi-gcc/9-2019q4/bin/../lib/gcc/arm-none-eabi/9.2.1/../../../../arm-none-eabi/lib/thumb/v6-m/nofp\libm.a(lib_a-e_rem_pio2.o)
 .rodata.two_over_pi
                0x0000ae8c      0x108 c:/users/merce/appdata/local/arduino15/packages/adafruit/tools/arm-none-eabi-gcc/9-2019q4/bin/../lib/gcc/arm-none-eabi/9.2.1/../../../../arm-none-eabi/lib/thumb/v6-m/nofp\libm.a(lib_a-e_rem_pio2.o)
 *fill*         0x0000af94        0x4 
 .rodata.PIo2   0x0000af98       0x40 c:/users/merce/appdata/local/arduino15/packages/adafruit/tools/arm-none-eabi-gcc/9-2019q4/bin/../lib/gcc/arm-none-eabi/9.2.1/../../../../arm-none-eabi/lib/thumb/v6-m/nofp\libm.a(lib_a-k_rem_pio2.o)
 .rodata.init_jk
                0x0000afd8       0x10 c:/users/merce/appdata/local/arduino15/packages/adafruit/tools/arm-none-eabi-gcc/9-2019q4/bin/../lib/gcc/arm-none-eabi/9.2.1/../../../../arm-none-eabi/lib/thumb/v6-m/nofp\libm.a(lib_a-k_rem_pio2.o)
 .rodata        0x0000afe8       0x40 c:/users/merce/appdata/local/arduino15/packages/adafruit/tools/arm-none-eabi-gcc/9-2019q4/bin/../lib/gcc/arm-none-eabi/9.2.1/thumb/v6-m/nofp\libgcc.a(divdf3.o)
 .rodata        0x0000b028       0x40 c:/users/merce/appdata/local/arduino15/packages/adafruit/tools/arm-none-eabi-gcc/9-2019q4/bin/../lib/gcc/arm-none-eabi/9.2.1/thumb/v6-m/nofp\libgcc.a(muldf3.o)
 *(.eh_frame*)
 .eh_frame      0x0000b068        0x0 c:/users/merce/appdata/local/arduino15/packages/adafruit/tools/arm-none-eabi-gcc/9-2019q4/bin/../lib/gcc/arm-none-eabi/9.2.1/thumb/v6-m/nofp/crtbegin.o
 .eh_frame      0x0000b068        0x4 c:/users/merce/appdata/local/arduino15/packages/adafruit/tools/arm-none-eabi-gcc/9-2019q4/bin/../lib/gcc/arm-none-eabi/9.2.1/thumb/v6-m/nofp/crtend.o

.glue_7         0x0000b06c        0x0
 .glue_7        0x0000b06c        0x0 linker stubs

.glue_7t        0x0000b06c        0x0
 .glue_7t       0x0000b06c        0x0 linker stubs

.vfp11_veneer   0x0000b06c        0x0
 .vfp11_veneer  0x0000b06c        0x0 linker stubs

.v4_bx          0x0000b06c        0x0
 .v4_bx         0x0000b06c        0x0 linker stubs

.iplt           0x0000b06c        0x0
 .iplt          0x0000b06c        0x0 c:/users/merce/appdata/local/arduino15/packages/adafruit/tools/arm-none-eabi-gcc/9-2019q4/bin/../lib/gcc/arm-none-eabi/9.2.1/thumb/v6-m/nofp/crtbegin.o

.rel.dyn        0x0000b06c        0x0
 .rel.iplt      0x0000b06c        0x0 c:/users/merce/appdata/local/arduino15/packages/adafruit/tools/arm-none-eabi-gcc/9-2019q4/bin/../lib/gcc/arm-none-eabi/9.2.1/thumb/v6-m/nofp/crtbegin.o

.ARM.extab
 *(.ARM.extab* .gnu.linkonce.armextab.*)
                0x0000b06c                __exidx_start = .

.ARM.exidx
 *(.ARM.exidx* .gnu.linkonce.armexidx.*)
                0x0000b06c                __exidx_end = .
                0x0000b06c                __etext = .

.data           0x20000000      0x140 load address 0x0000b06c
                0x20000000                __data_start__ = .
 *(vtable)
 *(.data*)
 .data.bmax     0x20000000        0x4 C:\Users\merce\AppData\Local\Temp\arduino\sketches\3B7DF326C40F4E2881484D719AB894F6\sketch\QTPy_Scope_pwm_awg.ino.cpp.o
                0x20000000                bmax
 .data.bs       0x20000004        0x4 C:\Users\merce\AppData\Local\Temp\arduino\sketches\3B7DF326C40F4E2881484D719AB894F6\sketch\QTPy_Scope_pwm_awg.ino.cpp.o
                0x20000004                bs
 .data.ms       0x20000008        0x4 C:\Users\merce\AppData\Local\Temp\arduino\sketches\3B7DF326C40F4E2881484D719AB894F6\sketch\QTPy_Scope_pwm_awg.ino.cpp.o
                0x20000008                ms
 .data.ns       0x2000000c        0x4 C:\Users\merce\AppData\Local\Temp\arduino\sketches\3B7DF326C40F4E2881484D719AB894F6\sketch\QTPy_Scope_pwm_awg.ino.cpp.o
                0x2000000c                ns
 .data.pwid     0x20000010        0x4 C:\Users\merce\AppData\Local\Temp\arduino\sketches\3B7DF326C40F4E2881484D719AB894F6\sketch\QTPy_Scope_pwm_awg.ino.cpp.o
                0x20000010                pwid
 .data.pwmf     0x20000014        0x4 C:\Users\merce\AppData\Local\Temp\arduino\sketches\3B7DF326C40F4E2881484D719AB894F6\sketch\QTPy_Scope_pwm_awg.ino.cpp.o
                0x20000014                pwmf
 .data.g_apTCInstances
                0x20000018       0x18 C:\Users\merce\AppData\Local\Temp\arduino\sketches\3B7DF326C40F4E2881484D719AB894F6\core\variant.cpp.o
                0x20000018                g_apTCInstances
 .data._ZL10breakValue
                0x20000030        0x4 C:\Users\merce\AppData\Local\Temp\arduino\sketches\3B7DF326C40F4E2881484D719AB894F6/..\..\cores\6e0b88a48e757625a8f608dfc7da22d1\core.a(CDC.cpp.o)
 .data._ZL12_usbLineInfo
                0x20000034        0x8 C:\Users\merce\AppData\Local\Temp\arduino\sketches\3B7DF326C40F4E2881484D719AB894F6/..\..\cores\6e0b88a48e757625a8f608dfc7da22d1\core.a(CDC.cpp.o)
 .data._ZL13_cdcInterface
                0x2000003c       0x42 C:\Users\merce\AppData\Local\Temp\arduino\sketches\3B7DF326C40F4E2881484D719AB894F6/..\..\cores\6e0b88a48e757625a8f608dfc7da22d1\core.a(CDC.cpp.o)
 *fill*         0x2000007e        0x2 
 .data._serialPeek
                0x20000080        0x4 C:\Users\merce\AppData\Local\Temp\arduino\sketches\3B7DF326C40F4E2881484D719AB894F6/..\..\cores\6e0b88a48e757625a8f608dfc7da22d1\core.a(CDC.cpp.o)
                0x20000080                _serialPeek
 .data.EndPoints
                0x20000084       0x28 C:\Users\merce\AppData\Local\Temp\arduino\sketches\3B7DF326C40F4E2881484D719AB894F6/..\..\cores\6e0b88a48e757625a8f608dfc7da22d1\core.a(USBCore.cpp.o)
                0x20000084                EndPoints
 .data.SystemCoreClock
                0x200000ac        0x4 C:\Users\merce\AppData\Local\Temp\arduino\sketches\3B7DF326C40F4E2881484D719AB894F6/..\..\cores\6e0b88a48e757625a8f608dfc7da22d1\core.a(wiring.c.o)
                0x200000ac                SystemCoreClock
 .data._writeResolution
                0x200000b0        0x4 C:\Users\merce\AppData\Local\Temp\arduino\sketches\3B7DF326C40F4E2881484D719AB894F6/..\..\cores\6e0b88a48e757625a8f608dfc7da22d1\core.a(wiring_analog.c.o)
 .data._ZL5ticks
                0x200000b4        0x4 C:\Users\merce\AppData\Local\Temp\arduino\sketches\3B7DF326C40F4E2881484D719AB894F6/..\..\cores\6e0b88a48e757625a8f608dfc7da22d1\core.a(Reset.cpp.o)
 .data._impure_ptr
                0x200000b8        0x4 c:/users/merce/appdata/local/arduino15/packages/adafruit/tools/arm-none-eabi-gcc/9-2019q4/bin/../lib/gcc/arm-none-eabi/9.2.1/../../../../arm-none-eabi/lib/thumb/v6-m/nofp\libc_nano.a(lib_a-impure.o)
                0x200000b8                _impure_ptr
 .data.impure_data
                0x200000bc       0x60 c:/users/merce/appdata/local/arduino15/packages/adafruit/tools/arm-none-eabi-gcc/9-2019q4/bin/../lib/gcc/arm-none-eabi/9.2.1/../../../../arm-none-eabi/lib/thumb/v6-m/nofp\libc_nano.a(lib_a-impure.o)
                0x2000011c                . = ALIGN (0x4)
                0x2000011c                PROVIDE (__preinit_array_start = .)
 *(.preinit_array)
                0x2000011c                PROVIDE (__preinit_array_end = .)
                0x2000011c                . = ALIGN (0x4)
                0x2000011c                PROVIDE (__init_array_start = .)
 *(SORT_BY_NAME(.init_array.*))
 *(.init_array)
 .init_array    0x2000011c        0x4 c:/users/merce/appdata/local/arduino15/packages/adafruit/tools/arm-none-eabi-gcc/9-2019q4/bin/../lib/gcc/arm-none-eabi/9.2.1/thumb/v6-m/nofp/crtbegin.o
 .init_array    0x20000120        0x4 C:\Users\merce\AppData\Local\Temp\arduino\sketches\3B7DF326C40F4E2881484D719AB894F6\sketch\QTPy_Scope_pwm_awg.ino.cpp.o
 .init_array    0x20000124        0x4 C:\Users\merce\AppData\Local\Temp\arduino\sketches\3B7DF326C40F4E2881484D719AB894F6\core\variant.cpp.o
 .init_array    0x20000128        0x4 C:\Users\merce\AppData\Local\Temp\arduino\sketches\3B7DF326C40F4E2881484D719AB894F6/..\..\cores\6e0b88a48e757625a8f608dfc7da22d1\core.a(CDC.cpp.o)
 .init_array    0x2000012c        0x4 C:\Users\merce\AppData\Local\Temp\arduino\sketches\3B7DF326C40F4E2881484D719AB894F6/..\..\cores\6e0b88a48e757625a8f608dfc7da22d1\core.a(USBCore.cpp.o)
                0x20000130                PROVIDE (__init_array_end = .)
                0x20000130                . = ALIGN (0x4)
                [!provide]                PROVIDE (__fini_array_start = .)
 *(SORT_BY_NAME(.fini_array.*))
 *(.fini_array)
 .fini_array    0x20000130        0x4 c:/users/merce/appdata/local/arduino15/packages/adafruit/tools/arm-none-eabi-gcc/9-2019q4/bin/../lib/gcc/arm-none-eabi/9.2.1/thumb/v6-m/nofp/crtbegin.o
                [!provide]                PROVIDE (__fini_array_end = .)
 *(.jcr*)
                0x20000140                . = ALIGN (0x10)
 *fill*         0x20000134        0xc 
                0x20000140                __data_end__ = .

.igot.plt       0x20000140        0x0 load address 0x0000b1ac
 .igot.plt      0x20000140        0x0 c:/users/merce/appdata/local/arduino15/packages/adafruit/tools/arm-none-eabi-gcc/9-2019q4/bin/../lib/gcc/arm-none-eabi/9.2.1/thumb/v6-m/nofp/crtbegin.o

.bss            0x20000140     0x6608 load address 0x0000b1ac
                0x20000140                . = ALIGN (0x4)
                0x20000140                __bss_start__ = .
 *(.bss*)
 .bss           0x20000140       0x1c c:/users/merce/appdata/local/arduino15/packages/adafruit/tools/arm-none-eabi-gcc/9-2019q4/bin/../lib/gcc/arm-none-eabi/9.2.1/thumb/v6-m/nofp/crtbegin.o
 .bss.Step      0x2000015c        0x4 C:\Users\merce\AppData\Local\Temp\arduino\sketches\3B7DF326C40F4E2881484D719AB894F6\sketch\QTPy_Scope_pwm_awg.ino.cpp.o
                0x2000015c                Step
 .bss.addr      0x20000160        0x4 C:\Users\merce\AppData\Local\Temp\arduino\sketches\3B7DF326C40F4E2881484D719AB894F6\sketch\QTPy_Scope_pwm_awg.ino.cpp.o
                0x20000160                addr
 .bss.ampla     0x20000164        0x4 C:\Users\merce\AppData\Local\Temp\arduino\sketches\3B7DF326C40F4E2881484D719AB894F6\sketch\QTPy_Scope_pwm_awg.ino.cpp.o
                0x20000164                ampla
 .bss.at        0x20000168        0x4 C:\Users\merce\AppData\Local\Temp\arduino\sketches\3B7DF326C40F4E2881484D719AB894F6\sketch\QTPy_Scope_pwm_awg.ino.cpp.o
                0x20000168                at
 .bss.at2       0x2000016c        0x4 C:\Users\merce\AppData\Local\Temp\arduino\sketches\3B7DF326C40F4E2881484D719AB894F6\sketch\QTPy_Scope_pwm_awg.ino.cpp.o
                0x2000016c                at2
 .bss.awgon     0x20000170        0x4 C:\Users\merce\AppData\Local\Temp\arduino\sketches\3B7DF326C40F4E2881484D719AB894F6\sketch\QTPy_Scope_pwm_awg.ino.cpp.o
                0x20000170                awgon
 .bss.awgouta   0x20000174     0x2000 C:\Users\merce\AppData\Local\Temp\arduino\sketches\3B7DF326C40F4E2881484D719AB894F6\sketch\QTPy_Scope_pwm_awg.ino.cpp.o
                0x20000174                awgouta
 .bss.awgoutb   0x20002174     0x2000 C:\Users\merce\AppData\Local\Temp\arduino\sketches\3B7DF326C40F4E2881484D719AB894F6\sketch\QTPy_Scope_pwm_awg.ino.cpp.o
                0x20002174                awgoutb
 .bss.awgpwnon  0x20004174        0x4 C:\Users\merce\AppData\Local\Temp\arduino\sketches\3B7DF326C40F4E2881484D719AB894F6\sketch\QTPy_Scope_pwm_awg.ino.cpp.o
                0x20004174                awgpwnon
 .bss.cyclea    0x20004178        0x4 C:\Users\merce\AppData\Local\Temp\arduino\sketches\3B7DF326C40F4E2881484D719AB894F6\sketch\QTPy_Scope_pwm_awg.ino.cpp.o
                0x20004178                cyclea
 .bss.data      0x2000417c        0x4 C:\Users\merce\AppData\Local\Temp\arduino\sketches\3B7DF326C40F4E2881484D719AB894F6\sketch\QTPy_Scope_pwm_awg.ino.cpp.o
                0x2000417c                data
 .bss.digin     0x20004180      0x400 C:\Users\merce\AppData\Local\Temp\arduino\sketches\3B7DF326C40F4E2881484D719AB894F6\sketch\QTPy_Scope_pwm_awg.ino.cpp.o
                0x20004180                digin
 .bss.m         0x20004580        0x4 C:\Users\merce\AppData\Local\Temp\arduino\sketches\3B7DF326C40F4E2881484D719AB894F6\sketch\QTPy_Scope_pwm_awg.ino.cpp.o
                0x20004580                m
 .bss.n         0x20004584        0x4 C:\Users\merce\AppData\Local\Temp\arduino\sketches\3B7DF326C40F4E2881484D719AB894F6\sketch\QTPy_Scope_pwm_awg.ino.cpp.o
                0x20004584                n
 .bss.offseta   0x20004588        0x4 C:\Users\merce\AppData\Local\Temp\arduino\sketches\3B7DF326C40F4E2881484D719AB894F6\sketch\QTPy_Scope_pwm_awg.ino.cpp.o
                0x20004588                offseta
 .bss.scopea    0x2000458c      0x800 C:\Users\merce\AppData\Local\Temp\arduino\sketches\3B7DF326C40F4E2881484D719AB894F6\sketch\QTPy_Scope_pwm_awg.ino.cpp.o
                0x2000458c                scopea
 .bss.scopeb    0x20004d8c      0x800 C:\Users\merce\AppData\Local\Temp\arduino\sketches\3B7DF326C40F4E2881484D719AB894F6\sketch\QTPy_Scope_pwm_awg.ino.cpp.o
                0x20004d8c                scopeb
 .bss.scopec    0x2000558c      0x800 C:\Users\merce\AppData\Local\Temp\arduino\sketches\3B7DF326C40F4E2881484D719AB894F6\sketch\QTPy_Scope_pwm_awg.ino.cpp.o
                0x2000558c                scopec
 .bss.st        0x20005d8c        0x4 C:\Users\merce\AppData\Local\Temp\arduino\sketches\3B7DF326C40F4E2881484D719AB894F6\sketch\QTPy_Scope_pwm_awg.ino.cpp.o
                0x20005d8c                st
 .bss.st2       0x20005d90        0x4 C:\Users\merce\AppData\Local\Temp\arduino\sketches\3B7DF326C40F4E2881484D719AB894F6\sketch\QTPy_Scope_pwm_awg.ino.cpp.o
                0x20005d90                st2
 .bss.sync      0x20005d94        0x4 C:\Users\merce\AppData\Local\Temp\arduino\sketches\3B7DF326C40F4E2881484D719AB894F6\sketch\QTPy_Scope_pwm_awg.ino.cpp.o
                0x20005d94                sync
 .bss.wavea     0x20005d98        0x4 C:\Users\merce\AppData\Local\Temp\arduino\sketches\3B7DF326C40F4E2881484D719AB894F6\sketch\QTPy_Scope_pwm_awg.ino.cpp.o
                0x20005d98                wavea
 .bss.zerotimer
                0x20005d9c       0x3c C:\Users\merce\AppData\Local\Temp\arduino\sketches\3B7DF326C40F4E2881484D719AB894F6\sketch\QTPy_Scope_pwm_awg.ino.cpp.o
                0x20005d9c                zerotimer
 .bss._ZL21_enable_callback_mask
                0x20005dd8        0x4 C:\Users\merce\AppData\Local\Temp\arduino\sketches\3B7DF326C40F4E2881484D719AB894F6\libraries\Adafruit_ZeroTimer_Library\Adafruit_ZeroTimer.cpp.o
 .bss._ZL23_register_callback_mask
                0x20005ddc        0x4 C:\Users\merce\AppData\Local\Temp\arduino\sketches\3B7DF326C40F4E2881484D719AB894F6\libraries\Adafruit_ZeroTimer_Library\Adafruit_ZeroTimer.cpp.o
 .bss._ZL4__cb  0x20005de0       0x48 C:\Users\merce\AppData\Local\Temp\arduino\sketches\3B7DF326C40F4E2881484D719AB894F6\libraries\Adafruit_ZeroTimer_Library\Adafruit_ZeroTimer.cpp.o
 .bss.Serial1   0x20005e28      0x2fc C:\Users\merce\AppData\Local\Temp\arduino\sketches\3B7DF326C40F4E2881484D719AB894F6\core\variant.cpp.o
                0x20005e28                Serial1
 .bss.sercom0   0x20006124        0x4 C:\Users\merce\AppData\Local\Temp\arduino\sketches\3B7DF326C40F4E2881484D719AB894F6\core\variant.cpp.o
                0x20006124                sercom0
 .bss.sercom1   0x20006128        0x4 C:\Users\merce\AppData\Local\Temp\arduino\sketches\3B7DF326C40F4E2881484D719AB894F6\core\variant.cpp.o
                0x20006128                sercom1
 .bss.sercom2   0x2000612c        0x4 C:\Users\merce\AppData\Local\Temp\arduino\sketches\3B7DF326C40F4E2881484D719AB894F6\core\variant.cpp.o
                0x2000612c                sercom2
 .bss.sercom3   0x20006130        0x4 C:\Users\merce\AppData\Local\Temp\arduino\sketches\3B7DF326C40F4E2881484D719AB894F6\core\variant.cpp.o
                0x20006130                sercom3
 .bss.Serial    0x20006134       0x1c C:\Users\merce\AppData\Local\Temp\arduino\sketches\3B7DF326C40F4E2881484D719AB894F6/..\..\cores\6e0b88a48e757625a8f608dfc7da22d1\core.a(CDC.cpp.o)
                0x20006134                Serial
 .bss.USBDevice
                0x20006150        0x1 C:\Users\merce\AppData\Local\Temp\arduino\sketches\3B7DF326C40F4E2881484D719AB894F6/..\..\cores\6e0b88a48e757625a8f608dfc7da22d1\core.a(USBCore.cpp.o)
                0x20006150                USBDevice
 *fill*         0x20006151        0x3 
 .bss._ZL10epHandlers
                0x20006154       0x1c C:\Users\merce\AppData\Local\Temp\arduino\sketches\3B7DF326C40F4E2881484D719AB894F6/..\..\cores\6e0b88a48e757625a8f608dfc7da22d1\core.a(USBCore.cpp.o)
 .bss._ZL14isEndpointHalt
                0x20006170        0x1 C:\Users\merce\AppData\Local\Temp\arduino\sketches\3B7DF326C40F4E2881484D719AB894F6/..\..\cores\6e0b88a48e757625a8f608dfc7da22d1\core.a(USBCore.cpp.o)
 *fill*         0x20006171        0x3 
 .bss._ZL20LastTransmitTimedOut
                0x20006174        0x7 C:\Users\merce\AppData\Local\Temp\arduino\sketches\3B7DF326C40F4E2881484D719AB894F6/..\..\cores\6e0b88a48e757625a8f608dfc7da22d1\core.a(USBCore.cpp.o)
 .bss._ZL21isRemoteWakeUpEnabled
                0x2000617b        0x1 C:\Users\merce\AppData\Local\Temp\arduino\sketches\3B7DF326C40F4E2881484D719AB894F6/..\..\cores\6e0b88a48e757625a8f608dfc7da22d1\core.a(USBCore.cpp.o)
 .bss._ZL22udd_ep_in_cache_buffer
                0x2000617c      0x1c0 C:\Users\merce\AppData\Local\Temp\arduino\sketches\3B7DF326C40F4E2881484D719AB894F6/..\..\cores\6e0b88a48e757625a8f608dfc7da22d1\core.a(USBCore.cpp.o)
 .bss._ZL23udd_ep_out_cache_buffer
                0x2000633c      0x1c0 C:\Users\merce\AppData\Local\Temp\arduino\sketches\3B7DF326C40F4E2881484D719AB894F6/..\..\cores\6e0b88a48e757625a8f608dfc7da22d1\core.a(USBCore.cpp.o)
 .bss._dry_run  0x200064fc        0x1 C:\Users\merce\AppData\Local\Temp\arduino\sketches\3B7DF326C40F4E2881484D719AB894F6/..\..\cores\6e0b88a48e757625a8f608dfc7da22d1\core.a(USBCore.cpp.o)
                0x200064fc                _dry_run
 *fill*         0x200064fd        0x3 
 .bss._pack_buffer
                0x20006500      0x100 C:\Users\merce\AppData\Local\Temp\arduino\sketches\3B7DF326C40F4E2881484D719AB894F6/..\..\cores\6e0b88a48e757625a8f608dfc7da22d1\core.a(USBCore.cpp.o)
                0x20006500                _pack_buffer
 .bss._pack_message
                0x20006600        0x1 C:\Users\merce\AppData\Local\Temp\arduino\sketches\3B7DF326C40F4E2881484D719AB894F6/..\..\cores\6e0b88a48e757625a8f608dfc7da22d1\core.a(USBCore.cpp.o)
                0x20006600                _pack_message
 *fill*         0x20006601        0x1 
 .bss._pack_size
                0x20006602        0x2 C:\Users\merce\AppData\Local\Temp\arduino\sketches\3B7DF326C40F4E2881484D719AB894F6/..\..\cores\6e0b88a48e757625a8f608dfc7da22d1\core.a(USBCore.cpp.o)
                0x20006602                _pack_size
 .bss._usbConfiguration
                0x20006604        0x4 C:\Users\merce\AppData\Local\Temp\arduino\sketches\3B7DF326C40F4E2881484D719AB894F6/..\..\cores\6e0b88a48e757625a8f608dfc7da22d1\core.a(USBCore.cpp.o)
                0x20006604                _usbConfiguration
 .bss._usbSetInterface
                0x20006608        0x4 C:\Users\merce\AppData\Local\Temp\arduino\sketches\3B7DF326C40F4E2881484D719AB894F6/..\..\cores\6e0b88a48e757625a8f608dfc7da22d1\core.a(USBCore.cpp.o)
                0x20006608                _usbSetInterface
 .bss.usbd      0x2000660c      0x104 C:\Users\merce\AppData\Local\Temp\arduino\sketches\3B7DF326C40F4E2881484D719AB894F6/..\..\cores\6e0b88a48e757625a8f608dfc7da22d1\core.a(USBCore.cpp.o)
                0x2000660c                usbd
 .bss.usb_isr   0x20006710        0x4 C:\Users\merce\AppData\Local\Temp\arduino\sketches\3B7DF326C40F4E2881484D719AB894F6/..\..\cores\6e0b88a48e757625a8f608dfc7da22d1\core.a(cortex_handlers.c.o)
 .bss._ulTickCount
                0x20006714        0x4 C:\Users\merce\AppData\Local\Temp\arduino\sketches\3B7DF326C40F4E2881484D719AB894F6/..\..\cores\6e0b88a48e757625a8f608dfc7da22d1\core.a(delay.c.o)
 .bss.tcEnabled.12737
                0x20006718        0x6 C:\Users\merce\AppData\Local\Temp\arduino\sketches\3B7DF326C40F4E2881484D719AB894F6/..\..\cores\6e0b88a48e757625a8f608dfc7da22d1\core.a(wiring_analog.c.o)
 *fill*         0x2000671e        0x2 
 .bss._ZGVZ12PluggableUSBvE3obj
                0x20006720        0x4 C:\Users\merce\AppData\Local\Temp\arduino\sketches\3B7DF326C40F4E2881484D719AB894F6/..\..\cores\6e0b88a48e757625a8f608dfc7da22d1\core.a(PluggableUSB.cpp.o)
 .bss._ZZ12PluggableUSBvE3obj
                0x20006724        0x8 C:\Users\merce\AppData\Local\Temp\arduino\sketches\3B7DF326C40F4E2881484D719AB894F6/..\..\cores\6e0b88a48e757625a8f608dfc7da22d1\core.a(PluggableUSB.cpp.o)
 .bss.__malloc_free_list
                0x2000672c        0x4 c:/users/merce/appdata/local/arduino15/packages/adafruit/tools/arm-none-eabi-gcc/9-2019q4/bin/../lib/gcc/arm-none-eabi/9.2.1/../../../../arm-none-eabi/lib/thumb/v6-m/nofp\libc_nano.a(lib_a-nano-mallocr.o)
                0x2000672c                __malloc_free_list
 .bss.__malloc_sbrk_start
                0x20006730        0x4 c:/users/merce/appdata/local/arduino15/packages/adafruit/tools/arm-none-eabi-gcc/9-2019q4/bin/../lib/gcc/arm-none-eabi/9.2.1/../../../../arm-none-eabi/lib/thumb/v6-m/nofp\libc_nano.a(lib_a-nano-mallocr.o)
                0x20006730                __malloc_sbrk_start
 .bss.heap_end.4144
                0x20006734        0x4 c:/users/merce/appdata/local/arduino15/packages/adafruit/tools/arm-none-eabi-gcc/9-2019q4/bin/../lib/gcc/arm-none-eabi/9.2.1/../../../../arm-none-eabi/lib/thumb/v6-m/nofp\libnosys.a(sbrk.o)
 *(COMMON)
 COMMON         0x20006738        0x4 c:/users/merce/appdata/local/arduino15/packages/adafruit/tools/arm-none-eabi-gcc/9-2019q4/bin/../lib/gcc/arm-none-eabi/9.2.1/../../../../arm-none-eabi/lib/thumb/v6-m/nofp\libc_nano.a(lib_a-reent.o)
                0x20006738                errno
 COMMON         0x2000673c        0x9 c:/users/merce/appdata/local/arduino15/packages/adafruit/tools/arm-none-eabi-gcc/9-2019q4/bin/../lib/gcc/arm-none-eabi/9.2.1/../../../../arm-none-eabi/lib/thumb/v6-m/nofp\libc_nano.a(lib_a-lock.o)
                0x2000673c                __lock___atexit_recursive_mutex
                0x2000673d                __lock___arc4random_mutex
                0x2000673e                __lock___env_recursive_mutex
                0x2000673f                __lock___sinit_recursive_mutex
                0x20006740                __lock___malloc_recursive_mutex
                0x20006741                __lock___at_quick_exit_mutex
                0x20006742                __lock___dd_hash_mutex
                0x20006743                __lock___tz_mutex
                0x20006744                __lock___sfp_recursive_mutex
                0x20006748                . = ALIGN (0x4)
 *fill*         0x20006745        0x3 
                0x20006748                __bss_end__ = .

.heap           0x20006748        0x0
                0x20006748                __end__ = .
                0x20006748                PROVIDE (end = .)
 *(.heap*)
                0x20006748                __HeapLimit = .

.stack_dummy    0x20006748        0x0
 *(.stack*)
                0x20008000                __StackTop = (ORIGIN (RAM) + LENGTH (RAM))
                0x20008000                __StackLimit = (__StackTop - SIZEOF (.stack_dummy))
                0x20008000                PROVIDE (__stack = __StackTop)
                0x20007fff                __ram_end__ = ((ORIGIN (RAM) + LENGTH (RAM)) - 0x1)
                0x00000001                ASSERT ((__StackLimit >= __HeapLimit), region RAM overflowed with stack)
OUTPUT(C:\Users\merce\AppData\Local\Temp\arduino\sketches\3B7DF326C40F4E2881484D719AB894F6/QTPy_Scope_pwm_awg.ino.elf elf32-littlearm)

.ARM.attributes
                0x00000000       0x28
 .ARM.attributes
                0x00000000       0x1e c:/users/merce/appdata/local/arduino15/packages/adafruit/tools/arm-none-eabi-gcc/9-2019q4/bin/../lib/gcc/arm-none-eabi/9.2.1/thumb/v6-m/nofp/crti.o
 .ARM.attributes
                0x0000001e       0x2c c:/users/merce/appdata/local/arduino15/packages/adafruit/tools/arm-none-eabi-gcc/9-2019q4/bin/../lib/gcc/arm-none-eabi/9.2.1/thumb/v6-m/nofp/crtbegin.o
 .ARM.attributes
                0x0000004a       0x2c C:\Users\merce\AppData\Local\Temp\arduino\sketches\3B7DF326C40F4E2881484D719AB894F6\sketch\QTPy_Scope_pwm_awg.ino.cpp.o
 .ARM.attributes
                0x00000076       0x2c C:\Users\merce\AppData\Local\Temp\arduino\sketches\3B7DF326C40F4E2881484D719AB894F6\libraries\Adafruit_ZeroTimer_Library\Adafruit_ZeroTimer.cpp.o
 .ARM.attributes
                0x000000a2       0x2c C:\Users\merce\AppData\Local\Temp\arduino\sketches\3B7DF326C40F4E2881484D719AB894F6\core\variant.cpp.o
 .ARM.attributes
                0x000000ce       0x2c C:\Users\merce\AppData\Local\Temp\arduino\sketches\3B7DF326C40F4E2881484D719AB894F6/..\..\cores\6e0b88a48e757625a8f608dfc7da22d1\core.a(Print.cpp.o)
 .ARM.attributes
                0x000000fa       0x2c C:\Users\merce\AppData\Local\Temp\arduino\sketches\3B7DF326C40F4E2881484D719AB894F6/..\..\cores\6e0b88a48e757625a8f608dfc7da22d1\core.a(SERCOM.cpp.o)
 .ARM.attributes
                0x00000126       0x2c C:\Users\merce\AppData\Local\Temp\arduino\sketches\3B7DF326C40F4E2881484D719AB894F6/..\..\cores\6e0b88a48e757625a8f608dfc7da22d1\core.a(Stream.cpp.o)
 .ARM.attributes
                0x00000152       0x2c C:\Users\merce\AppData\Local\Temp\arduino\sketches\3B7DF326C40F4E2881484D719AB894F6/..\..\cores\6e0b88a48e757625a8f608dfc7da22d1\core.a(CDC.cpp.o)
 .ARM.attributes
                0x0000017e       0x2c C:\Users\merce\AppData\Local\Temp\arduino\sketches\3B7DF326C40F4E2881484D719AB894F6/..\..\cores\6e0b88a48e757625a8f608dfc7da22d1\core.a(USBCore.cpp.o)
 .ARM.attributes
                0x000001aa       0x2c C:\Users\merce\AppData\Local\Temp\arduino\sketches\3B7DF326C40F4E2881484D719AB894F6/..\..\cores\6e0b88a48e757625a8f608dfc7da22d1\core.a(Uart.cpp.o)
 .ARM.attributes
                0x000001d6       0x2c C:\Users\merce\AppData\Local\Temp\arduino\sketches\3B7DF326C40F4E2881484D719AB894F6/..\..\cores\6e0b88a48e757625a8f608dfc7da22d1\core.a(cortex_handlers.c.o)
 .ARM.attributes
                0x00000202       0x2c C:\Users\merce\AppData\Local\Temp\arduino\sketches\3B7DF326C40F4E2881484D719AB894F6/..\..\cores\6e0b88a48e757625a8f608dfc7da22d1\core.a(delay.c.o)
 .ARM.attributes
                0x0000022e       0x2c C:\Users\merce\AppData\Local\Temp\arduino\sketches\3B7DF326C40F4E2881484D719AB894F6/..\..\cores\6e0b88a48e757625a8f608dfc7da22d1\core.a(hooks.c.o)
 .ARM.attributes
                0x0000025a       0x2c C:\Users\merce\AppData\Local\Temp\arduino\sketches\3B7DF326C40F4E2881484D719AB894F6/..\..\cores\6e0b88a48e757625a8f608dfc7da22d1\core.a(main.cpp.o)
 .ARM.attributes
                0x00000286       0x2c C:\Users\merce\AppData\Local\Temp\arduino\sketches\3B7DF326C40F4E2881484D719AB894F6/..\..\cores\6e0b88a48e757625a8f608dfc7da22d1\core.a(new.cpp.o)
 .ARM.attributes
                0x000002b2       0x2c C:\Users\merce\AppData\Local\Temp\arduino\sketches\3B7DF326C40F4E2881484D719AB894F6/..\..\cores\6e0b88a48e757625a8f608dfc7da22d1\core.a(startup.c.o)
 .ARM.attributes
                0x000002de       0x2c C:\Users\merce\AppData\Local\Temp\arduino\sketches\3B7DF326C40F4E2881484D719AB894F6/..\..\cores\6e0b88a48e757625a8f608dfc7da22d1\core.a(wiring.c.o)
 .ARM.attributes
                0x0000030a       0x2c C:\Users\merce\AppData\Local\Temp\arduino\sketches\3B7DF326C40F4E2881484D719AB894F6/..\..\cores\6e0b88a48e757625a8f608dfc7da22d1\core.a(wiring_analog.c.o)
 .ARM.attributes
                0x00000336       0x2c C:\Users\merce\AppData\Local\Temp\arduino\sketches\3B7DF326C40F4E2881484D719AB894F6/..\..\cores\6e0b88a48e757625a8f608dfc7da22d1\core.a(wiring_digital.c.o)
 .ARM.attributes
                0x00000362       0x2c C:\Users\merce\AppData\Local\Temp\arduino\sketches\3B7DF326C40F4E2881484D719AB894F6/..\..\cores\6e0b88a48e757625a8f608dfc7da22d1\core.a(wiring_private.c.o)
 .ARM.attributes
                0x0000038e       0x2c C:\Users\merce\AppData\Local\Temp\arduino\sketches\3B7DF326C40F4E2881484D719AB894F6/..\..\cores\6e0b88a48e757625a8f608dfc7da22d1\core.a(Reset.cpp.o)
 .ARM.attributes
                0x000003ba       0x2c C:\Users\merce\AppData\Local\Temp\arduino\sketches\3B7DF326C40F4E2881484D719AB894F6/..\..\cores\6e0b88a48e757625a8f608dfc7da22d1\core.a(PluggableUSB.cpp.o)
 .ARM.attributes
                0x000003e6       0x2c C:\Users\merce\AppData\Local\Temp\arduino\sketches\3B7DF326C40F4E2881484D719AB894F6/..\..\cores\6e0b88a48e757625a8f608dfc7da22d1\core.a(SAMD21_USBDevice.cpp.o)
 .ARM.attributes
                0x00000412       0x2c c:/users/merce/appdata/local/arduino15/packages/adafruit/tools/arm-none-eabi-gcc/9-2019q4/bin/../lib/gcc/arm-none-eabi/9.2.1/../../../../arm-none-eabi/lib/thumb/v6-m/nofp\libm.a(lib_a-s_sin.o)
 .ARM.attributes
                0x0000043e       0x2c c:/users/merce/appdata/local/arduino15/packages/adafruit/tools/arm-none-eabi-gcc/9-2019q4/bin/../lib/gcc/arm-none-eabi/9.2.1/../../../../arm-none-eabi/lib/thumb/v6-m/nofp\libm.a(lib_a-e_rem_pio2.o)
 .ARM.attributes
                0x0000046a       0x2c c:/users/merce/appdata/local/arduino15/packages/adafruit/tools/arm-none-eabi-gcc/9-2019q4/bin/../lib/gcc/arm-none-eabi/9.2.1/../../../../arm-none-eabi/lib/thumb/v6-m/nofp\libm.a(lib_a-k_cos.o)
 .ARM.attributes
                0x00000496       0x2c c:/users/merce/appdata/local/arduino15/packages/adafruit/tools/arm-none-eabi-gcc/9-2019q4/bin/../lib/gcc/arm-none-eabi/9.2.1/../../../../arm-none-eabi/lib/thumb/v6-m/nofp\libm.a(lib_a-k_rem_pio2.o)
 .ARM.attributes
                0x000004c2       0x2c c:/users/merce/appdata/local/arduino15/packages/adafruit/tools/arm-none-eabi-gcc/9-2019q4/bin/../lib/gcc/arm-none-eabi/9.2.1/../../../../arm-none-eabi/lib/thumb/v6-m/nofp\libm.a(lib_a-k_sin.o)
 .ARM.attributes
                0x000004ee       0x2c c:/users/merce/appdata/local/arduino15/packages/adafruit/tools/arm-none-eabi-gcc/9-2019q4/bin/../lib/gcc/arm-none-eabi/9.2.1/../../../../arm-none-eabi/lib/thumb/v6-m/nofp\libm.a(lib_a-s_fabs.o)
 .ARM.attributes
                0x0000051a       0x2c c:/users/merce/appdata/local/arduino15/packages/adafruit/tools/arm-none-eabi-gcc/9-2019q4/bin/../lib/gcc/arm-none-eabi/9.2.1/../../../../arm-none-eabi/lib/thumb/v6-m/nofp\libm.a(lib_a-s_floor.o)
 .ARM.attributes
                0x00000546       0x2c c:/users/merce/appdata/local/arduino15/packages/adafruit/tools/arm-none-eabi-gcc/9-2019q4/bin/../lib/gcc/arm-none-eabi/9.2.1/../../../../arm-none-eabi/lib/thumb/v6-m/nofp\libm.a(lib_a-s_scalbn.o)
 .ARM.attributes
                0x00000572       0x1e c:/users/merce/appdata/local/arduino15/packages/adafruit/tools/arm-none-eabi-gcc/9-2019q4/bin/../lib/gcc/arm-none-eabi/9.2.1/thumb/v6-m/nofp\libgcc.a(_udivsi3.o)
 .ARM.attributes
                0x00000590       0x1e c:/users/merce/appdata/local/arduino15/packages/adafruit/tools/arm-none-eabi-gcc/9-2019q4/bin/../lib/gcc/arm-none-eabi/9.2.1/thumb/v6-m/nofp\libgcc.a(_divsi3.o)
 .ARM.attributes
                0x000005ae       0x1e c:/users/merce/appdata/local/arduino15/packages/adafruit/tools/arm-none-eabi-gcc/9-2019q4/bin/../lib/gcc/arm-none-eabi/9.2.1/thumb/v6-m/nofp\libgcc.a(_dvmd_tls.o)
 .ARM.attributes
                0x000005cc       0x1e c:/users/merce/appdata/local/arduino15/packages/adafruit/tools/arm-none-eabi-gcc/9-2019q4/bin/../lib/gcc/arm-none-eabi/9.2.1/thumb/v6-m/nofp\libgcc.a(_arm_cmpdf2.o)
 .ARM.attributes
                0x000005ea       0x1e c:/users/merce/appdata/local/arduino15/packages/adafruit/tools/arm-none-eabi-gcc/9-2019q4/bin/../lib/gcc/arm-none-eabi/9.2.1/thumb/v6-m/nofp\libgcc.a(_arm_cmpsf2.o)
 .ARM.attributes
                0x00000608       0x2c c:/users/merce/appdata/local/arduino15/packages/adafruit/tools/arm-none-eabi-gcc/9-2019q4/bin/../lib/gcc/arm-none-eabi/9.2.1/thumb/v6-m/nofp\libgcc.a(addsf3.o)
 .ARM.attributes
                0x00000634       0x2c c:/users/merce/appdata/local/arduino15/packages/adafruit/tools/arm-none-eabi-gcc/9-2019q4/bin/../lib/gcc/arm-none-eabi/9.2.1/thumb/v6-m/nofp\libgcc.a(eqsf2.o)
 .ARM.attributes
                0x00000660       0x2c c:/users/merce/appdata/local/arduino15/packages/adafruit/tools/arm-none-eabi-gcc/9-2019q4/bin/../lib/gcc/arm-none-eabi/9.2.1/thumb/v6-m/nofp\libgcc.a(gesf2.o)
 .ARM.attributes
                0x0000068c       0x2c c:/users/merce/appdata/local/arduino15/packages/adafruit/tools/arm-none-eabi-gcc/9-2019q4/bin/../lib/gcc/arm-none-eabi/9.2.1/thumb/v6-m/nofp\libgcc.a(lesf2.o)
 .ARM.attributes
                0x000006b8       0x2c c:/users/merce/appdata/local/arduino15/packages/adafruit/tools/arm-none-eabi-gcc/9-2019q4/bin/../lib/gcc/arm-none-eabi/9.2.1/thumb/v6-m/nofp\libgcc.a(subsf3.o)
 .ARM.attributes
                0x000006e4       0x2c c:/users/merce/appdata/local/arduino15/packages/adafruit/tools/arm-none-eabi-gcc/9-2019q4/bin/../lib/gcc/arm-none-eabi/9.2.1/thumb/v6-m/nofp\libgcc.a(fixsfsi.o)
 .ARM.attributes
                0x00000710       0x2c c:/users/merce/appdata/local/arduino15/packages/adafruit/tools/arm-none-eabi-gcc/9-2019q4/bin/../lib/gcc/arm-none-eabi/9.2.1/thumb/v6-m/nofp\libgcc.a(floatsisf.o)
 .ARM.attributes
                0x0000073c       0x2c c:/users/merce/appdata/local/arduino15/packages/adafruit/tools/arm-none-eabi-gcc/9-2019q4/bin/../lib/gcc/arm-none-eabi/9.2.1/thumb/v6-m/nofp\libgcc.a(adddf3.o)
 .ARM.attributes
                0x00000768       0x2c c:/users/merce/appdata/local/arduino15/packages/adafruit/tools/arm-none-eabi-gcc/9-2019q4/bin/../lib/gcc/arm-none-eabi/9.2.1/thumb/v6-m/nofp\libgcc.a(divdf3.o)
 .ARM.attributes
                0x00000794       0x2c c:/users/merce/appdata/local/arduino15/packages/adafruit/tools/arm-none-eabi-gcc/9-2019q4/bin/../lib/gcc/arm-none-eabi/9.2.1/thumb/v6-m/nofp\libgcc.a(eqdf2.o)
 .ARM.attributes
                0x000007c0       0x2c c:/users/merce/appdata/local/arduino15/packages/adafruit/tools/arm-none-eabi-gcc/9-2019q4/bin/../lib/gcc/arm-none-eabi/9.2.1/thumb/v6-m/nofp\libgcc.a(gedf2.o)
 .ARM.attributes
                0x000007ec       0x2c c:/users/merce/appdata/local/arduino15/packages/adafruit/tools/arm-none-eabi-gcc/9-2019q4/bin/../lib/gcc/arm-none-eabi/9.2.1/thumb/v6-m/nofp\libgcc.a(ledf2.o)
 .ARM.attributes
                0x00000818       0x2c c:/users/merce/appdata/local/arduino15/packages/adafruit/tools/arm-none-eabi-gcc/9-2019q4/bin/../lib/gcc/arm-none-eabi/9.2.1/thumb/v6-m/nofp\libgcc.a(muldf3.o)
 .ARM.attributes
                0x00000844       0x2c c:/users/merce/appdata/local/arduino15/packages/adafruit/tools/arm-none-eabi-gcc/9-2019q4/bin/../lib/gcc/arm-none-eabi/9.2.1/thumb/v6-m/nofp\libgcc.a(subdf3.o)
 .ARM.attributes
                0x00000870       0x2c c:/users/merce/appdata/local/arduino15/packages/adafruit/tools/arm-none-eabi-gcc/9-2019q4/bin/../lib/gcc/arm-none-eabi/9.2.1/thumb/v6-m/nofp\libgcc.a(fixdfsi.o)
 .ARM.attributes
                0x0000089c       0x2c c:/users/merce/appdata/local/arduino15/packages/adafruit/tools/arm-none-eabi-gcc/9-2019q4/bin/../lib/gcc/arm-none-eabi/9.2.1/thumb/v6-m/nofp\libgcc.a(floatsidf.o)
 .ARM.attributes
                0x000008c8       0x2c c:/users/merce/appdata/local/arduino15/packages/adafruit/tools/arm-none-eabi-gcc/9-2019q4/bin/../lib/gcc/arm-none-eabi/9.2.1/thumb/v6-m/nofp\libgcc.a(truncdfsf2.o)
 .ARM.attributes
                0x000008f4       0x1e c:/users/merce/appdata/local/arduino15/packages/adafruit/tools/arm-none-eabi-gcc/9-2019q4/bin/../lib/gcc/arm-none-eabi/9.2.1/thumb/v6-m/nofp\libgcc.a(_clzsi2.o)
 .ARM.attributes
                0x00000912       0x2c c:/users/merce/appdata/local/arduino15/packages/adafruit/tools/arm-none-eabi-gcc/9-2019q4/bin/../lib/gcc/arm-none-eabi/9.2.1/../../../../arm-none-eabi/lib/thumb/v6-m/nofp\libc_nano.a(lib_a-impure.o)