Archive member included to satisfy reference by file (symbol)

C:\Users\merce\AppData\Local\Temp\arduino\sketches\DCD967028DC249B7D96059C009FB5EC6/..\..\cores\f46399f9161b8e8185ace385977b8625\core.a(Print.cpp.o)
                              C:\Users\merce\AppData\Local\Temp\arduino\sketches\DCD967028DC249B7D96059C009FB5EC6\sketch\itsybitsy-m4_pwm_awg.ino.cpp.o (Print::print(char const*))
C:\Users\merce\AppData\Local\Temp\arduino\sketches\DCD967028DC249B7D96059C009FB5EC6/..\..\cores\f46399f9161b8e8185ace385977b8625\core.a(SERCOM.cpp.o)
                              C:\Users\merce\AppData\Local\Temp\arduino\sketches\DCD967028DC249B7D96059C009FB5EC6\core\variant.cpp.o (SERCOM::SERCOM(Sercom*))
C:\Users\merce\AppData\Local\Temp\arduino\sketches\DCD967028DC249B7D96059C009FB5EC6/..\..\cores\f46399f9161b8e8185ace385977b8625\core.a(Stream.cpp.o)
                              C:\Users\merce\AppData\Local\Temp\arduino\sketches\DCD967028DC249B7D96059C009FB5EC6\sketch\itsybitsy-m4_pwm_awg.ino.cpp.o (Stream::parseInt(LookaheadMode, char))
C:\Users\merce\AppData\Local\Temp\arduino\sketches\DCD967028DC249B7D96059C009FB5EC6/..\..\cores\f46399f9161b8e8185ace385977b8625\core.a(CDC.cpp.o)
                              C:\Users\merce\AppData\Local\Temp\arduino\sketches\DCD967028DC249B7D96059C009FB5EC6\sketch\itsybitsy-m4_pwm_awg.ino.cpp.o (Serial_::available())
C:\Users\merce\AppData\Local\Temp\arduino\sketches\DCD967028DC249B7D96059C009FB5EC6/..\..\cores\f46399f9161b8e8185ace385977b8625\core.a(USBCore.cpp.o)
                              C:\Users\merce\AppData\Local\Temp\arduino\sketches\DCD967028DC249B7D96059C009FB5EC6/..\..\cores\f46399f9161b8e8185ace385977b8625\core.a(CDC.cpp.o) (USBDeviceClass::flush(unsigned long))
C:\Users\merce\AppData\Local\Temp\arduino\sketches\DCD967028DC249B7D96059C009FB5EC6/..\..\cores\f46399f9161b8e8185ace385977b8625\core.a(Uart.cpp.o)
                              C:\Users\merce\AppData\Local\Temp\arduino\sketches\DCD967028DC249B7D96059C009FB5EC6\core\variant.cpp.o (Uart::Uart(SERCOM*, unsigned char, unsigned char, SercomRXPad, SercomUartTXPad))
C:\Users\merce\AppData\Local\Temp\arduino\sketches\DCD967028DC249B7D96059C009FB5EC6/..\..\cores\f46399f9161b8e8185ace385977b8625\core.a(WString.cpp.o)
                              C:\Users\merce\AppData\Local\Temp\arduino\sketches\DCD967028DC249B7D96059C009FB5EC6/..\..\cores\f46399f9161b8e8185ace385977b8625\core.a(Stream.cpp.o) (String::String(char const*))
C:\Users\merce\AppData\Local\Temp\arduino\sketches\DCD967028DC249B7D96059C009FB5EC6/..\..\cores\f46399f9161b8e8185ace385977b8625\core.a(abi.cpp.o)
                              C:\Users\merce\AppData\Local\Temp\arduino\sketches\DCD967028DC249B7D96059C009FB5EC6/..\..\cores\f46399f9161b8e8185ace385977b8625\core.a(Print.cpp.o) (__cxa_pure_virtual)
C:\Users\merce\AppData\Local\Temp\arduino\sketches\DCD967028DC249B7D96059C009FB5EC6/..\..\cores\f46399f9161b8e8185ace385977b8625\core.a(dtostrf.c.o)
                              C:\Users\merce\AppData\Local\Temp\arduino\sketches\DCD967028DC249B7D96059C009FB5EC6/..\..\cores\f46399f9161b8e8185ace385977b8625\core.a(WString.cpp.o) (dtostrf)
C:\Users\merce\AppData\Local\Temp\arduino\sketches\DCD967028DC249B7D96059C009FB5EC6/..\..\cores\f46399f9161b8e8185ace385977b8625\core.a(cortex_handlers.c.o)
                              (Reset_Handler)
C:\Users\merce\AppData\Local\Temp\arduino\sketches\DCD967028DC249B7D96059C009FB5EC6/..\..\cores\f46399f9161b8e8185ace385977b8625\core.a(delay.c.o)
                              C:\Users\merce\AppData\Local\Temp\arduino\sketches\DCD967028DC249B7D96059C009FB5EC6/..\..\cores\f46399f9161b8e8185ace385977b8625\core.a(Stream.cpp.o) (millis)
C:\Users\merce\AppData\Local\Temp\arduino\sketches\DCD967028DC249B7D96059C009FB5EC6/..\..\cores\f46399f9161b8e8185ace385977b8625\core.a(hooks.c.o)
                              C:\Users\merce\AppData\Local\Temp\arduino\sketches\DCD967028DC249B7D96059C009FB5EC6/..\..\cores\f46399f9161b8e8185ace385977b8625\core.a(Stream.cpp.o) (yield)
C:\Users\merce\AppData\Local\Temp\arduino\sketches\DCD967028DC249B7D96059C009FB5EC6/..\..\cores\f46399f9161b8e8185ace385977b8625\core.a(itoa.c.o)
                              C:\Users\merce\AppData\Local\Temp\arduino\sketches\DCD967028DC249B7D96059C009FB5EC6/..\..\cores\f46399f9161b8e8185ace385977b8625\core.a(WString.cpp.o) (ltoa)
C:\Users\merce\AppData\Local\Temp\arduino\sketches\DCD967028DC249B7D96059C009FB5EC6/..\..\cores\f46399f9161b8e8185ace385977b8625\core.a(main.cpp.o)
                              c:/users/merce/appdata/local/arduino15/packages/adafruit/tools/arm-none-eabi-gcc/9-2019q4/bin/../lib/gcc/arm-none-eabi/9.2.1/../../../../arm-none-eabi/lib/thumb/v7e-m+fp/hard/crt0.o (main)
C:\Users\merce\AppData\Local\Temp\arduino\sketches\DCD967028DC249B7D96059C009FB5EC6/..\..\cores\f46399f9161b8e8185ace385977b8625\core.a(new.cpp.o)
[...]
Memory Configuration

Name             Origin             Length             Attributes
FLASH            0x00004000         0x0007c000         xr
RAM              0x20000000         0x00030000         xrw
*default*        0x00000000         0xffffffff

Linker script and memory map

LOAD c:/users/merce/appdata/local/arduino15/packages/adafruit/tools/arm-none-eabi-gcc/9-2019q4/bin/../lib/gcc/arm-none-eabi/9.2.1/thumb/v7e-m+fp/hard/crti.o
LOAD c:/users/merce/appdata/local/arduino15/packages/adafruit/tools/arm-none-eabi-gcc/9-2019q4/bin/../lib/gcc/arm-none-eabi/9.2.1/thumb/v7e-m+fp/hard/crtbegin.o
LOAD c:/users/merce/appdata/local/arduino15/packages/adafruit/tools/arm-none-eabi-gcc/9-2019q4/bin/../lib/gcc/arm-none-eabi/9.2.1/../../../../arm-none-eabi/lib/thumb/v7e-m+fp/hard/crt0.o
LOAD C:\Users\merce\AppData\Local\Temp\arduino\sketches\DCD967028DC249B7D96059C009FB5EC6\sketch\itsybitsy-m4_pwm_awg.ino.cpp.o
LOAD C:\Users\merce\AppData\Local\Temp\arduino\sketches\DCD967028DC249B7D96059C009FB5EC6\libraries\Adafruit_ZeroTimer_Library\Adafruit_ZeroTimer.cpp.o
LOAD C:\Users\merce\AppData\Local\Temp\arduino\sketches\DCD967028DC249B7D96059C009FB5EC6\libraries\Adafruit_NeoPixel\Adafruit_NeoPixel.cpp.o
LOAD C:\Users\merce\AppData\Local\Temp\arduino\sketches\DCD967028DC249B7D96059C009FB5EC6\libraries\Adafruit_NeoPixel\esp.c.o
LOAD C:\Users\merce\AppData\Local\Temp\arduino\sketches\DCD967028DC249B7D96059C009FB5EC6\libraries\Adafruit_NeoPixel\esp8266.c.o
LOAD C:\Users\merce\AppData\Local\Temp\arduino\sketches\DCD967028DC249B7D96059C009FB5EC6\libraries\Adafruit_NeoPixel\kendyte_k210.c.o
LOAD C:\Users\merce\AppData\Local\Temp\arduino\sketches\DCD967028DC249B7D96059C009FB5EC6\core\variant.cpp.o
START GROUP
LOAD C:\Users\merce\AppData\Local\Arduino15\packages\adafruit\tools\CMSIS\5.4.0/CMSIS/Lib/GCC/\libarm_cortexM4lf_math.a
LOAD C:\Users\merce\AppData\Local\Temp\arduino\sketches\DCD967028DC249B7D96059C009FB5EC6/..\..\cores\f46399f9161b8e8185ace385977b8625\core.a
END GROUP
LOAD c:/users/merce/appdata/local/arduino15/packages/adafruit/tools/arm-none-eabi-gcc/9-2019q4/bin/../lib/gcc/arm-none-eabi/9.2.1/../../../../arm-none-eabi/lib/thumb/v7e-m+fp/hard\libstdc++_nano.a
LOAD c:/users/merce/appdata/local/arduino15/packages/adafruit/tools/arm-none-eabi-gcc/9-2019q4/bin/../lib/gcc/arm-none-eabi/9.2.1/../../../../arm-none-eabi/lib/thumb/v7e-m+fp/hard\libm.a
START GROUP
LOAD c:/users/merce/appdata/local/arduino15/packages/adafruit/tools/arm-none-eabi-gcc/9-2019q4/bin/../lib/gcc/arm-none-eabi/9.2.1/thumb/v7e-m+fp/hard\libgcc.a
LOAD c:/users/merce/appdata/local/arduino15/packages/adafruit/tools/arm-none-eabi-gcc/9-2019q4/bin/../lib/gcc/arm-none-eabi/9.2.1/../../../../arm-none-eabi/lib/thumb/v7e-m+fp/hard\libc_nano.a
END GROUP
START GROUP
LOAD c:/users/merce/appdata/local/arduino15/packages/adafruit/tools/arm-none-eabi-gcc/9-2019q4/bin/../lib/gcc/arm-none-eabi/9.2.1/thumb/v7e-m+fp/hard\libgcc.a
LOAD c:/users/merce/appdata/local/arduino15/packages/adafruit/tools/arm-none-eabi-gcc/9-2019q4/bin/../lib/gcc/arm-none-eabi/9.2.1/../../../../arm-none-eabi/lib/thumb/v7e-m+fp/hard\libc_nano.a
LOAD c:/users/merce/appdata/local/arduino15/packages/adafruit/tools/arm-none-eabi-gcc/9-2019q4/bin/../lib/gcc/arm-none-eabi/9.2.1/../../../../arm-none-eabi/lib/thumb/v7e-m+fp/hard\libnosys.a
END GROUP
START GROUP
LOAD c:/users/merce/appdata/local/arduino15/packages/adafruit/tools/arm-none-eabi-gcc/9-2019q4/bin/../lib/gcc/arm-none-eabi/9.2.1/thumb/v7e-m+fp/hard\libgcc.a
LOAD c:/users/merce/appdata/local/arduino15/packages/adafruit/tools/arm-none-eabi-gcc/9-2019q4/bin/../lib/gcc/arm-none-eabi/9.2.1/../../../../arm-none-eabi/lib/thumb/v7e-m+fp/hard\libc_nano.a
LOAD c:/users/merce/appdata/local/arduino15/packages/adafruit/tools/arm-none-eabi-gcc/9-2019q4/bin/../lib/gcc/arm-none-eabi/9.2.1/../../../../arm-none-eabi/lib/thumb/v7e-m+fp/hard\libnosys.a
END GROUP
LOAD c:/users/merce/appdata/local/arduino15/packages/adafruit/tools/arm-none-eabi-gcc/9-2019q4/bin/../lib/gcc/arm-none-eabi/9.2.1/thumb/v7e-m+fp/hard/crtend.o
LOAD c:/users/merce/appdata/local/arduino15/packages/adafruit/tools/arm-none-eabi-gcc/9-2019q4/bin/../lib/gcc/arm-none-eabi/9.2.1/thumb/v7e-m+fp/hard/crtn.o

.text           0x00004000     0x760c
                0x00004000                __text_start__ = .
 *(.sketch_boot)
                0x00004000                . = ALIGN (0x4000)
 *(.isr_vector)
 .isr_vector    0x00004000      0x264 C:\Users\merce\AppData\Local\Temp\arduino\sketches\DCD967028DC249B7D96059C009FB5EC6/..\..\cores\f46399f9161b8e8185ace385977b8625\core.a(cortex_handlers.c.o)
                0x00004000                exception_table
 *(.text*)
 .text          0x00004264       0x40 c:/users/merce/appdata/local/arduino15/packages/adafruit/tools/arm-none-eabi-gcc/9-2019q4/bin/../lib/gcc/arm-none-eabi/9.2.1/thumb/v7e-m+fp/hard/crtbegin.o
 .text._Z9updatedacv
                0x000042a4       0x9c C:\Users\merce\AppData\Local\Temp\arduino\sketches\DCD967028DC249B7D96059C009FB5EC6\sketch\itsybitsy-m4_pwm_awg.ino.cpp.o
                0x000042a4                updatedac()
 .text.TC3_Handler
                0x00004340        0x8 C:\Users\merce\AppData\Local\Temp\arduino\sketches\DCD967028DC249B7D96059C009FB5EC6\sketch\itsybitsy-m4_pwm_awg.ino.cpp.o
                0x00004340                TC3_Handler
 .text._Z8ADC_initv
                0x00004348      0x138 C:\Users\merce\AppData\Local\Temp\arduino\sketches\DCD967028DC249B7D96059C009FB5EC6\sketch\itsybitsy-m4_pwm_awg.ino.cpp.o
                0x00004348                ADC_init()
 .text._Z9makewaveav
                0x00004480      0x2a4 C:\Users\merce\AppData\Local\Temp\arduino\sketches\DCD967028DC249B7D96059C009FB5EC6\sketch\itsybitsy-m4_pwm_awg.ino.cpp.o
                0x00004480                makewavea()
 .text.loop     0x00004724        0x4 C:\Users\merce\AppData\Local\Temp\arduino\sketches\DCD967028DC249B7D96059C009FB5EC6\sketch\itsybitsy-m4_pwm_awg.ino.cpp.o
                0x00004724                loop
 .text.startup._GLOBAL__sub_I_pixels
                0x00004728       0x38 C:\Users\merce\AppData\Local\Temp\arduino\sketches\DCD967028DC249B7D96059C009FB5EC6\sketch\itsybitsy-m4_pwm_awg.ino.cpp.o
 .text.setup    0x00004760     0x10d8 C:\Users\merce\AppData\Local\Temp\arduino\sketches\DCD967028DC249B7D96059C009FB5EC6\sketch\itsybitsy-m4_pwm_awg.ino.cpp.o
                0x00004760                setup
 .text._ZN18Adafruit_ZeroTimerC2Eh
                0x00005838        0x4 C:\Users\merce\AppData\Local\Temp\arduino\sketches\DCD967028DC249B7D96059C009FB5EC6\libraries\Adafruit_ZeroTimer_Library\Adafruit_ZeroTimer.cpp.o
                0x00005838                Adafruit_ZeroTimer::Adafruit_ZeroTimer(unsigned char)
                0x00005838                Adafruit_ZeroTimer::Adafruit_ZeroTimer(unsigned char)
 .text._ZN18Adafruit_ZeroTimer7tc_initEv
                0x0000583c      0x1cc C:\Users\merce\AppData\Local\Temp\arduino\sketches\DCD967028DC249B7D96059C009FB5EC6\libraries\Adafruit_ZeroTimer_Library\Adafruit_ZeroTimer.cpp.o
                0x0000583c                Adafruit_ZeroTimer::tc_init()
 .text._ZN18Adafruit_ZeroTimer9configureE18tc_clock_prescaler15tc_counter_size18tc_wave_generation18tc_count_direction
                0x00005a08       0x78 C:\Users\merce\AppData\Local\Temp\arduino\sketches\DCD967028DC249B7D96059C009FB5EC6\libraries\Adafruit_ZeroTimer_Library\Adafruit_ZeroTimer.cpp.o
                0x00005a08                Adafruit_ZeroTimer::configure(tc_clock_prescaler, tc_counter_size, tc_wave_generation, tc_count_direction)
 .text._ZN18Adafruit_ZeroTimer11setCallbackEb11tc_callbackPFvvE
                0x00005a80      0x134 C:\Users\merce\AppData\Local\Temp\arduino\sketches\DCD967028DC249B7D96059C009FB5EC6\libraries\Adafruit_ZeroTimer_Library\Adafruit_ZeroTimer.cpp.o
                0x00005a80                Adafruit_ZeroTimer::setCallback(bool, tc_callback, void (*)())
 .text._ZN18Adafruit_ZeroTimer10setCompareEhm
                0x00005bb4       0x6c C:\Users\merce\AppData\Local\Temp\arduino\sketches\DCD967028DC249B7D96059C009FB5EC6\libraries\Adafruit_ZeroTimer_Library\Adafruit_ZeroTimer.cpp.o
                0x00005bb4                Adafruit_ZeroTimer::setCompare(unsigned char, unsigned long)
 .text._ZN18Adafruit_ZeroTimer6enableEb
                0x00005c20       0x40 C:\Users\merce\AppData\Local\Temp\arduino\sketches\DCD967028DC249B7D96059C009FB5EC6\libraries\Adafruit_ZeroTimer_Library\Adafruit_ZeroTimer.cpp.o
                0x00005c20                Adafruit_ZeroTimer::enable(bool)
 .text._ZN18Adafruit_ZeroTimer12timerHandlerEh
                0x00005c60       0x40 C:\Users\merce\AppData\Local\Temp\arduino\sketches\DCD967028DC249B7D96059C009FB5EC6\libraries\Adafruit_ZeroTimer_Library\Adafruit_ZeroTimer.cpp.o
                0x00005c60                Adafruit_ZeroTimer::timerHandler(unsigned char)
 .text._ZN17Adafruit_NeoPixelC2Etst
                0x00005ca0       0x5c C:\Users\merce\AppData\Local\Temp\arduino\sketches\DCD967028DC249B7D96059C009FB5EC6\libraries\Adafruit_NeoPixel\Adafruit_NeoPixel.cpp.o
                0x00005ca0                Adafruit_NeoPixel::Adafruit_NeoPixel(unsigned short, short, unsigned short)
                0x00005ca0                Adafruit_NeoPixel::Adafruit_NeoPixel(unsigned short, short, unsigned short)
 .text._ZN17Adafruit_NeoPixelD2Ev
                0x00005cfc       0x1c C:\Users\merce\AppData\Local\Temp\arduino\sketches\DCD967028DC249B7D96059C009FB5EC6\libraries\Adafruit_NeoPixel\Adafruit_NeoPixel.cpp.o
                0x00005cfc                Adafruit_NeoPixel::~Adafruit_NeoPixel()
                0x00005cfc                Adafruit_NeoPixel::~Adafruit_NeoPixel()
 .text._ZN17Adafruit_NeoPixel5beginEv
                0x00005d18       0x24 C:\Users\merce\AppData\Local\Temp\arduino\sketches\DCD967028DC249B7D96059C009FB5EC6\libraries\Adafruit_NeoPixel\Adafruit_NeoPixel.cpp.o
                0x00005d18                Adafruit_NeoPixel::begin()
 .text._ZN17Adafruit_NeoPixel5clearEv
                0x00005d3c        0xc C:\Users\merce\AppData\Local\Temp\arduino\sketches\DCD967028DC249B7D96059C009FB5EC6\libraries\Adafruit_NeoPixel\Adafruit_NeoPixel.cpp.o
                0x00005d3c                Adafruit_NeoPixel::clear()
 .text.SERCOM3_0_Handler
                0x00005d48        0xc C:\Users\merce\AppData\Local\Temp\arduino\sketches\DCD967028DC249B7D96059C009FB5EC6\core\variant.cpp.o
                0x00005d48                SERCOM3_0_Handler
 .text.SERCOM3_1_Handler
                0x00005d54        0xc C:\Users\merce\AppData\Local\Temp\arduino\sketches\DCD967028DC249B7D96059C009FB5EC6\core\variant.cpp.o
                0x00005d54                SERCOM3_1_Handler
 .text.SERCOM3_2_Handler
                0x00005d60        0xc C:\Users\merce\AppData\Local\Temp\arduino\sketches\DCD967028DC249B7D96059C009FB5EC6\core\variant.cpp.o
                0x00005d60                SERCOM3_2_Handler
 .text.SERCOM3_3_Handler
                0x00005d6c        0xc C:\Users\merce\AppData\Local\Temp\arduino\sketches\DCD967028DC249B7D96059C009FB5EC6\core\variant.cpp.o
                0x00005d6c                SERCOM3_3_Handler
 .text.startup._GLOBAL__sub_I_g_APinDescription
                0x00005d78       0x7c C:\Users\merce\AppData\Local\Temp\arduino\sketches\DCD967028DC249B7D96059C009FB5EC6\core\variant.cpp.o
 .text._ZN5Print5writeEPKhj
                0x00005df4       0x2c C:\Users\merce\AppData\Local\Temp\arduino\sketches\DCD967028DC249B7D96059C009FB5EC6/..\..\cores\f46399f9161b8e8185ace385977b8625\core.a(Print.cpp.o)
                0x00005df4                Print::write(unsigned char const*, unsigned int)
 .text._ZN5Print5printEPKc
                0x00005e20       0x5c C:\Users\merce\AppData\Local\Temp\arduino\sketches\DCD967028DC249B7D96059C009FB5EC6/..\..\cores\f46399f9161b8e8185ace385977b8625\core.a(Print.cpp.o)
                0x00005e20                Print::print(char const*)
 .text._ZN5Print7printlnEPKc
                0x00005e7c       0xa0 C:\Users\merce\AppData\Local\Temp\arduino\sketches\DCD967028DC249B7D96059C009FB5EC6/..\..\cores\f46399f9161b8e8185ace385977b8625\core.a(Print.cpp.o)
                0x00005e7c                Print::println(char const*)
 .text._ZN5Print11printNumberEmh
                0x00005f1c       0x88 C:\Users\merce\AppData\Local\Temp\arduino\sketches\DCD967028DC249B7D96059C009FB5EC6/..\..\cores\f46399f9161b8e8185ace385977b8625\core.a(Print.cpp.o)
                0x00005f1c                Print::printNumber(unsigned long, unsigned char)
 .text._ZN5Print7printlnEji
                0x00005fa4       0x64 C:\Users\merce\AppData\Local\Temp\arduino\sketches\DCD967028DC249B7D96059C009FB5EC6/..\..\cores\f46399f9161b8e8185ace385977b8625\core.a(Print.cpp.o)
                0x00005fa4                Print::println(unsigned int, int)
 .text._ZN6SERCOMC2EP6Sercom
                0x00006008        0x8 C:\Users\merce\AppData\Local\Temp\arduino\sketches\DCD967028DC249B7D96059C009FB5EC6/..\..\cores\f46399f9161b8e8185ace385977b8625\core.a(SERCOM.cpp.o)
                0x00006008                SERCOM::SERCOM(Sercom*)
                0x00006008                SERCOM::SERCOM(Sercom*)
 .text._ZN6SERCOM9initFrameE18SercomUartCharSize15SercomDataOrder16SercomParityMode19SercomNumberStopBit
                0x00006010       0x3c C:\Users\merce\AppData\Local\Temp\arduino\sketches\DCD967028DC249B7D96059C009FB5EC6/..\..\cores\f46399f9161b8e8185ace385977b8625\core.a(SERCOM.cpp.o)
                0x00006010                SERCOM::initFrame(SercomUartCharSize, SercomDataOrder, SercomParityMode, SercomNumberStopBit)
 .text._ZN6SERCOM8initPadsE15SercomUartTXPad11SercomRXPad
                0x0000604c       0x28 C:\Users\merce\AppData\Local\Temp\arduino\sketches\DCD967028DC249B7D96059C009FB5EC6/..\..\cores\f46399f9161b8e8185ace385977b8625\core.a(SERCOM.cpp.o)
                0x0000604c                SERCOM::initPads(SercomUartTXPad, SercomRXPad)
 .text._ZN6SERCOM9resetUARTEv
                0x00006074       0x1c C:\Users\merce\AppData\Local\Temp\arduino\sketches\DCD967028DC249B7D96059C009FB5EC6/..\..\cores\f46399f9161b8e8185ace385977b8625\core.a(SERCOM.cpp.o)
                0x00006074                SERCOM::resetUART()
 .text._ZN6SERCOM10enableUARTEv
                0x00006090       0x14 C:\Users\merce\AppData\Local\Temp\arduino\sketches\DCD967028DC249B7D96059C009FB5EC6/..\..\cores\f46399f9161b8e8185ace385977b8625\core.a(SERCOM.cpp.o)
                0x00006090                SERCOM::enableUART()
 .text._ZN6SERCOM9flushUARTEv
                0x000060a4       0x10 C:\Users\merce\AppData\Local\Temp\arduino\sketches\DCD967028DC249B7D96059C009FB5EC6/..\..\cores\f46399f9161b8e8185ace385977b8625\core.a(SERCOM.cpp.o)
                0x000060a4                SERCOM::flushUART()
 .text._ZN6SERCOM15clearStatusUARTEv
                0x000060b4        0x8 C:\Users\merce\AppData\Local\Temp\arduino\sketches\DCD967028DC249B7D96059C009FB5EC6/..\..\cores\f46399f9161b8e8185ace385977b8625\core.a(SERCOM.cpp.o)
                0x000060b4                SERCOM::clearStatusUART()
 .text._ZN6SERCOM17availableDataUARTEv
                0x000060bc        0xc C:\Users\merce\AppData\Local\Temp\arduino\sketches\DCD967028DC249B7D96059C009FB5EC6/..\..\cores\f46399f9161b8e8185ace385977b8625\core.a(SERCOM.cpp.o)
                0x000060bc                SERCOM::availableDataUART()
 .text._ZN6SERCOM11isUARTErrorEv
                0x000060c8        0x8 C:\Users\merce\AppData\Local\Temp\arduino\sketches\DCD967028DC249B7D96059C009FB5EC6/..\..\cores\f46399f9161b8e8185ace385977b8625\core.a(SERCOM.cpp.o)
                0x000060c8                SERCOM::isUARTError()
 .text._ZN6SERCOM20acknowledgeUARTErrorEv
                0x000060d0        0xc C:\Users\merce\AppData\Local\Temp\arduino\sketches\DCD967028DC249B7D96059C009FB5EC6/..\..\cores\f46399f9161b8e8185ace385977b8625\core.a(SERCOM.cpp.o)
                0x000060d0                SERCOM::acknowledgeUARTError()
 .text._ZN6SERCOM16isFrameErrorUARTEv
                0x000060dc        0xc C:\Users\merce\AppData\Local\Temp\arduino\sketches\DCD967028DC249B7D96059C009FB5EC6/..\..\cores\f46399f9161b8e8185ace385977b8625\core.a(SERCOM.cpp.o)
                0x000060dc                SERCOM::isFrameErrorUART()
 .text._ZN6SERCOM19clearFrameErrorUARTEv
                0x000060e8        0xc C:\Users\merce\AppData\Local\Temp\arduino\sketches\DCD967028DC249B7D96059C009FB5EC6/..\..\cores\f46399f9161b8e8185ace385977b8625\core.a(SERCOM.cpp.o)
                0x000060e8                SERCOM::clearFrameErrorUART()
 .text._ZN6SERCOM23isDataRegisterEmptyUARTEv
                0x000060f4        0xc C:\Users\merce\AppData\Local\Temp\arduino\sketches\DCD967028DC249B7D96059C009FB5EC6/..\..\cores\f46399f9161b8e8185ace385977b8625\core.a(SERCOM.cpp.o)
                0x000060f4                SERCOM::isDataRegisterEmptyUART()
 .text._ZN6SERCOM12readDataUARTEv
                0x00006100        0x8 C:\Users\merce\AppData\Local\Temp\arduino\sketches\DCD967028DC249B7D96059C009FB5EC6/..\..\cores\f46399f9161b8e8185ace385977b8625\core.a(SERCOM.cpp.o)
                0x00006100                SERCOM::readDataUART()
 .text._ZN6SERCOM13writeDataUARTEh
                0x00006108       0x10 C:\Users\merce\AppData\Local\Temp\arduino\sketches\DCD967028DC249B7D96059C009FB5EC6/..\..\cores\f46399f9161b8e8185ace385977b8625\core.a(SERCOM.cpp.o)
                0x00006108                SERCOM::writeDataUART(unsigned char)
 .text._ZN6SERCOM36enableDataRegisterEmptyInterruptUARTEv
                0x00006118        0x8 C:\Users\merce\AppData\Local\Temp\arduino\sketches\DCD967028DC249B7D96059C009FB5EC6/..\..\cores\f46399f9161b8e8185ace385977b8625\core.a(SERCOM.cpp.o)
                0x00006118                SERCOM::enableDataRegisterEmptyInterruptUART()
 .text._ZN6SERCOM37disableDataRegisterEmptyInterruptUARTEv
                0x00006120        0x8 C:\Users\merce\AppData\Local\Temp\arduino\sketches\DCD967028DC249B7D96059C009FB5EC6/..\..\cores\f46399f9161b8e8185ace385977b8625\core.a(SERCOM.cpp.o)
                0x00006120                SERCOM::disableDataRegisterEmptyInterruptUART()
 .text._ZN6SERCOM13initClockNVICEv
                0x00006128      0x298 C:\Users\merce\AppData\Local\Temp\arduino\sketches\DCD967028DC249B7D96059C009FB5EC6/..\..\cores\f46399f9161b8e8185ace385977b8625\core.a(SERCOM.cpp.o)
                0x00006128                SERCOM::initClockNVIC()
 .text._ZN6SERCOM8initUARTE14SercomUartMode20SercomUartSampleRatem
                0x000063c0       0x7c C:\Users\merce\AppData\Local\Temp\arduino\sketches\DCD967028DC249B7D96059C009FB5EC6/..\..\cores\f46399f9161b8e8185ace385977b8625\core.a(SERCOM.cpp.o)
                0x000063c0                SERCOM::initUART(SercomUartMode, SercomUartSampleRate, unsigned long)
 .text._ZN6Stream13peekNextDigitE13LookaheadModeb
                0x0000643c       0x7c C:\Users\merce\AppData\Local\Temp\arduino\sketches\DCD967028DC249B7D96059C009FB5EC6/..\..\cores\f46399f9161b8e8185ace385977b8625\core.a(Stream.cpp.o)
                0x0000643c                Stream::peekNextDigit(LookaheadMode, bool)
 .text._ZN6Stream8parseIntE13LookaheadModec
                0x000064b8       0x78 C:\Users\merce\AppData\Local\Temp\arduino\sketches\DCD967028DC249B7D96059C009FB5EC6/..\..\cores\f46399f9161b8e8185ace385977b8625\core.a(Stream.cpp.o)
                0x000064b8                Stream::parseInt(LookaheadMode, char)
 .text._ZN7Serial_17availableForWriteEv
                0x00006530        0x4 C:\Users\merce\AppData\Local\Temp\arduino\sketches\DCD967028DC249B7D96059C009FB5EC6/..\..\cores\f46399f9161b8e8185ace385977b8625\core.a(CDC.cpp.o)
                0x00006530                Serial_::availableForWrite()
 .text._ZN7Serial_9availableEv
                0x00006534        0x8 C:\Users\merce\AppData\Local\Temp\arduino\sketches\DCD967028DC249B7D96059C009FB5EC6/..\..\cores\f46399f9161b8e8185ace385977b8625\core.a(CDC.cpp.o)
                0x00006534                Serial_::available()
 .text._ZN7Serial_5flushEv
                0x0000653c        0x8 C:\Users\merce\AppData\Local\Temp\arduino\sketches\DCD967028DC249B7D96059C009FB5EC6/..\..\cores\f46399f9161b8e8185ace385977b8625\core.a(CDC.cpp.o)
                0x0000653c                Serial_::flush()
 .text._ZN7Serial_5writeEPKhj
                0x00006544       0x28 C:\Users\merce\AppData\Local\Temp\arduino\sketches\DCD967028DC249B7D96059C009FB5EC6/..\..\cores\f46399f9161b8e8185ace385977b8625\core.a(CDC.cpp.o)
                0x00006544                Serial_::write(unsigned char const*, unsigned int)
 .text._ZN7Serial_4readEv
                0x0000656c       0x20 C:\Users\merce\AppData\Local\Temp\arduino\sketches\DCD967028DC249B7D96059C009FB5EC6/..\..\cores\f46399f9161b8e8185ace385977b8625\core.a(CDC.cpp.o)
                0x0000656c                Serial_::read()
 .text._ZN7Serial_4peekEv
                0x0000658c       0x34 C:\Users\merce\AppData\Local\Temp\arduino\sketches\DCD967028DC249B7D96059C009FB5EC6/..\..\cores\f46399f9161b8e8185ace385977b8625\core.a(CDC.cpp.o)
                0x0000658c                Serial_::peek()
 .text._ZN7Serial_5writeEh
                0x000065c0       0x50 C:\Users\merce\AppData\Local\Temp\arduino\sketches\DCD967028DC249B7D96059C009FB5EC6/..\..\cores\f46399f9161b8e8185ace385977b8625\core.a(CDC.cpp.o)
                0x000065c0                Serial_::write(unsigned char)
 .text._Z16CDC_GetInterfacePh
                0x00006610       0x20 C:\Users\merce\AppData\Local\Temp\arduino\sketches\DCD967028DC249B7D96059C009FB5EC6/..\..\cores\f46399f9161b8e8185ace385977b8625\core.a(CDC.cpp.o)
                0x00006610                CDC_GetInterface(unsigned char*)
 .text._Z9CDC_SetupR8USBSetup
                0x00006630       0x7c C:\Users\merce\AppData\Local\Temp\arduino\sketches\DCD967028DC249B7D96059C009FB5EC6/..\..\cores\f46399f9161b8e8185ace385977b8625\core.a(CDC.cpp.o)
                0x00006630                CDC_Setup(USBSetup&)
 .text._ZN7Serial_5beginEm
                0x000066ac        0x4 C:\Users\merce\AppData\Local\Temp\arduino\sketches\DCD967028DC249B7D96059C009FB5EC6/..\..\cores\f46399f9161b8e8185ace385977b8625\core.a(CDC.cpp.o)
                0x000066ac                Serial_::begin(unsigned long)
 .text.startup._GLOBAL__sub_I__Z17_CDC_GetInterfacev
                0x000066b0       0x24 C:\Users\merce\AppData\Local\Temp\arduino\sketches\DCD967028DC249B7D96059C009FB5EC6/..\..\cores\f46399f9161b8e8185ace385977b8625\core.a(CDC.cpp.o)
 .text._ZN26DoubleBufferedEPOutHandler4initEv
                0x000066d4        0x4 C:\Users\merce\AppData\Local\Temp\arduino\sketches\DCD967028DC249B7D96059C009FB5EC6/..\..\cores\f46399f9161b8e8185ace385977b8625\core.a(USBCore.cpp.o)
                0x000066d4                DoubleBufferedEPOutHandler::init()
 .text._ZN26DoubleBufferedEPOutHandler4recvEPvm
                0x000066d8      0x164 C:\Users\merce\AppData\Local\Temp\arduino\sketches\DCD967028DC249B7D96059C009FB5EC6/..\..\cores\f46399f9161b8e8185ace385977b8625\core.a(USBCore.cpp.o)
                0x000066d8                DoubleBufferedEPOutHandler::recv(void*, unsigned long)
 .text._ZN26DoubleBufferedEPOutHandlerD2Ev
                0x0000683c       0x14 C:\Users\merce\AppData\Local\Temp\arduino\sketches\DCD967028DC249B7D96059C009FB5EC6/..\..\cores\f46399f9161b8e8185ace385977b8625\core.a(USBCore.cpp.o)
                0x0000683c                DoubleBufferedEPOutHandler::~DoubleBufferedEPOutHandler()
                0x0000683c                DoubleBufferedEPOutHandler::~DoubleBufferedEPOutHandler()
 .text._ZN26DoubleBufferedEPOutHandlerD0Ev
                0x00006850       0x1c C:\Users\merce\AppData\Local\Temp\arduino\sketches\DCD967028DC249B7D96059C009FB5EC6/..\..\cores\f46399f9161b8e8185ace385977b8625\core.a(USBCore.cpp.o)
                0x00006850                DoubleBufferedEPOutHandler::~DoubleBufferedEPOutHandler()
 .text._ZNK26DoubleBufferedEPOutHandler9availableEv
                0x0000686c       0x44 C:\Users\merce\AppData\Local\Temp\arduino\sketches\DCD967028DC249B7D96059C009FB5EC6/..\..\cores\f46399f9161b8e8185ace385977b8625\core.a(USBCore.cpp.o)
                0x0000686c                DoubleBufferedEPOutHandler::available() const
 .text._ZN26DoubleBufferedEPOutHandler14handleEndpointEv
                0x000068b0       0xdc C:\Users\merce\AppData\Local\Temp\arduino\sketches\DCD967028DC249B7D96059C009FB5EC6/..\..\cores\f46399f9161b8e8185ace385977b8625\core.a(USBCore.cpp.o)
                0x000068b0                DoubleBufferedEPOutHandler::handleEndpoint()
 .text._ZN14USBDeviceClass20sendStringDescriptorEPKhh
                0x0000698c      0x114 C:\Users\merce\AppData\Local\Temp\arduino\sketches\DCD967028DC249B7D96059C009FB5EC6/..\..\cores\f46399f9161b8e8185ace385977b8625\core.a(USBCore.cpp.o)
                0x0000698c                USBDeviceClass::sendStringDescriptor(unsigned char const*, unsigned char)
 .text._ZN14USBDeviceClass17sendConfigurationEm
                0x00006aa0      0x170 C:\Users\merce\AppData\Local\Temp\arduino\sketches\DCD967028DC249B7D96059C009FB5EC6/..\..\cores\f46399f9161b8e8185ace385977b8625\core.a(USBCore.cpp.o)
                0x00006aa0                USBDeviceClass::sendConfiguration(unsigned long)
 .text._ZN14USBDeviceClass14sendDescriptorER8USBSetup
                0x00006c10      0x388 C:\Users\merce\AppData\Local\Temp\arduino\sketches\DCD967028DC249B7D96059C009FB5EC6/..\..\cores\f46399f9161b8e8185ace385977b8625\core.a(USBCore.cpp.o)
                0x00006c10                USBDeviceClass::sendDescriptor(USBSetup&)
 .text._ZN14USBDeviceClass4initEv
                0x00006f98       0xf0 C:\Users\merce\AppData\Local\Temp\arduino\sketches\DCD967028DC249B7D96059C009FB5EC6/..\..\cores\f46399f9161b8e8185ace385977b8625\core.a(USBCore.cpp.o)
                0x00006f98                USBDeviceClass::init()
 .text._ZN14USBDeviceClass6attachEv
                0x00007088       0x38 C:\Users\merce\AppData\Local\Temp\arduino\sketches\DCD967028DC249B7D96059C009FB5EC6/..\..\cores\f46399f9161b8e8185ace385977b8625\core.a(USBCore.cpp.o)
                0x00007088                USBDeviceClass::attach()
 .text._ZN14USBDeviceClass5flushEm
                0x000070c0       0x94 C:\Users\merce\AppData\Local\Temp\arduino\sketches\DCD967028DC249B7D96059C009FB5EC6/..\..\cores\f46399f9161b8e8185ace385977b8625\core.a(USBCore.cpp.o)
                0x000070c0                USBDeviceClass::flush(unsigned long)
 .text._ZN14USBDeviceClass11recvControlEPvm
                0x00007154       0xb8 C:\Users\merce\AppData\Local\Temp\arduino\sketches\DCD967028DC249B7D96059C009FB5EC6/..\..\cores\f46399f9161b8e8185ace385977b8625\core.a(USBCore.cpp.o)
                0x00007154                USBDeviceClass::recvControl(void*, unsigned long)
 .text._ZN14USBDeviceClass9availableEm
                0x0000720c       0x74 C:\Users\merce\AppData\Local\Temp\arduino\sketches\DCD967028DC249B7D96059C009FB5EC6/..\..\cores\f46399f9161b8e8185ace385977b8625\core.a(USBCore.cpp.o)
                0x0000720c                USBDeviceClass::available(unsigned long)
 .text._ZN14USBDeviceClass4recvEm
                0x00007280      0x224 C:\Users\merce\AppData\Local\Temp\arduino\sketches\DCD967028DC249B7D96059C009FB5EC6/..\..\cores\f46399f9161b8e8185ace385977b8625\core.a(USBCore.cpp.o)
                0x00007280                USBDeviceClass::recv(unsigned long)
 .text._ZN14USBDeviceClass4sendEmPKvm
                0x000074a4      0x118 C:\Users\merce\AppData\Local\Temp\arduino\sketches\DCD967028DC249B7D96059C009FB5EC6/..\..\cores\f46399f9161b8e8185ace385977b8625\core.a(USBCore.cpp.o)
                0x000074a4                USBDeviceClass::send(unsigned long, void const*, unsigned long)
 .text._ZN14USBDeviceClass11sendControlEPKvm
                0x000075bc       0x64 C:\Users\merce\AppData\Local\Temp\arduino\sketches\DCD967028DC249B7D96059C009FB5EC6/..\..\cores\f46399f9161b8e8185ace385977b8625\core.a(USBCore.cpp.o)
                0x000075bc                USBDeviceClass::sendControl(void const*, unsigned long)
 .text._ZN14USBDeviceClass19handleStandardSetupER8USBSetup
                0x00007620      0x364 C:\Users\merce\AppData\Local\Temp\arduino\sketches\DCD967028DC249B7D96059C009FB5EC6/..\..\cores\f46399f9161b8e8185ace385977b8625\core.a(USBCore.cpp.o)
                0x00007620                USBDeviceClass::handleStandardSetup(USBSetup&)
 .text._ZN14USBDeviceClass10ISRHandlerEv.part.0
                0x00007984      0x2d0 C:\Users\merce\AppData\Local\Temp\arduino\sketches\DCD967028DC249B7D96059C009FB5EC6/..\..\cores\f46399f9161b8e8185ace385977b8625\core.a(USBCore.cpp.o)
 .text.UDD_Handler
                0x00007c54       0x18 C:\Users\merce\AppData\Local\Temp\arduino\sketches\DCD967028DC249B7D96059C009FB5EC6/..\..\cores\f46399f9161b8e8185ace385977b8625\core.a(USBCore.cpp.o)
                0x00007c54                UDD_Handler
 .text.startup._GLOBAL__sub_I_usbd
                0x00007c6c       0x10 C:\Users\merce\AppData\Local\Temp\arduino\sketches\DCD967028DC249B7D96059C009FB5EC6/..\..\cores\f46399f9161b8e8185ace385977b8625\core.a(USBCore.cpp.o)
 .text._ZN4UartcvbEv
                0x00007c7c        0x4 C:\Users\merce\AppData\Local\Temp\arduino\sketches\DCD967028DC249B7D96059C009FB5EC6/..\..\cores\f46399f9161b8e8185ace385977b8625\core.a(Uart.cpp.o)
                0x00007c7c                Uart::operator bool()
 .text._ZN4Uart9availableEv
                0x00007c80       0x14 C:\Users\merce\AppData\Local\Temp\arduino\sketches\DCD967028DC249B7D96059C009FB5EC6/..\..\cores\f46399f9161b8e8185ace385977b8625\core.a(Uart.cpp.o)
                0x00007c80                Uart::available()
 .text._ZN4Uart4peekEv
                0x00007c94       0x1c C:\Users\merce\AppData\Local\Temp\arduino\sketches\DCD967028DC249B7D96059C009FB5EC6/..\..\cores\f46399f9161b8e8185ace385977b8625\core.a(Uart.cpp.o)
                0x00007c94                Uart::peek()
 .text._ZN4Uart5beginEmt
                0x00007cb0      0x110 C:\Users\merce\AppData\Local\Temp\arduino\sketches\DCD967028DC249B7D96059C009FB5EC6/..\..\cores\f46399f9161b8e8185ace385977b8625\core.a(Uart.cpp.o)
                0x00007cb0                Uart::begin(unsigned long, unsigned short)
 .text._ZN4Uart3endEv
                0x00007dc0       0x20 C:\Users\merce\AppData\Local\Temp\arduino\sketches\DCD967028DC249B7D96059C009FB5EC6/..\..\cores\f46399f9161b8e8185ace385977b8625\core.a(Uart.cpp.o)
                0x00007dc0                Uart::end()
 .text._ZN4Uart5flushEv
                0x00007de0       0x1c C:\Users\merce\AppData\Local\Temp\arduino\sketches\DCD967028DC249B7D96059C009FB5EC6/..\..\cores\f46399f9161b8e8185ace385977b8625\core.a(Uart.cpp.o)
                0x00007de0                Uart::flush()
 .text._ZN4Uart17availableForWriteEv
                0x00007dfc       0x2c C:\Users\merce\AppData\Local\Temp\arduino\sketches\DCD967028DC249B7D96059C009FB5EC6/..\..\cores\f46399f9161b8e8185ace385977b8625\core.a(Uart.cpp.o)
                0x00007dfc                Uart::availableForWrite()
 .text._ZN4Uart4readEv
                0x00007e28       0x80 C:\Users\merce\AppData\Local\Temp\arduino\sketches\DCD967028DC249B7D96059C009FB5EC6/..\..\cores\f46399f9161b8e8185ace385977b8625\core.a(Uart.cpp.o)
                0x00007e28                Uart::read()
 .text._ZN4Uart5beginEm
                0x00007ea8       0xec C:\Users\merce\AppData\Local\Temp\arduino\sketches\DCD967028DC249B7D96059C009FB5EC6/..\..\cores\f46399f9161b8e8185ace385977b8625\core.a(Uart.cpp.o)
                0x00007ea8                Uart::begin(unsigned long)
 .text._ZN4UartC2EP6SERCOMhh11SercomRXPad15SercomUartTXPad
                0x00007f94       0x78 C:\Users\merce\AppData\Local\Temp\arduino\sketches\DCD967028DC249B7D96059C009FB5EC6/..\..\cores\f46399f9161b8e8185ace385977b8625\core.a(Uart.cpp.o)
                0x00007f94                Uart::Uart(SERCOM*, unsigned char, unsigned char, SercomRXPad, SercomUartTXPad)
                0x00007f94                Uart::Uart(SERCOM*, unsigned char, unsigned char, SercomRXPad, SercomUartTXPad)
 .text._ZN4Uart10IrqHandlerEv
                0x0000800c      0x114 C:\Users\merce\AppData\Local\Temp\arduino\sketches\DCD967028DC249B7D96059C009FB5EC6/..\..\cores\f46399f9161b8e8185ace385977b8625\core.a(Uart.cpp.o)
                0x0000800c                Uart::IrqHandler()
 .text._ZN4Uart5writeEh
                0x00008120       0xfc C:\Users\merce\AppData\Local\Temp\arduino\sketches\DCD967028DC249B7D96059C009FB5EC6/..\..\cores\f46399f9161b8e8185ace385977b8625\core.a(Uart.cpp.o)
                0x00008120                Uart::write(unsigned char)
 .text.Dummy_Handler
                0x0000821c        0x4 C:\Users\merce\AppData\Local\Temp\arduino\sketches\DCD967028DC249B7D96059C009FB5EC6/..\..\cores\f46399f9161b8e8185ace385977b8625\core.a(cortex_handlers.c.o)
                0x0000821c                EIC_5_Handler
                0x0000821c                SERCOM0_2_Handler
                0x0000821c                DebugMon_Handler
                0x0000821c                EIC_13_Handler
                0x0000821c                EVSYS_0_Handler
                0x0000821c                TCC1_3_Handler
                0x0000821c                DAC_3_Handler
                0x0000821c                TRNG_Handler
                0x0000821c                HardFault_Handler
                0x0000821c                PDEC_2_Handler
                0x0000821c                EIC_4_Handler
                0x0000821c                AC_Handler
                0x0000821c                TCC2_3_Handler
                0x0000821c                PendSV_Handler
                0x0000821c                NMI_Handler
                0x0000821c                TC7_Handler
                0x0000821c                ADC1_1_Handler
                0x0000821c                EVSYS_3_Handler
                0x0000821c                PDEC_0_Handler
                0x0000821c                QSPI_Handler
                0x0000821c                TCC0_0_Handler
                0x0000821c                EIC_3_Handler
                0x0000821c                TAL_0_Handler
                0x0000821c                DAC_2_Handler
                0x0000821c                SERCOM0_0_Handler
                0x0000821c                RTC_Handler
                0x0000821c                UsageFault_Handler
                0x0000821c                SERCOM4_0_Handler
                0x0000821c                EIC_10_Handler
                0x0000821c                SERCOM0_3_Handler
                0x0000821c                EIC_11_Handler
                0x0000821c                EIC_9_Handler
                0x0000821c                OSC32KCTRL_Handler
                0x0000821c                TCC2_1_Handler
                0x0000821c                SUPC_1_Handler
                0x0000821c                TCC0_5_Handler
                0x0000821c                TCC0_6_Handler
                0x0000821c                SERCOM6_2_Handler
                0x0000821c                EVSYS_1_Handler
                0x0000821c                TCC1_4_Handler
                0x0000821c                TC6_Handler
                0x0000821c                DMAC_0_Handler
                0x0000821c                WDT_Handler
                0x0000821c                CAN0_Handler
                0x0000821c                EIC_8_Handler
                0x0000821c                EIC_15_Handler
                0x0000821c                SERCOM6_0_Handler
                0x0000821c                SERCOM5_0_Handler
                0x0000821c                TC4_Handler
                0x0000821c                TC1_Handler
                0x0000821c                OSCCTRL_4_Handler
                0x0000821c                SERCOM4_3_Handler
                0x0000821c                EIC_12_Handler
                0x0000821c                DMAC_4_Handler
                0x0000821c                TCC4_2_Handler
                0x0000821c                PAC_Handler
                0x0000821c                TCC1_0_Handler
                0x0000821c                OSCCTRL_0_Handler
                0x0000821c                EIC_0_Handler
                0x0000821c                OSCCTRL_3_Handler
                0x0000821c                SERCOM4_1_Handler
                0x0000821c                Dummy_Handler
                0x0000821c                TCC3_0_Handler
                0x0000821c                TCC2_2_Handler
                0x0000821c                SERCOM5_1_Handler
                0x0000821c                TCC1_1_Handler
                0x0000821c                DMAC_2_Handler
                0x0000821c                ADC0_0_Handler
                0x0000821c                SERCOM0_1_Handler
                0x0000821c                OSCCTRL_2_Handler
                0x0000821c                ADC1_0_Handler
                0x0000821c                TCC1_2_Handler
                0x0000821c                SERCOM7_1_Handler
                0x0000821c                PM_Handler
                0x0000821c                SERCOM6_3_Handler
                0x0000821c                SERCOM2_3_Handler
                0x0000821c                DAC_4_Handler
                0x0000821c                TCC3_2_Handler
                0x0000821c                SERCOM7_0_Handler
                0x0000821c                TCC0_2_Handler
                0x0000821c                DMAC_1_Handler
                0x0000821c                TCC4_0_Handler
                0x0000821c                SERCOM7_3_Handler
                0x0000821c                GMAC_Handler
                0x0000821c                SDHC1_Handler
                0x0000821c                SERCOM7_2_Handler
                0x0000821c                CAN1_Handler
                0x0000821c                TCC2_0_Handler
                0x0000821c                PDEC_1_Handler
                0x0000821c                MemManage_Handler
                0x0000821c                TCC4_1_Handler
                0x0000821c                SERCOM5_3_Handler
                0x0000821c                SVC_Handler
                0x0000821c                SERCOM6_1_Handler
                0x0000821c                SDHC0_Handler
                0x0000821c                SERCOM1_1_Handler
                0x0000821c                I2S_Handler
                0x0000821c                EIC_2_Handler
                0x0000821c                PCC_Handler
                0x0000821c                DAC_0_Handler
                0x0000821c                TCC0_1_Handler
                0x0000821c                SERCOM1_3_Handler
                0x0000821c                EIC_6_Handler
                0x0000821c                OSCCTRL_1_Handler
                0x0000821c                SERCOM1_0_Handler
                0x0000821c                PUKCC_Handler
                0x0000821c                SERCOM2_1_Handler
                0x0000821c                SERCOM1_2_Handler
                0x0000821c                EIC_1_Handler
                0x0000821c                SERCOM4_2_Handler
                0x0000821c                EVSYS_4_Handler
                0x0000821c                EIC_7_Handler
                0x0000821c                NVMCTRL_1_Handler
                0x0000821c                SERCOM5_2_Handler
                0x0000821c                ADC0_1_Handler
                0x0000821c                SERCOM2_2_Handler
                0x0000821c                TCC3_1_Handler
                0x0000821c                EIC_14_Handler
                0x0000821c                DAC_1_Handler
                0x0000821c                NVMCTRL_0_Handler
                0x0000821c                TAL_1_Handler
                0x0000821c                MCLK_Handler
                0x0000821c                EVSYS_2_Handler
                0x0000821c                SUPC_0_Handler
                0x0000821c                BusFault_Handler
                0x0000821c                FREQM_Handler
                0x0000821c                TC0_Handler
                0x0000821c                TCC0_3_Handler
                0x0000821c                DMAC_3_Handler
                0x0000821c                TCC0_4_Handler
                0x0000821c                RAMECC_Handler
                0x0000821c                TC5_Handler
                0x0000821c                SERCOM2_0_Handler
                0x0000821c                AES_Handler
                0x0000821c                ICM_Handler
 .text.USB_0_Handler
                0x00008220       0x10 C:\Users\merce\AppData\Local\Temp\arduino\sketches\DCD967028DC249B7D96059C009FB5EC6/..\..\cores\f46399f9161b8e8185ace385977b8625\core.a(cortex_handlers.c.o)
                0x00008220                USB_0_Handler
 .text.Reset_Handler
                0x00008230       0x94 C:\Users\merce\AppData\Local\Temp\arduino\sketches\DCD967028DC249B7D96059C009FB5EC6/..\..\cores\f46399f9161b8e8185ace385977b8625\core.a(cortex_handlers.c.o)
                0x00008230                Reset_Handler
 .text.SysTick_Handler
                0x000082c4       0x14 C:\Users\merce\AppData\Local\Temp\arduino\sketches\DCD967028DC249B7D96059C009FB5EC6/..\..\cores\f46399f9161b8e8185ace385977b8625\core.a(cortex_handlers.c.o)
                0x000082c4                SysTick_Handler
 .text.USB_3_Handler
                0x000082d8       0x10 C:\Users\merce\AppData\Local\Temp\arduino\sketches\DCD967028DC249B7D96059C009FB5EC6/..\..\cores\f46399f9161b8e8185ace385977b8625\core.a(cortex_handlers.c.o)
                0x000082d8                USB_3_Handler
 .text.USB_1_Handler
                0x000082e8       0x10 C:\Users\merce\AppData\Local\Temp\arduino\sketches\DCD967028DC249B7D96059C009FB5EC6/..\..\cores\f46399f9161b8e8185ace385977b8625\core.a(cortex_handlers.c.o)
                0x000082e8                USB_1_Handler
 .text.USB_2_Handler
                0x000082f8       0x10 C:\Users\merce\AppData\Local\Temp\arduino\sketches\DCD967028DC249B7D96059C009FB5EC6/..\..\cores\f46399f9161b8e8185ace385977b8625\core.a(cortex_handlers.c.o)
                0x000082f8                USB_2_Handler
 .text.USB_SetHandler
                0x00008308        0xc C:\Users\merce\AppData\Local\Temp\arduino\sketches\DCD967028DC249B7D96059C009FB5EC6/..\..\cores\f46399f9161b8e8185ace385977b8625\core.a(cortex_handlers.c.o)
                0x00008308                USB_SetHandler
 .text.millis   0x00008314        0xc C:\Users\merce\AppData\Local\Temp\arduino\sketches\DCD967028DC249B7D96059C009FB5EC6/..\..\cores\f46399f9161b8e8185ace385977b8625\core.a(delay.c.o)
                0x00008314                millis
 .text.micros   0x00008320       0x60 C:\Users\merce\AppData\Local\Temp\arduino\sketches\DCD967028DC249B7D96059C009FB5EC6/..\..\cores\f46399f9161b8e8185ace385977b8625\core.a(delay.c.o)
                0x00008320                micros
 .text.delayMicroseconds
                0x00008380       0x1c C:\Users\merce\AppData\Local\Temp\arduino\sketches\DCD967028DC249B7D96059C009FB5EC6/..\..\cores\f46399f9161b8e8185ace385977b8625\core.a(delay.c.o)
                0x00008380                delayMicroseconds
 .text.delay    0x0000839c       0xdc C:\Users\merce\AppData\Local\Temp\arduino\sketches\DCD967028DC249B7D96059C009FB5EC6/..\..\cores\f46399f9161b8e8185ace385977b8625\core.a(delay.c.o)
                0x0000839c                delay
 .text.SysTick_DefaultHandler
                0x00008478       0x10 C:\Users\merce\AppData\Local\Temp\arduino\sketches\DCD967028DC249B7D96059C009FB5EC6/..\..\cores\f46399f9161b8e8185ace385977b8625\core.a(delay.c.o)
                0x00008478                SysTick_DefaultHandler
 .text.__empty  0x00008488        0x4 C:\Users\merce\AppData\Local\Temp\arduino\sketches\DCD967028DC249B7D96059C009FB5EC6/..\..\cores\f46399f9161b8e8185ace385977b8625\core.a(hooks.c.o)
                0x00008488                yield
 .text.__false  0x0000848c        0x4 C:\Users\merce\AppData\Local\Temp\arduino\sketches\DCD967028DC249B7D96059C009FB5EC6/..\..\cores\f46399f9161b8e8185ace385977b8625\core.a(hooks.c.o)
                0x0000848c                sysTickHook
 .text._Z11initVariantv
                0x00008490        0x4 C:\Users\merce\AppData\Local\Temp\arduino\sketches\DCD967028DC249B7D96059C009FB5EC6/..\..\cores\f46399f9161b8e8185ace385977b8625\core.a(main.cpp.o)
                0x00008490                initVariant()
 .text.startup.main
                0x00008494       0x54 C:\Users\merce\AppData\Local\Temp\arduino\sketches\DCD967028DC249B7D96059C009FB5EC6/..\..\cores\f46399f9161b8e8185ace385977b8625\core.a(main.cpp.o)
                0x00008494                main
 .text._Znwj    0x000084e8        0x4 C:\Users\merce\AppData\Local\Temp\arduino\sketches\DCD967028DC249B7D96059C009FB5EC6/..\..\cores\f46399f9161b8e8185ace385977b8625\core.a(new.cpp.o)
                0x000084e8                operator new(unsigned int)
 .text._ZdlPv   0x000084ec        0x4 C:\Users\merce\AppData\Local\Temp\arduino\sketches\DCD967028DC249B7D96059C009FB5EC6/..\..\cores\f46399f9161b8e8185ace385977b8625\core.a(new.cpp.o)
                0x000084ec                operator delete(void*)
 .text.SystemInit
                0x000084f0      0x1f4 C:\Users\merce\AppData\Local\Temp\arduino\sketches\DCD967028DC249B7D96059C009FB5EC6/..\..\cores\f46399f9161b8e8185ace385977b8625\core.a(startup.c.o)
                0x000084f0                SystemInit
 *fill*         0x000086e4        0x4 
 .text.init     0x000086e8      0x124 C:\Users\merce\AppData\Local\Temp\arduino\sketches\DCD967028DC249B7D96059C009FB5EC6/..\..\cores\f46399f9161b8e8185ace385977b8625\core.a(wiring.c.o)
                0x000086e8                init
 .text.analogWriteResolution
                0x0000880c        0xc C:\Users\merce\AppData\Local\Temp\arduino\sketches\DCD967028DC249B7D96059C009FB5EC6/..\..\cores\f46399f9161b8e8185ace385977b8625\core.a(wiring_analog.c.o)
                0x0000880c                analogWriteResolution
 .text.analogReference
                0x00008818       0xf4 C:\Users\merce\AppData\Local\Temp\arduino\sketches\DCD967028DC249B7D96059C009FB5EC6/..\..\cores\f46399f9161b8e8185ace385977b8625\core.a(wiring_analog.c.o)
                0x00008818                analogReference
 .text.analogWrite
                0x0000890c      0x2e4 C:\Users\merce\AppData\Local\Temp\arduino\sketches\DCD967028DC249B7D96059C009FB5EC6/..\..\cores\f46399f9161b8e8185ace385977b8625\core.a(wiring_analog.c.o)
                0x0000890c                analogWrite
 .text.pinMode  0x00008bf0       0x9c C:\Users\merce\AppData\Local\Temp\arduino\sketches\DCD967028DC249B7D96059C009FB5EC6/..\..\cores\f46399f9161b8e8185ace385977b8625\core.a(wiring_digital.c.o)
                0x00008bf0                pinMode
 .text.digitalWrite
                0x00008c8c       0x5c C:\Users\merce\AppData\Local\Temp\arduino\sketches\DCD967028DC249B7D96059C009FB5EC6/..\..\cores\f46399f9161b8e8185ace385977b8625\core.a(wiring_digital.c.o)
                0x00008c8c                digitalWrite
 .text.pinPeripheral
                0x00008ce8       0xdc C:\Users\merce\AppData\Local\Temp\arduino\sketches\DCD967028DC249B7D96059C009FB5EC6/..\..\cores\f46399f9161b8e8185ace385977b8625\core.a(wiring_private.c.o)
                0x00008ce8                pinPeripheral
 .text.initiateReset
                0x00008dc4        0xc C:\Users\merce\AppData\Local\Temp\arduino\sketches\DCD967028DC249B7D96059C009FB5EC6/..\..\cores\f46399f9161b8e8185ace385977b8625\core.a(Reset.cpp.o)
                0x00008dc4                initiateReset
 .text.cancelReset
                0x00008dd0       0x10 C:\Users\merce\AppData\Local\Temp\arduino\sketches\DCD967028DC249B7D96059C009FB5EC6/..\..\cores\f46399f9161b8e8185ace385977b8625\core.a(Reset.cpp.o)
                0x00008dd0                cancelReset
 .text.tickReset
                0x00008de0       0x48 C:\Users\merce\AppData\Local\Temp\arduino\sketches\DCD967028DC249B7D96059C009FB5EC6/..\..\cores\f46399f9161b8e8185ace385977b8625\core.a(Reset.cpp.o)
                0x00008de0                tickReset
 .text._ZN13PluggableUSB_12getInterfaceEPh
                0x00008e28       0x2c C:\Users\merce\AppData\Local\Temp\arduino\sketches\DCD967028DC249B7D96059C009FB5EC6/..\..\cores\f46399f9161b8e8185ace385977b8625\core.a(PluggableUSB.cpp.o)
                0x00008e28                PluggableUSB_::getInterface(unsigned char*)
 .text._ZN13PluggableUSB_13getDescriptorER8USBSetup
                0x00008e54       0x24 C:\Users\merce\AppData\Local\Temp\arduino\sketches\DCD967028DC249B7D96059C009FB5EC6/..\..\cores\f46399f9161b8e8185ace385977b8625\core.a(PluggableUSB.cpp.o)
                0x00008e54                PluggableUSB_::getDescriptor(USBSetup&)
 .text._ZN13PluggableUSB_5setupER8USBSetup
                0x00008e78       0x24 C:\Users\merce\AppData\Local\Temp\arduino\sketches\DCD967028DC249B7D96059C009FB5EC6/..\..\cores\f46399f9161b8e8185ace385977b8625\core.a(PluggableUSB.cpp.o)
                0x00008e78                PluggableUSB_::setup(USBSetup&)
 .text._Z12PluggableUSBv
                0x00008e9c       0x30 C:\Users\merce\AppData\Local\Temp\arduino\sketches\DCD967028DC249B7D96059C009FB5EC6/..\..\cores\f46399f9161b8e8185ace385977b8625\core.a(PluggableUSB.cpp.o)
                0x00008e9c                PluggableUSB()
 .text._ZN20USBDevice_SAMD21G18x5resetEv
                0x00008ecc       0x2c C:\Users\merce\AppData\Local\Temp\arduino\sketches\DCD967028DC249B7D96059C009FB5EC6/..\..\cores\f46399f9161b8e8185ace385977b8625\core.a(SAMD21_USBDevice.cpp.o)
                0x00008ecc                USBDevice_SAMD21G18x::reset()
 .text._ZN20USBDevice_SAMD21G18x9calibrateEv
                0x00008ef8       0x44 C:\Users\merce\AppData\Local\Temp\arduino\sketches\DCD967028DC249B7D96059C009FB5EC6/..\..\cores\f46399f9161b8e8185ace385977b8625\core.a(SAMD21_USBDevice.cpp.o)
                0x00008ef8                USBDevice_SAMD21G18x::calibrate()
 .text.__aeabi_atexit
                0x00008f3c        0xa c:/users/merce/appdata/local/arduino15/packages/adafruit/tools/arm-none-eabi-gcc/9-2019q4/bin/../lib/gcc/arm-none-eabi/9.2.1/../../../../arm-none-eabi/lib/thumb/v7e-m+fp/hard\libstdc++_nano.a(atexit_arm.o)
                0x00008f3c                __aeabi_atexit
 *fill*         0x00008f46        0x2 
 .text.sin      0x00008f48       0xb0 c:/users/merce/appdata/local/arduino15/packages/adafruit/tools/arm-none-eabi-gcc/9-2019q4/bin/../lib/gcc/arm-none-eabi/9.2.1/../../../../arm-none-eabi/lib/thumb/v7e-m+fp/hard\libm.a(lib_a-s_sin.o)
                0x00008f48                sin
 .text.__ieee754_rem_pio2
                0x00008ff8      0x46c c:/users/merce/appdata/local/arduino15/packages/adafruit/tools/arm-none-eabi-gcc/9-2019q4/bin/../lib/gcc/arm-none-eabi/9.2.1/../../../../arm-none-eabi/lib/thumb/v7e-m+fp/hard\libm.a(lib_a-e_rem_pio2.o)
                0x00008ff8                __ieee754_rem_pio2
 *fill*         0x00009464        0x4 
 .text.__kernel_cos
                0x00009468      0x27c c:/users/merce/appdata/local/arduino15/packages/adafruit/tools/arm-none-eabi-gcc/9-2019q4/bin/../lib/gcc/arm-none-eabi/9.2.1/../../../../arm-none-eabi/lib/thumb/v7e-m+fp/hard\libm.a(lib_a-k_cos.o)
                0x00009468                __kernel_cos
 *fill*         0x000096e4        0x4 
 .text.__kernel_rem_pio2
                0x000096e8      0x850 c:/users/merce/appdata/local/arduino15/packages/adafruit/tools/arm-none-eabi-gcc/9-2019q4/bin/../lib/gcc/arm-none-eabi/9.2.1/../../../../arm-none-eabi/lib/thumb/v7e-m+fp/hard\libm.a(lib_a-k_rem_pio2.o)
                0x000096e8                __kernel_rem_pio2
 .text.__kernel_sin
                0x00009f38      0x17c c:/users/merce/appdata/local/arduino15/packages/adafruit/tools/arm-none-eabi-gcc/9-2019q4/bin/../lib/gcc/arm-none-eabi/9.2.1/../../../../arm-none-eabi/lib/thumb/v7e-m+fp/hard\libm.a(lib_a-k_sin.o)
                0x00009f38                __kernel_sin
 .text.fabs     0x0000a0b4       0x14 c:/users/merce/appdata/local/arduino15/packages/adafruit/tools/arm-none-eabi-gcc/9-2019q4/bin/../lib/gcc/arm-none-eabi/9.2.1/../../../../arm-none-eabi/lib/thumb/v7e-m+fp/hard\libm.a(lib_a-s_fabs.o)
                0x0000a0b4                fabs
 .text.floor    0x0000a0c8      0x108 c:/users/merce/appdata/local/arduino15/packages/adafruit/tools/arm-none-eabi-gcc/9-2019q4/bin/../lib/gcc/arm-none-eabi/9.2.1/../../../../arm-none-eabi/lib/thumb/v7e-m+fp/hard\libm.a(lib_a-s_floor.o)
                0x0000a0c8                floor
 .text.scalbn   0x0000a1d0      0x124 c:/users/merce/appdata/local/arduino15/packages/adafruit/tools/arm-none-eabi-gcc/9-2019q4/bin/../lib/gcc/arm-none-eabi/9.2.1/../../../../arm-none-eabi/lib/thumb/v7e-m+fp/hard\libm.a(lib_a-s_scalbn.o)
                0x0000a1d0                scalbn
 .text          0x0000a2f4      0x378 c:/users/merce/appdata/local/arduino15/packages/adafruit/tools/arm-none-eabi-gcc/9-2019q4/bin/../lib/gcc/arm-none-eabi/9.2.1/thumb/v7e-m+fp/hard\libgcc.a(_arm_addsubdf3.o)
                0x0000a2f4                __aeabi_drsub
                0x0000a2fc                __aeabi_dsub
                0x0000a2fc                __subdf3
                0x0000a300                __aeabi_dadd
                0x0000a300                __adddf3
                0x0000a578                __floatunsidf
                0x0000a578                __aeabi_ui2d
                0x0000a598                __floatsidf
                0x0000a598                __aeabi_i2d
                0x0000a5bc                __aeabi_f2d
                0x0000a5bc                __extendsfdf2
                0x0000a600                __floatundidf
                0x0000a600                __aeabi_ul2d
                0x0000a610                __floatdidf
                0x0000a610                __aeabi_l2d
 .text          0x0000a66c      0x424 c:/users/merce/appdata/local/arduino15/packages/adafruit/tools/arm-none-eabi-gcc/9-2019q4/bin/../lib/gcc/arm-none-eabi/9.2.1/thumb/v7e-m+fp/hard\libgcc.a(_arm_muldivdf3.o)
                0x0000a66c                __aeabi_dmul
                0x0000a66c                __muldf3
                0x0000a8c0                __divdf3
                0x0000a8c0                __aeabi_ddiv
 .text          0x0000aa90      0x110 c:/users/merce/appdata/local/arduino15/packages/adafruit/tools/arm-none-eabi-gcc/9-2019q4/bin/../lib/gcc/arm-none-eabi/9.2.1/thumb/v7e-m+fp/hard\libgcc.a(_arm_cmpdf2.o)
                0x0000aa90                __gtdf2
                0x0000aa90                __gedf2
                0x0000aa98                __ltdf2
                0x0000aa98                __ledf2
                0x0000aaa0                __nedf2
                0x0000aaa0                __eqdf2
                0x0000aaa0                __cmpdf2
                0x0000ab1c                __aeabi_cdrcmple
                0x0000ab2c                __aeabi_cdcmpeq
                0x0000ab2c                __aeabi_cdcmple
                0x0000ab3c                __aeabi_dcmpeq
                0x0000ab50                __aeabi_dcmplt
                0x0000ab64                __aeabi_dcmple
                0x0000ab78                __aeabi_dcmpge
                0x0000ab8c                __aeabi_dcmpgt
 .text          0x0000aba0       0x50 c:/users/merce/appdata/local/arduino15/packages/adafruit/tools/arm-none-eabi-gcc/9-2019q4/bin/../lib/gcc/arm-none-eabi/9.2.1/thumb/v7e-m+fp/hard\libgcc.a(_arm_fixdfsi.o)
                0x0000aba0                __aeabi_d2iz
                0x0000aba0                __fixdfsi
 .text          0x0000abf0       0xa0 c:/users/merce/appdata/local/arduino15/packages/adafruit/tools/arm-none-eabi-gcc/9-2019q4/bin/../lib/gcc/arm-none-eabi/9.2.1/thumb/v7e-m+fp/hard\libgcc.a(_arm_truncdfsf2.o)
                0x0000abf0                __truncdfsf2
                0x0000abf0                __aeabi_d2f
 .text.calloc   0x0000ac90       0x10 c:/users/merce/appdata/local/arduino15/packages/adafruit/tools/arm-none-eabi-gcc/9-2019q4/bin/../lib/gcc/arm-none-eabi/9.2.1/../../../../arm-none-eabi/lib/thumb/v7e-m+fp/hard\libc_nano.a(lib_a-calloc.o)
                0x0000ac90                calloc
 .text.__cxa_atexit
                0x0000aca0       0x1c c:/users/merce/appdata/local/arduino15/packages/adafruit/tools/arm-none-eabi-gcc/9-2019q4/bin/../lib/gcc/arm-none-eabi/9.2.1/../../../../arm-none-eabi/lib/thumb/v7e-m+fp/hard\libc_nano.a(lib_a-cxa_atexit.o)
                0x0000aca0                __cxa_atexit
 .text.__libc_init_array
                0x0000acbc       0x48 c:/users/merce/appdata/local/arduino15/packages/adafruit/tools/arm-none-eabi-gcc/9-2019q4/bin/../lib/gcc/arm-none-eabi/9.2.1/../../../../arm-none-eabi/lib/thumb/v7e-m+fp/hard\libc_nano.a(lib_a-init.o)
                0x0000acbc                __libc_init_array
 .text.malloc   0x0000ad04       0x10 c:/users/merce/appdata/local/arduino15/packages/adafruit/tools/arm-none-eabi-gcc/9-2019q4/bin/../lib/gcc/arm-none-eabi/9.2.1/../../../../arm-none-eabi/lib/thumb/v7e-m+fp/hard\libc_nano.a(lib_a-malloc.o)
                0x0000ad04                malloc
 .text.free     0x0000ad14       0x10 c:/users/merce/appdata/local/arduino15/packages/adafruit/tools/arm-none-eabi-gcc/9-2019q4/bin/../lib/gcc/arm-none-eabi/9.2.1/../../../../arm-none-eabi/lib/thumb/v7e-m+fp/hard\libc_nano.a(lib_a-malloc.o)
                0x0000ad14                free
 .text.memcpy   0x0000ad24       0x1c c:/users/merce/appdata/local/arduino15/packages/adafruit/tools/arm-none-eabi-gcc/9-2019q4/bin/../lib/gcc/arm-none-eabi/9.2.1/../../../../arm-none-eabi/lib/thumb/v7e-m+fp/hard\libc_nano.a(lib_a-memcpy-stub.o)
                0x0000ad24                memcpy
 .text.memset   0x0000ad40       0x10 c:/users/merce/appdata/local/arduino15/packages/adafruit/tools/arm-none-eabi-gcc/9-2019q4/bin/../lib/gcc/arm-none-eabi/9.2.1/../../../../arm-none-eabi/lib/thumb/v7e-m+fp/hard\libc_nano.a(lib_a-memset.o)
                0x0000ad40                memset
 .text._calloc_r
                0x0000ad50       0x1e c:/users/merce/appdata/local/arduino15/packages/adafruit/tools/arm-none-eabi-gcc/9-2019q4/bin/../lib/gcc/arm-none-eabi/9.2.1/../../../../arm-none-eabi/lib/thumb/v7e-m+fp/hard\libc_nano.a(lib_a-nano-callocr.o)
                0x0000ad50                _calloc_r
 *fill*         0x0000ad6e        0x2 
 .text._free_r  0x0000ad70       0xa0 c:/users/merce/appdata/local/arduino15/packages/adafruit/tools/arm-none-eabi-gcc/9-2019q4/bin/../lib/gcc/arm-none-eabi/9.2.1/../../../../arm-none-eabi/lib/thumb/v7e-m+fp/hard\libc_nano.a(lib_a-nano-freer.o)
                0x0000ad70                _free_r
 .text._malloc_r
                0x0000ae10       0xb4 c:/users/merce/appdata/local/arduino15/packages/adafruit/tools/arm-none-eabi-gcc/9-2019q4/bin/../lib/gcc/arm-none-eabi/9.2.1/../../../../arm-none-eabi/lib/thumb/v7e-m+fp/hard\libc_nano.a(lib_a-nano-mallocr.o)
                0x0000ae10                _malloc_r
 .text._sbrk_r  0x0000aec4       0x20 c:/users/merce/appdata/local/arduino15/packages/adafruit/tools/arm-none-eabi-gcc/9-2019q4/bin/../lib/gcc/arm-none-eabi/9.2.1/../../../../arm-none-eabi/lib/thumb/v7e-m+fp/hard\libc_nano.a(lib_a-sbrkr.o)
                0x0000aec4                _sbrk_r
 .text          0x0000aee4       0x10 c:/users/merce/appdata/local/arduino15/packages/adafruit/tools/arm-none-eabi-gcc/9-2019q4/bin/../lib/gcc/arm-none-eabi/9.2.1/../../../../arm-none-eabi/lib/thumb/v7e-m+fp/hard\libc_nano.a(lib_a-strlen.o)
                0x0000aee4                strlen
 .text.__malloc_lock
                0x0000aef4        0xc c:/users/merce/appdata/local/arduino15/packages/adafruit/tools/arm-none-eabi-gcc/9-2019q4/bin/../lib/gcc/arm-none-eabi/9.2.1/../../../../arm-none-eabi/lib/thumb/v7e-m+fp/hard\libc_nano.a(lib_a-mlock.o)
                0x0000aef4                __malloc_lock
 .text.__malloc_unlock
                0x0000af00        0xc c:/users/merce/appdata/local/arduino15/packages/adafruit/tools/arm-none-eabi-gcc/9-2019q4/bin/../lib/gcc/arm-none-eabi/9.2.1/../../../../arm-none-eabi/lib/thumb/v7e-m+fp/hard\libc_nano.a(lib_a-mlock.o)
                0x0000af00                __malloc_unlock
 .text.__retarget_lock_acquire_recursive
                0x0000af0c        0x2 c:/users/merce/appdata/local/arduino15/packages/adafruit/tools/arm-none-eabi-gcc/9-2019q4/bin/../lib/gcc/arm-none-eabi/9.2.1/../../../../arm-none-eabi/lib/thumb/v7e-m+fp/hard\libc_nano.a(lib_a-lock.o)
                0x0000af0c                __retarget_lock_acquire_recursive
 .text.__retarget_lock_release_recursive
                0x0000af0e        0x2 c:/users/merce/appdata/local/arduino15/packages/adafruit/tools/arm-none-eabi-gcc/9-2019q4/bin/../lib/gcc/arm-none-eabi/9.2.1/../../../../arm-none-eabi/lib/thumb/v7e-m+fp/hard\libc_nano.a(lib_a-lock.o)
                0x0000af0e                __retarget_lock_release_recursive
 .text._sbrk    0x0000af10       0x1c c:/users/merce/appdata/local/arduino15/packages/adafruit/tools/arm-none-eabi-gcc/9-2019q4/bin/../lib/gcc/arm-none-eabi/9.2.1/../../../../arm-none-eabi/lib/thumb/v7e-m+fp/hard\libnosys.a(sbrk.o)
                0x0000af10                _sbrk
 *(.init)
 .init          0x0000af2c        0x4 c:/users/merce/appdata/local/arduino15/packages/adafruit/tools/arm-none-eabi-gcc/9-2019q4/bin/../lib/gcc/arm-none-eabi/9.2.1/thumb/v7e-m+fp/hard/crti.o
                0x0000af2c                _init
 .init          0x0000af30        0x8 c:/users/merce/appdata/local/arduino15/packages/adafruit/tools/arm-none-eabi-gcc/9-2019q4/bin/../lib/gcc/arm-none-eabi/9.2.1/thumb/v7e-m+fp/hard/crtn.o
 *(.fini)
 .fini          0x0000af38        0x4 c:/users/merce/appdata/local/arduino15/packages/adafruit/tools/arm-none-eabi-gcc/9-2019q4/bin/../lib/gcc/arm-none-eabi/9.2.1/thumb/v7e-m+fp/hard/crti.o
                0x0000af38                _fini
 .fini          0x0000af3c        0x8 c:/users/merce/appdata/local/arduino15/packages/adafruit/tools/arm-none-eabi-gcc/9-2019q4/bin/../lib/gcc/arm-none-eabi/9.2.1/thumb/v7e-m+fp/hard/crtn.o
 *crtbegin.o(.ctors)
 *crtbegin?.o(.ctors)
 *(EXCLUDE_FILE(*crtend.o *crtend?.o) .ctors)
 *(SORT_BY_NAME(.ctors.*))
 *(.ctors)
 *crtbegin.o(.dtors)
 *crtbegin?.o(.dtors)
 *(EXCLUDE_FILE(*crtend.o *crtend?.o) .dtors)
 *(SORT_BY_NAME(.dtors.*))
 *(.dtors)
 *(.rodata*)
 .rodata.setup.str1.4
                0x0000af44       0x1d C:\Users\merce\AppData\Local\Temp\arduino\sketches\DCD967028DC249B7D96059C009FB5EC6\sketch\itsybitsy-m4_pwm_awg.ino.cpp.o
                                 0x21 (size before relaxing)
 *fill*         0x0000af61        0x3 
 .rodata        0x0000af64       0x10 C:\Users\merce\AppData\Local\Temp\arduino\sketches\DCD967028DC249B7D96059C009FB5EC6\libraries\Adafruit_ZeroTimer_Library\Adafruit_ZeroTimer.cpp.o
 .rodata.GCLK_CLKCTRL_IDs
                0x0000af74       0x1c C:\Users\merce\AppData\Local\Temp\arduino\sketches\DCD967028DC249B7D96059C009FB5EC6\core\variant.cpp.o
                0x0000af74                GCLK_CLKCTRL_IDs
 .rodata.g_APinDescription
                0x0000af90      0x390 C:\Users\merce\AppData\Local\Temp\arduino\sketches\DCD967028DC249B7D96059C009FB5EC6\core\variant.cpp.o
                0x0000af90                g_APinDescription
 .rodata._ZN5Print7printlnEPK19__FlashStringHelper.str1.4
                0x0000b320        0x3 C:\Users\merce\AppData\Local\Temp\arduino\sketches\DCD967028DC249B7D96059C009FB5EC6/..\..\cores\f46399f9161b8e8185ace385977b8625\core.a(Print.cpp.o)
 *fill*         0x0000b323        0x1 
 .rodata._ZL10sercomData
                0x0000b324       0x60 C:\Users\merce\AppData\Local\Temp\arduino\sketches\DCD967028DC249B7D96059C009FB5EC6/..\..\cores\f46399f9161b8e8185ace385977b8625\core.a(SERCOM.cpp.o)
 .rodata._ZTV7Serial_
                0x0000b384       0x24 C:\Users\merce\AppData\Local\Temp\arduino\sketches\DCD967028DC249B7D96059C009FB5EC6/..\..\cores\f46399f9161b8e8185ace385977b8625\core.a(CDC.cpp.o)
                0x0000b384                vtable for Serial_
 .rodata._ZTV26DoubleBufferedEPOutHandler
                0x0000b3a8       0x20 C:\Users\merce\AppData\Local\Temp\arduino\sketches\DCD967028DC249B7D96059C009FB5EC6/..\..\cores\f46399f9161b8e8185ace385977b8625\core.a(USBCore.cpp.o)
                0x0000b3a8                vtable for DoubleBufferedEPOutHandler
 .rodata._ZL14STRING_PRODUCT
                0x0000b3c8        0xd C:\Users\merce\AppData\Local\Temp\arduino\sketches\DCD967028DC249B7D96059C009FB5EC6/..\..\cores\f46399f9161b8e8185ace385977b8625\core.a(USBCore.cpp.o)
 *fill*         0x0000b3d5        0x3 
 .rodata._ZL15STRING_LANGUAGE
                0x0000b3d8        0x4 C:\Users\merce\AppData\Local\Temp\arduino\sketches\DCD967028DC249B7D96059C009FB5EC6/..\..\cores\f46399f9161b8e8185ace385977b8625\core.a(USBCore.cpp.o)
 .rodata._ZL19STRING_MANUFACTURER
                0x0000b3dc        0x9 C:\Users\merce\AppData\Local\Temp\arduino\sketches\DCD967028DC249B7D96059C009FB5EC6/..\..\cores\f46399f9161b8e8185ace385977b8625\core.a(USBCore.cpp.o)
 *fill*         0x0000b3e5        0x3 
 .rodata._ZL21USB_DeviceDescriptorB
                0x0000b3e8       0x12 C:\Users\merce\AppData\Local\Temp\arduino\sketches\DCD967028DC249B7D96059C009FB5EC6/..\..\cores\f46399f9161b8e8185ace385977b8625\core.a(USBCore.cpp.o)
 *fill*         0x0000b3fa        0x2 
 .rodata._ZTV4Uart
                0x0000b3fc       0x34 C:\Users\merce\AppData\Local\Temp\arduino\sketches\DCD967028DC249B7D96059C009FB5EC6/..\..\cores\f46399f9161b8e8185ace385977b8625\core.a(Uart.cpp.o)
                0x0000b3fc                vtable for Uart
 .rodata.npio2_hw
                0x0000b430       0x80 c:/users/merce/appdata/local/arduino15/packages/adafruit/tools/arm-none-eabi-gcc/9-2019q4/bin/../lib/gcc/arm-none-eabi/9.2.1/../../../../arm-none-eabi/lib/thumb/v7e-m+fp/hard\libm.a(lib_a-e_rem_pio2.o)
 .rodata.two_over_pi
                0x0000b4b0      0x108 c:/users/merce/appdata/local/arduino15/packages/adafruit/tools/arm-none-eabi-gcc/9-2019q4/bin/../lib/gcc/arm-none-eabi/9.2.1/../../../../arm-none-eabi/lib/thumb/v7e-m+fp/hard\libm.a(lib_a-e_rem_pio2.o)
 .rodata.PIo2   0x0000b5b8       0x40 c:/users/merce/appdata/local/arduino15/packages/adafruit/tools/arm-none-eabi-gcc/9-2019q4/bin/../lib/gcc/arm-none-eabi/9.2.1/../../../../arm-none-eabi/lib/thumb/v7e-m+fp/hard\libm.a(lib_a-k_rem_pio2.o)
 .rodata.init_jk
                0x0000b5f8       0x10 c:/users/merce/appdata/local/arduino15/packages/adafruit/tools/arm-none-eabi-gcc/9-2019q4/bin/../lib/gcc/arm-none-eabi/9.2.1/../../../../arm-none-eabi/lib/thumb/v7e-m+fp/hard\libm.a(lib_a-k_rem_pio2.o)
 *(.eh_frame*)
 .eh_frame      0x0000b608        0x0 c:/users/merce/appdata/local/arduino15/packages/adafruit/tools/arm-none-eabi-gcc/9-2019q4/bin/../lib/gcc/arm-none-eabi/9.2.1/thumb/v7e-m+fp/hard/crtbegin.o
 .eh_frame      0x0000b608        0x4 c:/users/merce/appdata/local/arduino15/packages/adafruit/tools/arm-none-eabi-gcc/9-2019q4/bin/../lib/gcc/arm-none-eabi/9.2.1/thumb/v7e-m+fp/hard/crtend.o

.glue_7         0x0000b60c        0x0
 .glue_7        0x0000b60c        0x0 linker stubs

.glue_7t        0x0000b60c        0x0
 .glue_7t       0x0000b60c        0x0 linker stubs

.vfp11_veneer   0x0000b60c        0x0
 .vfp11_veneer  0x0000b60c        0x0 linker stubs

.v4_bx          0x0000b60c        0x0
 .v4_bx         0x0000b60c        0x0 linker stubs

.iplt           0x0000b60c        0x0
 .iplt          0x0000b60c        0x0 c:/users/merce/appdata/local/arduino15/packages/adafruit/tools/arm-none-eabi-gcc/9-2019q4/bin/../lib/gcc/arm-none-eabi/9.2.1/thumb/v7e-m+fp/hard/crtbegin.o

.rel.dyn        0x0000b60c        0x0
 .rel.iplt      0x0000b60c        0x0 c:/users/merce/appdata/local/arduino15/packages/adafruit/tools/arm-none-eabi-gcc/9-2019q4/bin/../lib/gcc/arm-none-eabi/9.2.1/thumb/v7e-m+fp/hard/crtbegin.o

.ARM.extab
 *(.ARM.extab* .gnu.linkonce.armextab.*)
                0x0000b60c                __exidx_start = .

.ARM.exidx
 *(.ARM.exidx* .gnu.linkonce.armexidx.*)
                0x0000b60c                __exidx_end = .
                0x0000b60c                __etext = .

.data           0x20000000      0x140 load address 0x0000b60c
                0x20000000                __data_start__ = .
 *(vtable)
 *(.data*)
 .data          0x20000000        0x4 c:/users/merce/appdata/local/arduino15/packages/adafruit/tools/arm-none-eabi-gcc/9-2019q4/bin/../lib/gcc/arm-none-eabi/9.2.1/thumb/v7e-m+fp/hard/crtbegin.o
                0x20000000                __dso_handle
 .data.bmax     0x20000004        0x4 C:\Users\merce\AppData\Local\Temp\arduino\sketches\DCD967028DC249B7D96059C009FB5EC6\sketch\itsybitsy-m4_pwm_awg.ino.cpp.o
                0x20000004                bmax
 .data.bs       0x20000008        0x4 C:\Users\merce\AppData\Local\Temp\arduino\sketches\DCD967028DC249B7D96059C009FB5EC6\sketch\itsybitsy-m4_pwm_awg.ino.cpp.o
                0x20000008                bs
 .data.ms       0x2000000c        0x4 C:\Users\merce\AppData\Local\Temp\arduino\sketches\DCD967028DC249B7D96059C009FB5EC6\sketch\itsybitsy-m4_pwm_awg.ino.cpp.o
                0x2000000c                ms
 .data.ns       0x20000010        0x4 C:\Users\merce\AppData\Local\Temp\arduino\sketches\DCD967028DC249B7D96059C009FB5EC6\sketch\itsybitsy-m4_pwm_awg.ino.cpp.o
                0x20000010                ns
 .data.pwid     0x20000014        0x4 C:\Users\merce\AppData\Local\Temp\arduino\sketches\DCD967028DC249B7D96059C009FB5EC6\sketch\itsybitsy-m4_pwm_awg.ino.cpp.o
                0x20000014                pwid
 .data.pwmf     0x20000018        0x4 C:\Users\merce\AppData\Local\Temp\arduino\sketches\DCD967028DC249B7D96059C009FB5EC6\sketch\itsybitsy-m4_pwm_awg.ino.cpp.o
                0x20000018                pwmf
 .data.g_apTCInstances
                0x2000001c       0x1c C:\Users\merce\AppData\Local\Temp\arduino\sketches\DCD967028DC249B7D96059C009FB5EC6\core\variant.cpp.o
                0x2000001c                g_apTCInstances
 .data._ZL10breakValue
                0x20000038        0x4 C:\Users\merce\AppData\Local\Temp\arduino\sketches\DCD967028DC249B7D96059C009FB5EC6/..\..\cores\f46399f9161b8e8185ace385977b8625\core.a(CDC.cpp.o)
 .data._ZL12_usbLineInfo
                0x2000003c        0x8 C:\Users\merce\AppData\Local\Temp\arduino\sketches\DCD967028DC249B7D96059C009FB5EC6/..\..\cores\f46399f9161b8e8185ace385977b8625\core.a(CDC.cpp.o)
 .data._ZL13_cdcInterface
                0x20000044       0x42 C:\Users\merce\AppData\Local\Temp\arduino\sketches\DCD967028DC249B7D96059C009FB5EC6/..\..\cores\f46399f9161b8e8185ace385977b8625\core.a(CDC.cpp.o)
 *fill*         0x20000086        0x2 
 .data._serialPeek
                0x20000088        0x4 C:\Users\merce\AppData\Local\Temp\arduino\sketches\DCD967028DC249B7D96059C009FB5EC6/..\..\cores\f46399f9161b8e8185ace385977b8625\core.a(CDC.cpp.o)
                0x20000088                _serialPeek
 .data.EndPoints
                0x2000008c       0x28 C:\Users\merce\AppData\Local\Temp\arduino\sketches\DCD967028DC249B7D96059C009FB5EC6/..\..\cores\f46399f9161b8e8185ace385977b8625\core.a(USBCore.cpp.o)
                0x2000008c                EndPoints
 .data.SystemCoreClock
                0x200000b4        0x4 C:\Users\merce\AppData\Local\Temp\arduino\sketches\DCD967028DC249B7D96059C009FB5EC6/..\..\cores\f46399f9161b8e8185ace385977b8625\core.a(wiring.c.o)
                0x200000b4                SystemCoreClock
 .data._writeResolution
                0x200000b8        0x4 C:\Users\merce\AppData\Local\Temp\arduino\sketches\DCD967028DC249B7D96059C009FB5EC6/..\..\cores\f46399f9161b8e8185ace385977b8625\core.a(wiring_analog.c.o)
 .data._ZL5ticks
                0x200000bc        0x4 C:\Users\merce\AppData\Local\Temp\arduino\sketches\DCD967028DC249B7D96059C009FB5EC6/..\..\cores\f46399f9161b8e8185ace385977b8625\core.a(Reset.cpp.o)
 .data._impure_ptr
                0x200000c0        0x4 c:/users/merce/appdata/local/arduino15/packages/adafruit/tools/arm-none-eabi-gcc/9-2019q4/bin/../lib/gcc/arm-none-eabi/9.2.1/../../../../arm-none-eabi/lib/thumb/v7e-m+fp/hard\libc_nano.a(lib_a-impure.o)
                0x200000c0                _impure_ptr
 .data.impure_data
                0x200000c4       0x60 c:/users/merce/appdata/local/arduino15/packages/adafruit/tools/arm-none-eabi-gcc/9-2019q4/bin/../lib/gcc/arm-none-eabi/9.2.1/../../../../arm-none-eabi/lib/thumb/v7e-m+fp/hard\libc_nano.a(lib_a-impure.o)
                0x20000124                . = ALIGN (0x4)
                0x20000124                PROVIDE (__preinit_array_start = .)
 *(.preinit_array)
                0x20000124                PROVIDE (__preinit_array_end = .)
                0x20000124                . = ALIGN (0x4)
                0x20000124                PROVIDE (__init_array_start = .)
 *(SORT_BY_NAME(.init_array.*))
 *(.init_array)
 .init_array    0x20000124        0x4 c:/users/merce/appdata/local/arduino15/packages/adafruit/tools/arm-none-eabi-gcc/9-2019q4/bin/../lib/gcc/arm-none-eabi/9.2.1/thumb/v7e-m+fp/hard/crtbegin.o
 .init_array    0x20000128        0x4 C:\Users\merce\AppData\Local\Temp\arduino\sketches\DCD967028DC249B7D96059C009FB5EC6\sketch\itsybitsy-m4_pwm_awg.ino.cpp.o
 .init_array    0x2000012c        0x4 C:\Users\merce\AppData\Local\Temp\arduino\sketches\DCD967028DC249B7D96059C009FB5EC6\core\variant.cpp.o
 .init_array    0x20000130        0x4 C:\Users\merce\AppData\Local\Temp\arduino\sketches\DCD967028DC249B7D96059C009FB5EC6/..\..\cores\f46399f9161b8e8185ace385977b8625\core.a(CDC.cpp.o)
 .init_array    0x20000134        0x4 C:\Users\merce\AppData\Local\Temp\arduino\sketches\DCD967028DC249B7D96059C009FB5EC6/..\..\cores\f46399f9161b8e8185ace385977b8625\core.a(USBCore.cpp.o)
                0x20000138                PROVIDE (__init_array_end = .)
                0x20000138                . = ALIGN (0x4)
                [!provide]                PROVIDE (__fini_array_start = .)
 *(SORT_BY_NAME(.fini_array.*))
 *(.fini_array)
 .fini_array    0x20000138        0x4 c:/users/merce/appdata/local/arduino15/packages/adafruit/tools/arm-none-eabi-gcc/9-2019q4/bin/../lib/gcc/arm-none-eabi/9.2.1/thumb/v7e-m+fp/hard/crtbegin.o
                [!provide]                PROVIDE (__fini_array_end = .)
 *(.jcr*)
                0x20000140                . = ALIGN (0x10)
 *fill*         0x2000013c        0x4 
                0x20000140                __data_end__ = .

.igot.plt       0x20000140        0x0 load address 0x0000b74c
 .igot.plt      0x20000140        0x0 c:/users/merce/appdata/local/arduino15/packages/adafruit/tools/arm-none-eabi-gcc/9-2019q4/bin/../lib/gcc/arm-none-eabi/9.2.1/thumb/v7e-m+fp/hard/crtbegin.o

.bss            0x20000140     0x6664 load address 0x0000b74c
                0x20000140                . = ALIGN (0x4)
                0x20000140                __bss_start__ = .
 *(.bss*)
 .bss           0x20000140       0x1c c:/users/merce/appdata/local/arduino15/packages/adafruit/tools/arm-none-eabi-gcc/9-2019q4/bin/../lib/gcc/arm-none-eabi/9.2.1/thumb/v7e-m+fp/hard/crtbegin.o
 .bss.Step      0x2000015c        0x4 C:\Users\merce\AppData\Local\Temp\arduino\sketches\DCD967028DC249B7D96059C009FB5EC6\sketch\itsybitsy-m4_pwm_awg.ino.cpp.o
                0x2000015c                Step
 .bss.addr      0x20000160        0x4 C:\Users\merce\AppData\Local\Temp\arduino\sketches\DCD967028DC249B7D96059C009FB5EC6\sketch\itsybitsy-m4_pwm_awg.ino.cpp.o
                0x20000160                addr
 .bss.ampla     0x20000164        0x4 C:\Users\merce\AppData\Local\Temp\arduino\sketches\DCD967028DC249B7D96059C009FB5EC6\sketch\itsybitsy-m4_pwm_awg.ino.cpp.o
                0x20000164                ampla
 .bss.at        0x20000168        0x4 C:\Users\merce\AppData\Local\Temp\arduino\sketches\DCD967028DC249B7D96059C009FB5EC6\sketch\itsybitsy-m4_pwm_awg.ino.cpp.o
                0x20000168                at
 .bss.at2       0x2000016c        0x4 C:\Users\merce\AppData\Local\Temp\arduino\sketches\DCD967028DC249B7D96059C009FB5EC6\sketch\itsybitsy-m4_pwm_awg.ino.cpp.o
                0x2000016c                at2
 .bss.awgona    0x20000170        0x4 C:\Users\merce\AppData\Local\Temp\arduino\sketches\DCD967028DC249B7D96059C009FB5EC6\sketch\itsybitsy-m4_pwm_awg.ino.cpp.o
                0x20000170                awgona
 .bss.awgonb    0x20000174        0x4 C:\Users\merce\AppData\Local\Temp\arduino\sketches\DCD967028DC249B7D96059C009FB5EC6\sketch\itsybitsy-m4_pwm_awg.ino.cpp.o
                0x20000174                awgonb
 .bss.awgouta   0x20000178     0x2000 C:\Users\merce\AppData\Local\Temp\arduino\sketches\DCD967028DC249B7D96059C009FB5EC6\sketch\itsybitsy-m4_pwm_awg.ino.cpp.o
                0x20000178                awgouta
 .bss.awgoutb   0x20002178     0x2000 C:\Users\merce\AppData\Local\Temp\arduino\sketches\DCD967028DC249B7D96059C009FB5EC6\sketch\itsybitsy-m4_pwm_awg.ino.cpp.o
                0x20002178                awgoutb
 .bss.awgres    0x20004178        0x4 C:\Users\merce\AppData\Local\Temp\arduino\sketches\DCD967028DC249B7D96059C009FB5EC6\sketch\itsybitsy-m4_pwm_awg.ino.cpp.o
                0x20004178                awgres
 .bss.cyclea    0x2000417c        0x4 C:\Users\merce\AppData\Local\Temp\arduino\sketches\DCD967028DC249B7D96059C009FB5EC6\sketch\itsybitsy-m4_pwm_awg.ino.cpp.o
                0x2000417c                cyclea
 .bss.data      0x20004180        0x4 C:\Users\merce\AppData\Local\Temp\arduino\sketches\DCD967028DC249B7D96059C009FB5EC6\sketch\itsybitsy-m4_pwm_awg.ino.cpp.o
                0x20004180                data
 .bss.digin     0x20004184      0x400 C:\Users\merce\AppData\Local\Temp\arduino\sketches\DCD967028DC249B7D96059C009FB5EC6\sketch\itsybitsy-m4_pwm_awg.ino.cpp.o
                0x20004184                digin
 .bss.m         0x20004584        0x4 C:\Users\merce\AppData\Local\Temp\arduino\sketches\DCD967028DC249B7D96059C009FB5EC6\sketch\itsybitsy-m4_pwm_awg.ino.cpp.o
                0x20004584                m
 .bss.n         0x20004588        0x4 C:\Users\merce\AppData\Local\Temp\arduino\sketches\DCD967028DC249B7D96059C009FB5EC6\sketch\itsybitsy-m4_pwm_awg.ino.cpp.o
                0x20004588                n
 .bss.offseta   0x2000458c        0x4 C:\Users\merce\AppData\Local\Temp\arduino\sketches\DCD967028DC249B7D96059C009FB5EC6\sketch\itsybitsy-m4_pwm_awg.ino.cpp.o
                0x2000458c                offseta
 .bss.pixels    0x20004590       0x18 C:\Users\merce\AppData\Local\Temp\arduino\sketches\DCD967028DC249B7D96059C009FB5EC6\sketch\itsybitsy-m4_pwm_awg.ino.cpp.o
                0x20004590                pixels
 .bss.scopea    0x200045a8      0x800 C:\Users\merce\AppData\Local\Temp\arduino\sketches\DCD967028DC249B7D96059C009FB5EC6\sketch\itsybitsy-m4_pwm_awg.ino.cpp.o
                0x200045a8                scopea
 .bss.scopeb    0x20004da8      0x800 C:\Users\merce\AppData\Local\Temp\arduino\sketches\DCD967028DC249B7D96059C009FB5EC6\sketch\itsybitsy-m4_pwm_awg.ino.cpp.o
                0x20004da8                scopeb
 .bss.scopec    0x200055a8      0x800 C:\Users\merce\AppData\Local\Temp\arduino\sketches\DCD967028DC249B7D96059C009FB5EC6\sketch\itsybitsy-m4_pwm_awg.ino.cpp.o
                0x200055a8                scopec
 .bss.st        0x20005da8        0x4 C:\Users\merce\AppData\Local\Temp\arduino\sketches\DCD967028DC249B7D96059C009FB5EC6\sketch\itsybitsy-m4_pwm_awg.ino.cpp.o
                0x20005da8                st
 .bss.st2       0x20005dac        0x4 C:\Users\merce\AppData\Local\Temp\arduino\sketches\DCD967028DC249B7D96059C009FB5EC6\sketch\itsybitsy-m4_pwm_awg.ino.cpp.o
                0x20005dac                st2
 .bss.stReal    0x20005db0        0x4 C:\Users\merce\AppData\Local\Temp\arduino\sketches\DCD967028DC249B7D96059C009FB5EC6\sketch\itsybitsy-m4_pwm_awg.ino.cpp.o
                0x20005db0                stReal
 .bss.sync      0x20005db4        0x4 C:\Users\merce\AppData\Local\Temp\arduino\sketches\DCD967028DC249B7D96059C009FB5EC6\sketch\itsybitsy-m4_pwm_awg.ino.cpp.o
                0x20005db4                sync
 .bss.wavea     0x20005db8        0x4 C:\Users\merce\AppData\Local\Temp\arduino\sketches\DCD967028DC249B7D96059C009FB5EC6\sketch\itsybitsy-m4_pwm_awg.ino.cpp.o
                0x20005db8                wavea
 .bss.zerotimer
                0x20005dbc       0x3c C:\Users\merce\AppData\Local\Temp\arduino\sketches\DCD967028DC249B7D96059C009FB5EC6\sketch\itsybitsy-m4_pwm_awg.ino.cpp.o
                0x20005dbc                zerotimer
 .bss._ZL21_enable_callback_mask
                0x20005df8        0x4 C:\Users\merce\AppData\Local\Temp\arduino\sketches\DCD967028DC249B7D96059C009FB5EC6\libraries\Adafruit_ZeroTimer_Library\Adafruit_ZeroTimer.cpp.o
 .bss._ZL23_register_callback_mask
                0x20005dfc        0x4 C:\Users\merce\AppData\Local\Temp\arduino\sketches\DCD967028DC249B7D96059C009FB5EC6\libraries\Adafruit_ZeroTimer_Library\Adafruit_ZeroTimer.cpp.o
 .bss._ZL4__cb  0x20005e00       0x48 C:\Users\merce\AppData\Local\Temp\arduino\sketches\DCD967028DC249B7D96059C009FB5EC6\libraries\Adafruit_ZeroTimer_Library\Adafruit_ZeroTimer.cpp.o
 .bss.Serial1   0x20005e48      0x2fc C:\Users\merce\AppData\Local\Temp\arduino\sketches\DCD967028DC249B7D96059C009FB5EC6\core\variant.cpp.o
                0x20005e48                Serial1
 .bss.sercom0   0x20006144        0xc C:\Users\merce\AppData\Local\Temp\arduino\sketches\DCD967028DC249B7D96059C009FB5EC6\core\variant.cpp.o
                0x20006144                sercom0
 .bss.sercom1   0x20006150        0xc C:\Users\merce\AppData\Local\Temp\arduino\sketches\DCD967028DC249B7D96059C009FB5EC6\core\variant.cpp.o
                0x20006150                sercom1
 .bss.sercom2   0x2000615c        0xc C:\Users\merce\AppData\Local\Temp\arduino\sketches\DCD967028DC249B7D96059C009FB5EC6\core\variant.cpp.o
                0x2000615c                sercom2
 .bss.sercom3   0x20006168        0xc C:\Users\merce\AppData\Local\Temp\arduino\sketches\DCD967028DC249B7D96059C009FB5EC6\core\variant.cpp.o
                0x20006168                sercom3
 .bss.sercom4   0x20006174        0xc C:\Users\merce\AppData\Local\Temp\arduino\sketches\DCD967028DC249B7D96059C009FB5EC6\core\variant.cpp.o
                0x20006174                sercom4
 .bss.sercom5   0x20006180        0xc C:\Users\merce\AppData\Local\Temp\arduino\sketches\DCD967028DC249B7D96059C009FB5EC6\core\variant.cpp.o
                0x20006180                sercom5
 .bss.Serial    0x2000618c       0x1c C:\Users\merce\AppData\Local\Temp\arduino\sketches\DCD967028DC249B7D96059C009FB5EC6/..\..\cores\f46399f9161b8e8185ace385977b8625\core.a(CDC.cpp.o)
                0x2000618c                Serial
 .bss.USBDevice
                0x200061a8        0x1 C:\Users\merce\AppData\Local\Temp\arduino\sketches\DCD967028DC249B7D96059C009FB5EC6/..\..\cores\f46399f9161b8e8185ace385977b8625\core.a(USBCore.cpp.o)
                0x200061a8                USBDevice
 *fill*         0x200061a9        0x3 
 .bss._ZL10epHandlers
                0x200061ac       0x1c C:\Users\merce\AppData\Local\Temp\arduino\sketches\DCD967028DC249B7D96059C009FB5EC6/..\..\cores\f46399f9161b8e8185ace385977b8625\core.a(USBCore.cpp.o)
 .bss._ZL14isEndpointHalt
                0x200061c8        0x1 C:\Users\merce\AppData\Local\Temp\arduino\sketches\DCD967028DC249B7D96059C009FB5EC6/..\..\cores\f46399f9161b8e8185ace385977b8625\core.a(USBCore.cpp.o)
 *fill*         0x200061c9        0x3 
 .bss._ZL20LastTransmitTimedOut
                0x200061cc        0x7 C:\Users\merce\AppData\Local\Temp\arduino\sketches\DCD967028DC249B7D96059C009FB5EC6/..\..\cores\f46399f9161b8e8185ace385977b8625\core.a(USBCore.cpp.o)
 .bss._ZL21isRemoteWakeUpEnabled
                0x200061d3        0x1 C:\Users\merce\AppData\Local\Temp\arduino\sketches\DCD967028DC249B7D96059C009FB5EC6/..\..\cores\f46399f9161b8e8185ace385977b8625\core.a(USBCore.cpp.o)
 .bss._ZL22udd_ep_in_cache_buffer
                0x200061d4      0x1c0 C:\Users\merce\AppData\Local\Temp\arduino\sketches\DCD967028DC249B7D96059C009FB5EC6/..\..\cores\f46399f9161b8e8185ace385977b8625\core.a(USBCore.cpp.o)
 .bss._ZL23udd_ep_out_cache_buffer
                0x20006394      0x1c0 C:\Users\merce\AppData\Local\Temp\arduino\sketches\DCD967028DC249B7D96059C009FB5EC6/..\..\cores\f46399f9161b8e8185ace385977b8625\core.a(USBCore.cpp.o)
 .bss._dry_run  0x20006554        0x1 C:\Users\merce\AppData\Local\Temp\arduino\sketches\DCD967028DC249B7D96059C009FB5EC6/..\..\cores\f46399f9161b8e8185ace385977b8625\core.a(USBCore.cpp.o)
                0x20006554                _dry_run
 *fill*         0x20006555        0x3 
 .bss._pack_buffer
                0x20006558      0x100 C:\Users\merce\AppData\Local\Temp\arduino\sketches\DCD967028DC249B7D96059C009FB5EC6/..\..\cores\f46399f9161b8e8185ace385977b8625\core.a(USBCore.cpp.o)
                0x20006558                _pack_buffer
 .bss._pack_message
                0x20006658        0x1 C:\Users\merce\AppData\Local\Temp\arduino\sketches\DCD967028DC249B7D96059C009FB5EC6/..\..\cores\f46399f9161b8e8185ace385977b8625\core.a(USBCore.cpp.o)
                0x20006658                _pack_message
 *fill*         0x20006659        0x1 
 .bss._pack_size
                0x2000665a        0x2 C:\Users\merce\AppData\Local\Temp\arduino\sketches\DCD967028DC249B7D96059C009FB5EC6/..\..\cores\f46399f9161b8e8185ace385977b8625\core.a(USBCore.cpp.o)
                0x2000665a                _pack_size
 .bss._usbConfiguration
                0x2000665c        0x4 C:\Users\merce\AppData\Local\Temp\arduino\sketches\DCD967028DC249B7D96059C009FB5EC6/..\..\cores\f46399f9161b8e8185ace385977b8625\core.a(USBCore.cpp.o)
                0x2000665c                _usbConfiguration
 .bss._usbSetInterface
                0x20006660        0x4 C:\Users\merce\AppData\Local\Temp\arduino\sketches\DCD967028DC249B7D96059C009FB5EC6/..\..\cores\f46399f9161b8e8185ace385977b8625\core.a(USBCore.cpp.o)
                0x20006660                _usbSetInterface
 .bss.usbd      0x20006664      0x104 C:\Users\merce\AppData\Local\Temp\arduino\sketches\DCD967028DC249B7D96059C009FB5EC6/..\..\cores\f46399f9161b8e8185ace385977b8625\core.a(USBCore.cpp.o)
                0x20006664                usbd
 .bss.usb_isr   0x20006768        0x4 C:\Users\merce\AppData\Local\Temp\arduino\sketches\DCD967028DC249B7D96059C009FB5EC6/..\..\cores\f46399f9161b8e8185ace385977b8625\core.a(cortex_handlers.c.o)
 .bss._ulTickCount
                0x2000676c        0x4 C:\Users\merce\AppData\Local\Temp\arduino\sketches\DCD967028DC249B7D96059C009FB5EC6/..\..\cores\f46399f9161b8e8185ace385977b8625\core.a(delay.c.o)
 .bss.dacEnabled
                0x20006770        0x2 C:\Users\merce\AppData\Local\Temp\arduino\sketches\DCD967028DC249B7D96059C009FB5EC6/..\..\cores\f46399f9161b8e8185ace385977b8625\core.a(wiring_analog.c.o)
 *fill*         0x20006772        0x2 
 .bss.tcEnabled.19050
                0x20006774        0x7 C:\Users\merce\AppData\Local\Temp\arduino\sketches\DCD967028DC249B7D96059C009FB5EC6/..\..\cores\f46399f9161b8e8185ace385977b8625\core.a(wiring_analog.c.o)
 *fill*         0x2000677b        0x1 
 .bss._ZGVZ12PluggableUSBvE3obj
                0x2000677c        0x4 C:\Users\merce\AppData\Local\Temp\arduino\sketches\DCD967028DC249B7D96059C009FB5EC6/..\..\cores\f46399f9161b8e8185ace385977b8625\core.a(PluggableUSB.cpp.o)
 .bss._ZZ12PluggableUSBvE3obj
                0x20006780        0x8 C:\Users\merce\AppData\Local\Temp\arduino\sketches\DCD967028DC249B7D96059C009FB5EC6/..\..\cores\f46399f9161b8e8185ace385977b8625\core.a(PluggableUSB.cpp.o)
 .bss.__malloc_free_list
                0x20006788        0x4 c:/users/merce/appdata/local/arduino15/packages/adafruit/tools/arm-none-eabi-gcc/9-2019q4/bin/../lib/gcc/arm-none-eabi/9.2.1/../../../../arm-none-eabi/lib/thumb/v7e-m+fp/hard\libc_nano.a(lib_a-nano-mallocr.o)
                0x20006788                __malloc_free_list
 .bss.__malloc_sbrk_start
                0x2000678c        0x4 c:/users/merce/appdata/local/arduino15/packages/adafruit/tools/arm-none-eabi-gcc/9-2019q4/bin/../lib/gcc/arm-none-eabi/9.2.1/../../../../arm-none-eabi/lib/thumb/v7e-m+fp/hard\libc_nano.a(lib_a-nano-mallocr.o)
                0x2000678c                __malloc_sbrk_start
 .bss.heap_end.5507
                0x20006790        0x4 c:/users/merce/appdata/local/arduino15/packages/adafruit/tools/arm-none-eabi-gcc/9-2019q4/bin/../lib/gcc/arm-none-eabi/9.2.1/../../../../arm-none-eabi/lib/thumb/v7e-m+fp/hard\libnosys.a(sbrk.o)
 *(COMMON)
 COMMON         0x20006794        0x4 c:/users/merce/appdata/local/arduino15/packages/adafruit/tools/arm-none-eabi-gcc/9-2019q4/bin/../lib/gcc/arm-none-eabi/9.2.1/../../../../arm-none-eabi/lib/thumb/v7e-m+fp/hard\libc_nano.a(lib_a-reent.o)
                0x20006794                errno
 COMMON         0x20006798        0x9 c:/users/merce/appdata/local/arduino15/packages/adafruit/tools/arm-none-eabi-gcc/9-2019q4/bin/../lib/gcc/arm-none-eabi/9.2.1/../../../../arm-none-eabi/lib/thumb/v7e-m+fp/hard\libc_nano.a(lib_a-lock.o)
                0x20006798                __lock___atexit_recursive_mutex
                0x20006799                __lock___arc4random_mutex
                0x2000679a                __lock___env_recursive_mutex
                0x2000679b                __lock___sinit_recursive_mutex
                0x2000679c                __lock___malloc_recursive_mutex
                0x2000679d                __lock___at_quick_exit_mutex
                0x2000679e                __lock___dd_hash_mutex
                0x2000679f                __lock___tz_mutex
                0x200067a0                __lock___sfp_recursive_mutex
                0x200067a4                . = ALIGN (0x4)
 *fill*         0x200067a1        0x3 
                0x200067a4                __bss_end__ = .

.heap           0x200067a4        0x0
                0x200067a4                __end__ = .
                0x200067a4                PROVIDE (end = .)
 *(.heap*)
                0x200067a4                __HeapLimit = .

.stack_dummy    0x200067a4        0x0
 *(.stack*)
                0x20030000                __StackTop = (ORIGIN (RAM) + LENGTH (RAM))
                0x20030000                __StackLimit = (__StackTop - SIZEOF (.stack_dummy))
                0x20030000                PROVIDE (__stack = __StackTop)
                0x2002ffff                __ram_end__ = ((ORIGIN (RAM) + LENGTH (RAM)) - 0x1)
                0x00000001                ASSERT ((__StackLimit >= __HeapLimit), region RAM overflowed with stack)
OUTPUT(C:\Users\merce\AppData\Local\Temp\arduino\sketches\DCD967028DC249B7D96059C009FB5EC6/itsybitsy-m4_pwm_awg.ino.elf elf32-littlearm)

.ARM.attributes
                0x00000000       0x30
 .ARM.attributes
                0x00000000       0x1e c:/users/merce/appdata/local/arduino15/packages/adafruit/tools/arm-none-eabi-gcc/9-2019q4/bin/../lib/gcc/arm-none-eabi/9.2.1/thumb/v7e-m+fp/hard/crti.o
 .ARM.attributes
                0x0000001e       0x34 c:/users/merce/appdata/local/arduino15/packages/adafruit/tools/arm-none-eabi-gcc/9-2019q4/bin/../lib/gcc/arm-none-eabi/9.2.1/thumb/v7e-m+fp/hard/crtbegin.o
 .ARM.attributes
                0x00000052       0x34 C:\Users\merce\AppData\Local\Temp\arduino\sketches\DCD967028DC249B7D96059C009FB5EC6\sketch\itsybitsy-m4_pwm_awg.ino.cpp.o
 .ARM.attributes
                0x00000086       0x34 C:\Users\merce\AppData\Local\Temp\arduino\sketches\DCD967028DC249B7D96059C009FB5EC6\libraries\Adafruit_ZeroTimer_Library\Adafruit_ZeroTimer.cpp.o
 .ARM.attributes
                0x000000ba       0x34 C:\Users\merce\AppData\Local\Temp\arduino\sketches\DCD967028DC249B7D96059C009FB5EC6\libraries\Adafruit_NeoPixel\Adafruit_NeoPixel.cpp.o
 .ARM.attributes
                0x000000ee       0x34 C:\Users\merce\AppData\Local\Temp\arduino\sketches\DCD967028DC249B7D96059C009FB5EC6\core\variant.cpp.o
 .ARM.attributes
                0x00000122       0x34 C:\Users\merce\AppData\Local\Temp\arduino\sketches\DCD967028DC249B7D96059C009FB5EC6/..\..\cores\f46399f9161b8e8185ace385977b8625\core.a(Print.cpp.o)
 .ARM.attributes
                0x00000156       0x34 C:\Users\merce\AppData\Local\Temp\arduino\sketches\DCD967028DC249B7D96059C009FB5EC6/..\..\cores\f46399f9161b8e8185ace385977b8625\core.a(SERCOM.cpp.o)
 .ARM.attributes
                0x0000018a       0x34 C:\Users\merce\AppData\Local\Temp\arduino\sketches\DCD967028DC249B7D96059C009FB5EC6/..\..\cores\f46399f9161b8e8185ace385977b8625\core.a(Stream.cpp.o)
 .ARM.attributes
                0x000001be       0x34 C:\Users\merce\AppData\Local\Temp\arduino\sketches\DCD967028DC249B7D96059C009FB5EC6/..\..\cores\f46399f9161b8e8185ace385977b8625\core.a(CDC.cpp.o)
 .ARM.attributes
                0x000001f2       0x34 C:\Users\merce\AppData\Local\Temp\arduino\sketches\DCD967028DC249B7D96059C009FB5EC6/..\..\cores\f46399f9161b8e8185ace385977b8625\core.a(USBCore.cpp.o)
 .ARM.attributes
                0x00000226       0x34 C:\Users\merce\AppData\Local\Temp\arduino\sketches\DCD967028DC249B7D96059C009FB5EC6/..\..\cores\f46399f9161b8e8185ace385977b8625\core.a(Uart.cpp.o)
 .ARM.attributes
                0x0000025a       0x34 C:\Users\merce\AppData\Local\Temp\arduino\sketches\DCD967028DC249B7D96059C009FB5EC6/..\..\cores\f46399f9161b8e8185ace385977b8625\core.a(cortex_handlers.c.o)
 .ARM.attributes
                0x0000028e       0x34 C:\Users\merce\AppData\Local\Temp\arduino\sketches\DCD967028DC249B7D96059C009FB5EC6/..\..\cores\f46399f9161b8e8185ace385977b8625\core.a(delay.c.o)
 .ARM.attributes
                0x000002c2       0x34 C:\Users\merce\AppData\Local\Temp\arduino\sketches\DCD967028DC249B7D96059C009FB5EC6/..\..\cores\f46399f9161b8e8185ace385977b8625\core.a(hooks.c.o)
 .ARM.attributes
                0x000002f6       0x34 C:\Users\merce\AppData\Local\Temp\arduino\sketches\DCD967028DC249B7D96059C009FB5EC6/..\..\cores\f46399f9161b8e8185ace385977b8625\core.a(main.cpp.o)
 .ARM.attributes
                0x0000032a       0x34 C:\Users\merce\AppData\Local\Temp\arduino\sketches\DCD967028DC249B7D96059C009FB5EC6/..\..\cores\f46399f9161b8e8185ace385977b8625\core.a(new.cpp.o)
 .ARM.attributes
                0x0000035e       0x34 C:\Users\merce\AppData\Local\Temp\arduino\sketches\DCD967028DC249B7D96059C009FB5EC6/..\..\cores\f46399f9161b8e8185ace385977b8625\core.a(startup.c.o)
 .ARM.attributes
                0x00000392       0x34 C:\Users\merce\AppData\Local\Temp\arduino\sketches\DCD967028DC249B7D96059C009FB5EC6/..\..\cores\f46399f9161b8e8185ace385977b8625\core.a(wiring.c.o)
 .ARM.attributes
                0x000003c6       0x34 C:\Users\merce\AppData\Local\Temp\arduino\sketches\DCD967028DC249B7D96059C009FB5EC6/..\..\cores\f46399f9161b8e8185ace385977b8625\core.a(wiring_analog.c.o)
 .ARM.attributes
                0x000003fa       0x34 C:\Users\merce\AppData\Local\Temp\arduino\sketches\DCD967028DC249B7D96059C009FB5EC6/..\..\cores\f46399f9161b8e8185ace385977b8625\core.a(wiring_digital.c.o)
 .ARM.attributes