Archive member included to satisfy reference by file (symbol)

C:\Users\merce\AppData\Local\Temp\arduino\sketches\CDFF8FAADE52B85102FB04DA967C1845/..\..\cores\fc828f1174019e1b32f85b82594d287f\core.a(Print.cpp.o)
                              C:\Users\merce\AppData\Local\Temp\arduino\sketches\CDFF8FAADE52B85102FB04DA967C1845\sketch\XIAO_Scope_exp.ino.cpp.o (Print::print(char const*))
C:\Users\merce\AppData\Local\Temp\arduino\sketches\CDFF8FAADE52B85102FB04DA967C1845/..\..\cores\fc828f1174019e1b32f85b82594d287f\core.a(Retarget.cpp.o)
                              (__wrap__write)
C:\Users\merce\AppData\Local\Temp\arduino\sketches\CDFF8FAADE52B85102FB04DA967C1845/..\..\cores\fc828f1174019e1b32f85b82594d287f\core.a(SERCOM.cpp.o)
                              C:\Users\merce\AppData\Local\Temp\arduino\sketches\CDFF8FAADE52B85102FB04DA967C1845\core\variant.cpp.o (SERCOM::SERCOM(Sercom*))
C:\Users\merce\AppData\Local\Temp\arduino\sketches\CDFF8FAADE52B85102FB04DA967C1845/..\..\cores\fc828f1174019e1b32f85b82594d287f\core.a(Stream.cpp.o)
                              C:\Users\merce\AppData\Local\Temp\arduino\sketches\CDFF8FAADE52B85102FB04DA967C1845\sketch\XIAO_Scope_exp.ino.cpp.o (Stream::parseInt(LookaheadMode, char))
C:\Users\merce\AppData\Local\Temp\arduino\sketches\CDFF8FAADE52B85102FB04DA967C1845/..\..\cores\fc828f1174019e1b32f85b82594d287f\core.a(CDC.cpp.o)
                              C:\Users\merce\AppData\Local\Temp\arduino\sketches\CDFF8FAADE52B85102FB04DA967C1845\sketch\XIAO_Scope_exp.ino.cpp.o (Serial_::available())
C:\Users\merce\AppData\Local\Temp\arduino\sketches\CDFF8FAADE52B85102FB04DA967C1845/..\..\cores\fc828f1174019e1b32f85b82594d287f\core.a(USBCore.cpp.o)
                              C:\Users\merce\AppData\Local\Temp\arduino\sketches\CDFF8FAADE52B85102FB04DA967C1845/..\..\cores\fc828f1174019e1b32f85b82594d287f\core.a(CDC.cpp.o) (USBDeviceClass::clear(unsigned long))
C:\Users\merce\AppData\Local\Temp\arduino\sketches\CDFF8FAADE52B85102FB04DA967C1845/..\..\cores\fc828f1174019e1b32f85b82594d287f\core.a(Uart.cpp.o)
                              C:\Users\merce\AppData\Local\Temp\arduino\sketches\CDFF8FAADE52B85102FB04DA967C1845\core\variant.cpp.o (Uart::Uart(SERCOM*, unsigned char, unsigned char, SercomRXPad, SercomUartTXPad))
C:\Users\merce\AppData\Local\Temp\arduino\sketches\CDFF8FAADE52B85102FB04DA967C1845/..\..\cores\fc828f1174019e1b32f85b82594d287f\core.a(WString.cpp.o)
                              C:\Users\merce\AppData\Local\Temp\arduino\sketches\CDFF8FAADE52B85102FB04DA967C1845/..\..\cores\fc828f1174019e1b32f85b82594d287f\core.a(Stream.cpp.o) (String::String(char const*))
C:\Users\merce\AppData\Local\Temp\arduino\sketches\CDFF8FAADE52B85102FB04DA967C1845/..\..\cores\fc828f1174019e1b32f85b82594d287f\core.a(abi.cpp.o)
                              C:\Users\merce\AppData\Local\Temp\arduino\sketches\CDFF8FAADE52B85102FB04DA967C1845/..\..\cores\fc828f1174019e1b32f85b82594d287f\core.a(Print.cpp.o) (__cxa_pure_virtual)
C:\Users\merce\AppData\Local\Temp\arduino\sketches\CDFF8FAADE52B85102FB04DA967C1845/..\..\cores\fc828f1174019e1b32f85b82594d287f\core.a(dtostrf.c.o)
                              C:\Users\merce\AppData\Local\Temp\arduino\sketches\CDFF8FAADE52B85102FB04DA967C1845/..\..\cores\fc828f1174019e1b32f85b82594d287f\core.a(WString.cpp.o) (dtostrf)
C:\Users\merce\AppData\Local\Temp\arduino\sketches\CDFF8FAADE52B85102FB04DA967C1845/..\..\cores\fc828f1174019e1b32f85b82594d287f\core.a(cortex_handlers.c.o)
                              (Reset_Handler)
C:\Users\merce\AppData\Local\Temp\arduino\sketches\CDFF8FAADE52B85102FB04DA967C1845/..\..\cores\fc828f1174019e1b32f85b82594d287f\core.a(delay.c.o)
                              C:\Users\merce\AppData\Local\Temp\arduino\sketches\CDFF8FAADE52B85102FB04DA967C1845/..\..\cores\fc828f1174019e1b32f85b82594d287f\core.a(Stream.cpp.o) (millis)
C:\Users\merce\AppData\Local\Temp\arduino\sketches\CDFF8FAADE52B85102FB04DA967C1845/..\..\cores\fc828f1174019e1b32f85b82594d287f\core.a(hooks.c.o)
                              C:\Users\merce\AppData\Local\Temp\arduino\sketches\CDFF8FAADE52B85102FB04DA967C1845/..\..\cores\fc828f1174019e1b32f85b82594d287f\core.a(Stream.cpp.o) (yield)
C:\Users\merce\AppData\Local\Temp\arduino\sketches\CDFF8FAADE52B85102FB04DA967C1845/..\..\cores\fc828f1174019e1b32f85b82594d287f\core.a(itoa.c.o)
                              C:\Users\merce\AppData\Local\Temp\arduino\sketches\CDFF8FAADE52B85102FB04DA967C1845/..\..\cores\fc828f1174019e1b32f85b82594d287f\core.a(WString.cpp.o) (ltoa)
C:\Users\merce\AppData\Local\Temp\arduino\sketches\CDFF8FAADE52B85102FB04DA967C1845/..\..\cores\fc828f1174019e1b32f85b82594d287f\core.a(main.cpp.o)
                              c:/users/merce/appdata/local/arduino15/packages/seeeduino/tools/arm-none-eabi-gcc/7-2017q4/bin/../lib/gcc/arm-none-eabi/7.2.1/../../../../arm-none-eabi/lib/thumb/v6-m/crt0.o (main)
[...]
Memory Configuration

Name             Origin             Length             Attributes
FLASH            0x00002000         0x0003e000         xr
RAM              0x20000000         0x00008000         xrw
*default*        0x00000000         0xffffffff

Linker script and memory map

LOAD c:/users/merce/appdata/local/arduino15/packages/seeeduino/tools/arm-none-eabi-gcc/7-2017q4/bin/../lib/gcc/arm-none-eabi/7.2.1/thumb/v6-m/crti.o
LOAD c:/users/merce/appdata/local/arduino15/packages/seeeduino/tools/arm-none-eabi-gcc/7-2017q4/bin/../lib/gcc/arm-none-eabi/7.2.1/thumb/v6-m/crtbegin.o
LOAD c:/users/merce/appdata/local/arduino15/packages/seeeduino/tools/arm-none-eabi-gcc/7-2017q4/bin/../lib/gcc/arm-none-eabi/7.2.1/../../../../arm-none-eabi/lib/thumb/v6-m/crt0.o
LOAD C:\Users\merce\AppData\Local\Temp\arduino\sketches\CDFF8FAADE52B85102FB04DA967C1845\sketch\XIAO_Scope_exp.ino.cpp.o
LOAD C:\Users\merce\AppData\Local\Temp\arduino\sketches\CDFF8FAADE52B85102FB04DA967C1845\libraries\TimerTC3\TimerTC3.cpp.o
LOAD C:\Users\merce\AppData\Local\Temp\arduino\sketches\CDFF8FAADE52B85102FB04DA967C1845\core\variant.cpp.o
START GROUP
LOAD C:\Users\merce\AppData\Local\Arduino15\packages\Seeeduino\tools\CMSIS\5.7.0/CMSIS/DSP/Lib/GCC/\libarm_cortexM0l_math.a
LOAD c:/users/merce/appdata/local/arduino15/packages/seeeduino/tools/arm-none-eabi-gcc/7-2017q4/bin/../lib/gcc/arm-none-eabi/7.2.1/../../../../arm-none-eabi/lib/thumb/v6-m\libm.a
LOAD C:\Users\merce\AppData\Local\Temp\arduino\sketches\CDFF8FAADE52B85102FB04DA967C1845/..\..\cores\fc828f1174019e1b32f85b82594d287f\core.a
END GROUP
LOAD c:/users/merce/appdata/local/arduino15/packages/seeeduino/tools/arm-none-eabi-gcc/7-2017q4/bin/../lib/gcc/arm-none-eabi/7.2.1/../../../../arm-none-eabi/lib/thumb/v6-m\libstdc++_nano.a
LOAD c:/users/merce/appdata/local/arduino15/packages/seeeduino/tools/arm-none-eabi-gcc/7-2017q4/bin/../lib/gcc/arm-none-eabi/7.2.1/../../../../arm-none-eabi/lib/thumb/v6-m\libm.a
START GROUP
LOAD c:/users/merce/appdata/local/arduino15/packages/seeeduino/tools/arm-none-eabi-gcc/7-2017q4/bin/../lib/gcc/arm-none-eabi/7.2.1/thumb/v6-m\libgcc.a
LOAD c:/users/merce/appdata/local/arduino15/packages/seeeduino/tools/arm-none-eabi-gcc/7-2017q4/bin/../lib/gcc/arm-none-eabi/7.2.1/../../../../arm-none-eabi/lib/thumb/v6-m\libc_nano.a
END GROUP
START GROUP
LOAD c:/users/merce/appdata/local/arduino15/packages/seeeduino/tools/arm-none-eabi-gcc/7-2017q4/bin/../lib/gcc/arm-none-eabi/7.2.1/thumb/v6-m\libgcc.a
LOAD c:/users/merce/appdata/local/arduino15/packages/seeeduino/tools/arm-none-eabi-gcc/7-2017q4/bin/../lib/gcc/arm-none-eabi/7.2.1/../../../../arm-none-eabi/lib/thumb/v6-m\libc_nano.a
LOAD c:/users/merce/appdata/local/arduino15/packages/seeeduino/tools/arm-none-eabi-gcc/7-2017q4/bin/../lib/gcc/arm-none-eabi/7.2.1/../../../../arm-none-eabi/lib/thumb/v6-m\libnosys.a
END GROUP
START GROUP
LOAD c:/users/merce/appdata/local/arduino15/packages/seeeduino/tools/arm-none-eabi-gcc/7-2017q4/bin/../lib/gcc/arm-none-eabi/7.2.1/thumb/v6-m\libgcc.a
LOAD c:/users/merce/appdata/local/arduino15/packages/seeeduino/tools/arm-none-eabi-gcc/7-2017q4/bin/../lib/gcc/arm-none-eabi/7.2.1/../../../../arm-none-eabi/lib/thumb/v6-m\libc_nano.a
LOAD c:/users/merce/appdata/local/arduino15/packages/seeeduino/tools/arm-none-eabi-gcc/7-2017q4/bin/../lib/gcc/arm-none-eabi/7.2.1/../../../../arm-none-eabi/lib/thumb/v6-m\libnosys.a
END GROUP
LOAD c:/users/merce/appdata/local/arduino15/packages/seeeduino/tools/arm-none-eabi-gcc/7-2017q4/bin/../lib/gcc/arm-none-eabi/7.2.1/thumb/v6-m/crtend.o
LOAD c:/users/merce/appdata/local/arduino15/packages/seeeduino/tools/arm-none-eabi-gcc/7-2017q4/bin/../lib/gcc/arm-none-eabi/7.2.1/thumb/v6-m/crtn.o

.text           0x00002000     0x9654
                0x00002000                __text_start__ = .
 *(.isr_vector)
 .isr_vector    0x00002000       0xb4 C:\Users\merce\AppData\Local\Temp\arduino\sketches\CDFF8FAADE52B85102FB04DA967C1845/..\..\cores\fc828f1174019e1b32f85b82594d287f\core.a(cortex_handlers.c.o)
                0x00002000                exception_table
 *(.text*)
 .text          0x000020b4       0x48 c:/users/merce/appdata/local/arduino15/packages/seeeduino/tools/arm-none-eabi-gcc/7-2017q4/bin/../lib/gcc/arm-none-eabi/7.2.1/thumb/v6-m/crtbegin.o
 .text._ZL7syncADCv
                0x000020fc       0x10 C:\Users\merce\AppData\Local\Temp\arduino\sketches\CDFF8FAADE52B85102FB04DA967C1845\sketch\XIAO_Scope_exp.ino.cpp.o
 .text._Z9updatedacv
                0x0000210c       0x9c C:\Users\merce\AppData\Local\Temp\arduino\sketches\CDFF8FAADE52B85102FB04DA967C1845\sketch\XIAO_Scope_exp.ino.cpp.o
                0x0000210c                updatedac()
 .text._Z8ADC_initv
                0x000021a8       0xe8 C:\Users\merce\AppData\Local\Temp\arduino\sketches\CDFF8FAADE52B85102FB04DA967C1845\sketch\XIAO_Scope_exp.ino.cpp.o
                0x000021a8                ADC_init()
 .text._Z15ADC_read_signali
                0x00002290       0x38 C:\Users\merce\AppData\Local\Temp\arduino\sketches\CDFF8FAADE52B85102FB04DA967C1845\sketch\XIAO_Scope_exp.ino.cpp.o
                0x00002290                ADC_read_signal(int)
 .text.loop     0x000022c8        0x2 C:\Users\merce\AppData\Local\Temp\arduino\sketches\CDFF8FAADE52B85102FB04DA967C1845\sketch\XIAO_Scope_exp.ino.cpp.o
                0x000022c8                loop
 *fill*         0x000022ca        0x2 
 .text.setup    0x000022cc      0x87c C:\Users\merce\AppData\Local\Temp\arduino\sketches\CDFF8FAADE52B85102FB04DA967C1845\sketch\XIAO_Scope_exp.ino.cpp.o
                0x000022cc                setup
 .text.TC3_Handler
                0x00002b48       0x24 C:\Users\merce\AppData\Local\Temp\arduino\sketches\CDFF8FAADE52B85102FB04DA967C1845\libraries\TimerTC3\TimerTC3.cpp.o
                0x00002b48                TC3_Handler
 .text._ZN8TimerTC39setPeriodEl
                0x00002b6c       0x80 C:\Users\merce\AppData\Local\Temp\arduino\sketches\CDFF8FAADE52B85102FB04DA967C1845\libraries\TimerTC3\TimerTC3.cpp.o
                0x00002b6c                TimerTC3::setPeriod(long)
 .text._ZN8TimerTC310initializeEl
                0x00002bec       0x4c C:\Users\merce\AppData\Local\Temp\arduino\sketches\CDFF8FAADE52B85102FB04DA967C1845\libraries\TimerTC3\TimerTC3.cpp.o
                0x00002bec                TimerTC3::initialize(long)
 .text._ZN8TimerTC35startEv
                0x00002c38       0x38 C:\Users\merce\AppData\Local\Temp\arduino\sketches\CDFF8FAADE52B85102FB04DA967C1845\libraries\TimerTC3\TimerTC3.cpp.o
                0x00002c38                TimerTC3::start()
 .text._ZN8TimerTC315attachInterruptEPFvvE
                0x00002c70        0xa C:\Users\merce\AppData\Local\Temp\arduino\sketches\CDFF8FAADE52B85102FB04DA967C1845\libraries\TimerTC3\TimerTC3.cpp.o
                0x00002c70                TimerTC3::attachInterrupt(void (*)())
 *fill*         0x00002c7a        0x2 
 .text._ZN8TimerTC34stopEv
                0x00002c7c       0x10 C:\Users\merce\AppData\Local\Temp\arduino\sketches\CDFF8FAADE52B85102FB04DA967C1845\libraries\TimerTC3\TimerTC3.cpp.o
                0x00002c7c                TimerTC3::stop()
 .text._ZN8TimerTC315detachInterruptEv
                0x00002c8c       0x24 C:\Users\merce\AppData\Local\Temp\arduino\sketches\CDFF8FAADE52B85102FB04DA967C1845\libraries\TimerTC3\TimerTC3.cpp.o
                0x00002c8c                TimerTC3::detachInterrupt()
 .text.SERCOM4_Handler
                0x00002cb0       0x10 C:\Users\merce\AppData\Local\Temp\arduino\sketches\CDFF8FAADE52B85102FB04DA967C1845\core\variant.cpp.o
                0x00002cb0                SERCOM4_Handler
 .text.startup._GLOBAL__sub_I_g_APinDescription
                0x00002cc0       0x80 C:\Users\merce\AppData\Local\Temp\arduino\sketches\CDFF8FAADE52B85102FB04DA967C1845\core\variant.cpp.o
 .text._ZN5Print5writeEPKhj
                0x00002d40       0x28 C:\Users\merce\AppData\Local\Temp\arduino\sketches\CDFF8FAADE52B85102FB04DA967C1845/..\..\cores\fc828f1174019e1b32f85b82594d287f\core.a(Print.cpp.o)
                0x00002d40                Print::write(unsigned char const*, unsigned int)
 .text._ZN5Print5writeEPKc.part.2
                0x00002d68       0x1a C:\Users\merce\AppData\Local\Temp\arduino\sketches\CDFF8FAADE52B85102FB04DA967C1845/..\..\cores\fc828f1174019e1b32f85b82594d287f\core.a(Print.cpp.o)
 .text._ZN5Print5writeEPKc
                0x00002d82       0x10 C:\Users\merce\AppData\Local\Temp\arduino\sketches\CDFF8FAADE52B85102FB04DA967C1845/..\..\cores\fc828f1174019e1b32f85b82594d287f\core.a(Print.cpp.o)
                0x00002d82                Print::write(char const*)
 .text._ZN5Print5printEPKc
                0x00002d92        0x8 C:\Users\merce\AppData\Local\Temp\arduino\sketches\CDFF8FAADE52B85102FB04DA967C1845/..\..\cores\fc828f1174019e1b32f85b82594d287f\core.a(Print.cpp.o)
                0x00002d92                Print::print(char const*)
 *fill*         0x00002d9a        0x2 
 .text._ZN5Print7printlnEv
                0x00002d9c       0x10 C:\Users\merce\AppData\Local\Temp\arduino\sketches\CDFF8FAADE52B85102FB04DA967C1845/..\..\cores\fc828f1174019e1b32f85b82594d287f\core.a(Print.cpp.o)
                0x00002d9c                Print::println()
 .text._ZN5Print7printlnEPKc
                0x00002dac       0x14 C:\Users\merce\AppData\Local\Temp\arduino\sketches\CDFF8FAADE52B85102FB04DA967C1845/..\..\cores\fc828f1174019e1b32f85b82594d287f\core.a(Print.cpp.o)
                0x00002dac                Print::println(char const*)
 .text._ZN5Print11printNumberEmh
                0x00002dc0       0x48 C:\Users\merce\AppData\Local\Temp\arduino\sketches\CDFF8FAADE52B85102FB04DA967C1845/..\..\cores\fc828f1174019e1b32f85b82594d287f\core.a(Print.cpp.o)
                0x00002dc0                Print::printNumber(unsigned long, unsigned char)
 .text._ZN5Print5printEmi
                0x00002e08       0x18 C:\Users\merce\AppData\Local\Temp\arduino\sketches\CDFF8FAADE52B85102FB04DA967C1845/..\..\cores\fc828f1174019e1b32f85b82594d287f\core.a(Print.cpp.o)
                0x00002e08                Print::print(unsigned long, int)
 .text._ZN5Print7printlnEmi
                0x00002e20       0x14 C:\Users\merce\AppData\Local\Temp\arduino\sketches\CDFF8FAADE52B85102FB04DA967C1845/..\..\cores\fc828f1174019e1b32f85b82594d287f\core.a(Print.cpp.o)
                0x00002e20                Print::println(unsigned long, int)
 .text.__wrap__write
                0x00002e34        0x4 C:\Users\merce\AppData\Local\Temp\arduino\sketches\CDFF8FAADE52B85102FB04DA967C1845/..\..\cores\fc828f1174019e1b32f85b82594d287f\core.a(Retarget.cpp.o)
                0x00002e34                __wrap__write
 .text._ZN6SERCOMC2EP6Sercom
                0x00002e38        0x4 C:\Users\merce\AppData\Local\Temp\arduino\sketches\CDFF8FAADE52B85102FB04DA967C1845/..\..\cores\fc828f1174019e1b32f85b82594d287f\core.a(SERCOM.cpp.o)
                0x00002e38                SERCOM::SERCOM(Sercom*)
                0x00002e38                SERCOM::SERCOM(Sercom*)
 .text._ZN6SERCOM9initFrameE18SercomUartCharSize15SercomDataOrder16SercomParityMode19SercomNumberStopBit
                0x00002e3c       0x3a C:\Users\merce\AppData\Local\Temp\arduino\sketches\CDFF8FAADE52B85102FB04DA967C1845/..\..\cores\fc828f1174019e1b32f85b82594d287f\core.a(SERCOM.cpp.o)
                0x00002e3c                SERCOM::initFrame(SercomUartCharSize, SercomDataOrder, SercomParityMode, SercomNumberStopBit)
 .text._ZN6SERCOM8initPadsE15SercomUartTXPad11SercomRXPad
                0x00002e76       0x26 C:\Users\merce\AppData\Local\Temp\arduino\sketches\CDFF8FAADE52B85102FB04DA967C1845/..\..\cores\fc828f1174019e1b32f85b82594d287f\core.a(SERCOM.cpp.o)
                0x00002e76                SERCOM::initPads(SercomUartTXPad, SercomRXPad)
 .text._ZN6SERCOM9resetUARTEv
                0x00002e9c       0x1a C:\Users\merce\AppData\Local\Temp\arduino\sketches\CDFF8FAADE52B85102FB04DA967C1845/..\..\cores\fc828f1174019e1b32f85b82594d287f\core.a(SERCOM.cpp.o)
                0x00002e9c                SERCOM::resetUART()
 .text._ZN6SERCOM10enableUARTEv
                0x00002eb6       0x14 C:\Users\merce\AppData\Local\Temp\arduino\sketches\CDFF8FAADE52B85102FB04DA967C1845/..\..\cores\fc828f1174019e1b32f85b82594d287f\core.a(SERCOM.cpp.o)
                0x00002eb6                SERCOM::enableUART()
 .text._ZN6SERCOM9flushUARTEv
                0x00002eca       0x10 C:\Users\merce\AppData\Local\Temp\arduino\sketches\CDFF8FAADE52B85102FB04DA967C1845/..\..\cores\fc828f1174019e1b32f85b82594d287f\core.a(SERCOM.cpp.o)
                0x00002eca                SERCOM::flushUART()
 .text._ZN6SERCOM15clearStatusUARTEv
                0x00002eda        0x8 C:\Users\merce\AppData\Local\Temp\arduino\sketches\CDFF8FAADE52B85102FB04DA967C1845/..\..\cores\fc828f1174019e1b32f85b82594d287f\core.a(SERCOM.cpp.o)
                0x00002eda                SERCOM::clearStatusUART()
 .text._ZN6SERCOM17availableDataUARTEv
                0x00002ee2        0xa C:\Users\merce\AppData\Local\Temp\arduino\sketches\CDFF8FAADE52B85102FB04DA967C1845/..\..\cores\fc828f1174019e1b32f85b82594d287f\core.a(SERCOM.cpp.o)
                0x00002ee2                SERCOM::availableDataUART()
 .text._ZN6SERCOM11isUARTErrorEv
                0x00002eec        0x8 C:\Users\merce\AppData\Local\Temp\arduino\sketches\CDFF8FAADE52B85102FB04DA967C1845/..\..\cores\fc828f1174019e1b32f85b82594d287f\core.a(SERCOM.cpp.o)
                0x00002eec                SERCOM::isUARTError()
 .text._ZN6SERCOM20acknowledgeUARTErrorEv
                0x00002ef4        0xe C:\Users\merce\AppData\Local\Temp\arduino\sketches\CDFF8FAADE52B85102FB04DA967C1845/..\..\cores\fc828f1174019e1b32f85b82594d287f\core.a(SERCOM.cpp.o)
                0x00002ef4                SERCOM::acknowledgeUARTError()
 .text._ZN6SERCOM16isFrameErrorUARTEv
                0x00002f02        0xa C:\Users\merce\AppData\Local\Temp\arduino\sketches\CDFF8FAADE52B85102FB04DA967C1845/..\..\cores\fc828f1174019e1b32f85b82594d287f\core.a(SERCOM.cpp.o)
                0x00002f02                SERCOM::isFrameErrorUART()
 .text._ZN6SERCOM19clearFrameErrorUARTEv
                0x00002f0c        0xc C:\Users\merce\AppData\Local\Temp\arduino\sketches\CDFF8FAADE52B85102FB04DA967C1845/..\..\cores\fc828f1174019e1b32f85b82594d287f\core.a(SERCOM.cpp.o)
                0x00002f0c                SERCOM::clearFrameErrorUART()
 .text._ZN6SERCOM23isDataRegisterEmptyUARTEv
                0x00002f18        0xa C:\Users\merce\AppData\Local\Temp\arduino\sketches\CDFF8FAADE52B85102FB04DA967C1845/..\..\cores\fc828f1174019e1b32f85b82594d287f\core.a(SERCOM.cpp.o)
                0x00002f18                SERCOM::isDataRegisterEmptyUART()
 .text._ZN6SERCOM12readDataUARTEv
                0x00002f22        0x8 C:\Users\merce\AppData\Local\Temp\arduino\sketches\CDFF8FAADE52B85102FB04DA967C1845/..\..\cores\fc828f1174019e1b32f85b82594d287f\core.a(SERCOM.cpp.o)
                0x00002f22                SERCOM::readDataUART()
 .text._ZN6SERCOM13writeDataUARTEh
                0x00002f2a       0x10 C:\Users\merce\AppData\Local\Temp\arduino\sketches\CDFF8FAADE52B85102FB04DA967C1845/..\..\cores\fc828f1174019e1b32f85b82594d287f\core.a(SERCOM.cpp.o)
                0x00002f2a                SERCOM::writeDataUART(unsigned char)
 .text._ZN6SERCOM36enableDataRegisterEmptyInterruptUARTEv
                0x00002f3a        0x8 C:\Users\merce\AppData\Local\Temp\arduino\sketches\CDFF8FAADE52B85102FB04DA967C1845/..\..\cores\fc828f1174019e1b32f85b82594d287f\core.a(SERCOM.cpp.o)
                0x00002f3a                SERCOM::enableDataRegisterEmptyInterruptUART()
 .text._ZN6SERCOM37disableDataRegisterEmptyInterruptUARTEv
                0x00002f42        0x8 C:\Users\merce\AppData\Local\Temp\arduino\sketches\CDFF8FAADE52B85102FB04DA967C1845/..\..\cores\fc828f1174019e1b32f85b82594d287f\core.a(SERCOM.cpp.o)
                0x00002f42                SERCOM::disableDataRegisterEmptyInterruptUART()
 *fill*         0x00002f4a        0x2 
 .text._ZN6SERCOM14getSercomIndexEv
                0x00002f4c       0x5c C:\Users\merce\AppData\Local\Temp\arduino\sketches\CDFF8FAADE52B85102FB04DA967C1845/..\..\cores\fc828f1174019e1b32f85b82594d287f\core.a(SERCOM.cpp.o)
                0x00002f4c                SERCOM::getSercomIndex()
 .text._ZN6SERCOM13initClockNVICEv
                0x00002fa8       0x90 C:\Users\merce\AppData\Local\Temp\arduino\sketches\CDFF8FAADE52B85102FB04DA967C1845/..\..\cores\fc828f1174019e1b32f85b82594d287f\core.a(SERCOM.cpp.o)
                0x00002fa8                SERCOM::initClockNVIC()
 .text._ZN6SERCOM8initUARTE14SercomUartMode20SercomUartSampleRatem
                0x00003038       0x6c C:\Users\merce\AppData\Local\Temp\arduino\sketches\CDFF8FAADE52B85102FB04DA967C1845/..\..\cores\fc828f1174019e1b32f85b82594d287f\core.a(SERCOM.cpp.o)
                0x00003038                SERCOM::initUART(SercomUartMode, SercomUartSampleRate, unsigned long)
 .text._ZN6Stream9timedPeekEv
                0x000030a4       0x2e C:\Users\merce\AppData\Local\Temp\arduino\sketches\CDFF8FAADE52B85102FB04DA967C1845/..\..\cores\fc828f1174019e1b32f85b82594d287f\core.a(Stream.cpp.o)
                0x000030a4                Stream::timedPeek()
 *fill*         0x000030d2        0x2 
 .text._ZN6Stream13peekNextDigitE13LookaheadModeb
                0x000030d4       0x54 C:\Users\merce\AppData\Local\Temp\arduino\sketches\CDFF8FAADE52B85102FB04DA967C1845/..\..\cores\fc828f1174019e1b32f85b82594d287f\core.a(Stream.cpp.o)
                0x000030d4                Stream::peekNextDigit(LookaheadMode, bool)
 .text._ZN6Stream8parseIntE13LookaheadModec
                0x00003128       0x54 C:\Users\merce\AppData\Local\Temp\arduino\sketches\CDFF8FAADE52B85102FB04DA967C1845/..\..\cores\fc828f1174019e1b32f85b82594d287f\core.a(Stream.cpp.o)
                0x00003128                Stream::parseInt(LookaheadMode, char)
 .text._ZN7Serial_17availableForWriteEv
                0x0000317c        0x4 C:\Users\merce\AppData\Local\Temp\arduino\sketches\CDFF8FAADE52B85102FB04DA967C1845/..\..\cores\fc828f1174019e1b32f85b82594d287f\core.a(CDC.cpp.o)
                0x0000317c                Serial_::availableForWrite()
 .text._ZN7Serial_5writeEh
                0x00003180       0x14 C:\Users\merce\AppData\Local\Temp\arduino\sketches\CDFF8FAADE52B85102FB04DA967C1845/..\..\cores\fc828f1174019e1b32f85b82594d287f\core.a(CDC.cpp.o)
                0x00003180                Serial_::write(unsigned char)
 .text._ZN7Serial_9availableEv
                0x00003194       0x1c C:\Users\merce\AppData\Local\Temp\arduino\sketches\CDFF8FAADE52B85102FB04DA967C1845/..\..\cores\fc828f1174019e1b32f85b82594d287f\core.a(CDC.cpp.o)
                0x00003194                Serial_::available()
 .text._ZN7Serial_5flushEv
                0x000031b0        0xc C:\Users\merce\AppData\Local\Temp\arduino\sketches\CDFF8FAADE52B85102FB04DA967C1845/..\..\cores\fc828f1174019e1b32f85b82594d287f\core.a(CDC.cpp.o)
                0x000031b0                Serial_::flush()
 .text._ZN7Serial_5clearEv
                0x000031bc        0xc C:\Users\merce\AppData\Local\Temp\arduino\sketches\CDFF8FAADE52B85102FB04DA967C1845/..\..\cores\fc828f1174019e1b32f85b82594d287f\core.a(CDC.cpp.o)
                0x000031bc                Serial_::clear()
 .text._ZN7Serial_4peekEv
                0x000031c8       0x1c C:\Users\merce\AppData\Local\Temp\arduino\sketches\CDFF8FAADE52B85102FB04DA967C1845/..\..\cores\fc828f1174019e1b32f85b82594d287f\core.a(CDC.cpp.o)
                0x000031c8                Serial_::peek()
 .text._ZN7Serial_4readEv
                0x000031e4       0x24 C:\Users\merce\AppData\Local\Temp\arduino\sketches\CDFF8FAADE52B85102FB04DA967C1845/..\..\cores\fc828f1174019e1b32f85b82594d287f\core.a(CDC.cpp.o)
                0x000031e4                Serial_::read()
 .text._ZN7Serial_5writeEPKhj
                0x00003208       0x30 C:\Users\merce\AppData\Local\Temp\arduino\sketches\CDFF8FAADE52B85102FB04DA967C1845/..\..\cores\fc828f1174019e1b32f85b82594d287f\core.a(CDC.cpp.o)
                0x00003208                Serial_::write(unsigned char const*, unsigned int)
 .text._Z16CDC_GetInterfacePh
                0x00003238       0x1c C:\Users\merce\AppData\Local\Temp\arduino\sketches\CDFF8FAADE52B85102FB04DA967C1845/..\..\cores\fc828f1174019e1b32f85b82594d287f\core.a(CDC.cpp.o)
                0x00003238                CDC_GetInterface(unsigned char*)
 .text._Z9CDC_SetupR8USBSetup
                0x00003254       0x7c C:\Users\merce\AppData\Local\Temp\arduino\sketches\CDFF8FAADE52B85102FB04DA967C1845/..\..\cores\fc828f1174019e1b32f85b82594d287f\core.a(CDC.cpp.o)
                0x00003254                CDC_Setup(USBSetup&)
 .text._ZN7Serial_5beginEm
                0x000032d0        0x6 C:\Users\merce\AppData\Local\Temp\arduino\sketches\CDFF8FAADE52B85102FB04DA967C1845/..\..\cores\fc828f1174019e1b32f85b82594d287f\core.a(CDC.cpp.o)
                0x000032d0                Serial_::begin(unsigned long)
 *fill*         0x000032d6        0x2 
 .text.startup._GLOBAL__sub_I__Z17_CDC_GetInterfacev
                0x000032d8       0x28 C:\Users\merce\AppData\Local\Temp\arduino\sketches\CDFF8FAADE52B85102FB04DA967C1845/..\..\cores\fc828f1174019e1b32f85b82594d287f\core.a(CDC.cpp.o)
 .text._ZN26DoubleBufferedEPOutHandlerD2Ev
                0x00003300        0x2 C:\Users\merce\AppData\Local\Temp\arduino\sketches\CDFF8FAADE52B85102FB04DA967C1845/..\..\cores\fc828f1174019e1b32f85b82594d287f\core.a(USBCore.cpp.o)
                0x00003300                DoubleBufferedEPOutHandler::~DoubleBufferedEPOutHandler()
                0x00003300                DoubleBufferedEPOutHandler::~DoubleBufferedEPOutHandler()
 .text._ZN26DoubleBufferedEPOutHandler4initEv
                0x00003302        0x2 C:\Users\merce\AppData\Local\Temp\arduino\sketches\CDFF8FAADE52B85102FB04DA967C1845/..\..\cores\fc828f1174019e1b32f85b82594d287f\core.a(USBCore.cpp.o)
                0x00003302                DoubleBufferedEPOutHandler::init()
 .text._ZL5utox8mPc
                0x00003304       0x24 C:\Users\merce\AppData\Local\Temp\arduino\sketches\CDFF8FAADE52B85102FB04DA967C1845/..\..\cores\fc828f1174019e1b32f85b82594d287f\core.a(USBCore.cpp.o)
 .text._ZN26DoubleBufferedEPOutHandlerD0Ev
                0x00003328       0x10 C:\Users\merce\AppData\Local\Temp\arduino\sketches\CDFF8FAADE52B85102FB04DA967C1845/..\..\cores\fc828f1174019e1b32f85b82594d287f\core.a(USBCore.cpp.o)
                0x00003328                DoubleBufferedEPOutHandler::~DoubleBufferedEPOutHandler()
 .text._ZN14USBDeviceClass6initEPEmm.part.8
                0x00003338       0xe0 C:\Users\merce\AppData\Local\Temp\arduino\sketches\CDFF8FAADE52B85102FB04DA967C1845/..\..\cores\fc828f1174019e1b32f85b82594d287f\core.a(USBCore.cpp.o)
 .text._ZN7__GuardC2Ev
                0x00003418        0xe C:\Users\merce\AppData\Local\Temp\arduino\sketches\CDFF8FAADE52B85102FB04DA967C1845/..\..\cores\fc828f1174019e1b32f85b82594d287f\core.a(USBCore.cpp.o)
                0x00003418                __Guard::__Guard()
                0x00003418                __Guard::__Guard()
 .text._ZN7__GuardD2Ev
                0x00003426        0xe C:\Users\merce\AppData\Local\Temp\arduino\sketches\CDFF8FAADE52B85102FB04DA967C1845/..\..\cores\fc828f1174019e1b32f85b82594d287f\core.a(USBCore.cpp.o)
                0x00003426                __Guard::~__Guard()
                0x00003426                __Guard::~__Guard()
 .text._ZNK26DoubleBufferedEPOutHandler10_availableEv
                0x00003434       0x6a C:\Users\merce\AppData\Local\Temp\arduino\sketches\CDFF8FAADE52B85102FB04DA967C1845/..\..\cores\fc828f1174019e1b32f85b82594d287f\core.a(USBCore.cpp.o)
                0x00003434                DoubleBufferedEPOutHandler::_available() const
 *fill*         0x0000349e        0x2 
 .text._ZN26DoubleBufferedEPOutHandler7releaseEv
                0x000034a0       0x3c C:\Users\merce\AppData\Local\Temp\arduino\sketches\CDFF8FAADE52B85102FB04DA967C1845/..\..\cores\fc828f1174019e1b32f85b82594d287f\core.a(USBCore.cpp.o)
                0x000034a0                DoubleBufferedEPOutHandler::release()
 .text._ZN26DoubleBufferedEPOutHandler14handleEndpointEv
                0x000034dc       0xdc C:\Users\merce\AppData\Local\Temp\arduino\sketches\CDFF8FAADE52B85102FB04DA967C1845/..\..\cores\fc828f1174019e1b32f85b82594d287f\core.a(USBCore.cpp.o)
                0x000034dc                DoubleBufferedEPOutHandler::handleEndpoint()
 .text._ZN26DoubleBufferedEPOutHandler5_recvEv
                0x000035b8      0x184 C:\Users\merce\AppData\Local\Temp\arduino\sketches\CDFF8FAADE52B85102FB04DA967C1845/..\..\cores\fc828f1174019e1b32f85b82594d287f\core.a(USBCore.cpp.o)
                0x000035b8                DoubleBufferedEPOutHandler::_recv()
 .text._ZN26DoubleBufferedEPOutHandler4peekEv
                0x0000373c       0x22 C:\Users\merce\AppData\Local\Temp\arduino\sketches\CDFF8FAADE52B85102FB04DA967C1845/..\..\cores\fc828f1174019e1b32f85b82594d287f\core.a(USBCore.cpp.o)
                0x0000373c                DoubleBufferedEPOutHandler::peek()
 .text._ZN26DoubleBufferedEPOutHandler9availableEv
                0x0000375e       0x18 C:\Users\merce\AppData\Local\Temp\arduino\sketches\CDFF8FAADE52B85102FB04DA967C1845/..\..\cores\fc828f1174019e1b32f85b82594d287f\core.a(USBCore.cpp.o)
                0x0000375e                DoubleBufferedEPOutHandler::available()
 .text._ZN26DoubleBufferedEPOutHandler4recvEPvm
                0x00003776       0x72 C:\Users\merce\AppData\Local\Temp\arduino\sketches\CDFF8FAADE52B85102FB04DA967C1845/..\..\cores\fc828f1174019e1b32f85b82594d287f\core.a(USBCore.cpp.o)
                0x00003776                DoubleBufferedEPOutHandler::recv(void*, unsigned long)
 .text._ZN14USBDeviceClass14SendInterfacesEPm
                0x000037e8       0x2c C:\Users\merce\AppData\Local\Temp\arduino\sketches\CDFF8FAADE52B85102FB04DA967C1845/..\..\cores\fc828f1174019e1b32f85b82594d287f\core.a(USBCore.cpp.o)
                0x000037e8                USBDeviceClass::SendInterfaces(unsigned long*)
 .text._ZN14USBDeviceClass14handleEndpointEh
                0x00003814       0x48 C:\Users\merce\AppData\Local\Temp\arduino\sketches\CDFF8FAADE52B85102FB04DA967C1845/..\..\cores\fc828f1174019e1b32f85b82594d287f\core.a(USBCore.cpp.o)
                0x00003814                USBDeviceClass::handleEndpoint(unsigned char)
 .text._ZN14USBDeviceClass4initEv
                0x0000385c      0x110 C:\Users\merce\AppData\Local\Temp\arduino\sketches\CDFF8FAADE52B85102FB04DA967C1845/..\..\cores\fc828f1174019e1b32f85b82594d287f\core.a(USBCore.cpp.o)
                0x0000385c                USBDeviceClass::init()
 .text._ZN14USBDeviceClass6attachEv
                0x0000396c       0x34 C:\Users\merce\AppData\Local\Temp\arduino\sketches\CDFF8FAADE52B85102FB04DA967C1845/..\..\cores\fc828f1174019e1b32f85b82594d287f\core.a(USBCore.cpp.o)
                0x0000396c                USBDeviceClass::attach()
 .text._ZN14USBDeviceClass10setAddressEm
                0x000039a0       0x48 C:\Users\merce\AppData\Local\Temp\arduino\sketches\CDFF8FAADE52B85102FB04DA967C1845/..\..\cores\fc828f1174019e1b32f85b82594d287f\core.a(USBCore.cpp.o)
                0x000039a0                USBDeviceClass::setAddress(unsigned long)
 .text._ZN14USBDeviceClass25handleClassInterfaceSetupER8USBSetup
                0x000039e8       0x44 C:\Users\merce\AppData\Local\Temp\arduino\sketches\CDFF8FAADE52B85102FB04DA967C1845/..\..\cores\fc828f1174019e1b32f85b82594d287f\core.a(USBCore.cpp.o)
                0x000039e8                USBDeviceClass::handleClassInterfaceSetup(USBSetup&)
 .text._ZN14USBDeviceClass6initEPEmm
                0x00003a2c      0x12c C:\Users\merce\AppData\Local\Temp\arduino\sketches\CDFF8FAADE52B85102FB04DA967C1845/..\..\cores\fc828f1174019e1b32f85b82594d287f\core.a(USBCore.cpp.o)
                0x00003a2c                USBDeviceClass::initEP(unsigned long, unsigned long)
 .text._ZN14USBDeviceClass13initEndpointsEv
                0x00003b58       0x24 C:\Users\merce\AppData\Local\Temp\arduino\sketches\CDFF8FAADE52B85102FB04DA967C1845/..\..\cores\fc828f1174019e1b32f85b82594d287f\core.a(USBCore.cpp.o)
                0x00003b58                USBDeviceClass::initEndpoints()
 .text._ZN14USBDeviceClass5clearEm
                0x00003b7c       0x38 C:\Users\merce\AppData\Local\Temp\arduino\sketches\CDFF8FAADE52B85102FB04DA967C1845/..\..\cores\fc828f1174019e1b32f85b82594d287f\core.a(USBCore.cpp.o)
                0x00003b7c                USBDeviceClass::clear(unsigned long)
 .text._ZN14USBDeviceClass9availableEm
                0x00003bb4       0x2c C:\Users\merce\AppData\Local\Temp\arduino\sketches\CDFF8FAADE52B85102FB04DA967C1845/..\..\cores\fc828f1174019e1b32f85b82594d287f\core.a(USBCore.cpp.o)
                0x00003bb4                USBDeviceClass::available(unsigned long)
 .text._ZN14USBDeviceClass5flushEm
                0x00003be0       0x2c C:\Users\merce\AppData\Local\Temp\arduino\sketches\CDFF8FAADE52B85102FB04DA967C1845/..\..\cores\fc828f1174019e1b32f85b82594d287f\core.a(USBCore.cpp.o)
                0x00003be0                USBDeviceClass::flush(unsigned long)
 .text._ZN14USBDeviceClass14armRecvCtrlOUTEm
                0x00003c0c       0x5c C:\Users\merce\AppData\Local\Temp\arduino\sketches\CDFF8FAADE52B85102FB04DA967C1845/..\..\cores\fc828f1174019e1b32f85b82594d287f\core.a(USBCore.cpp.o)
                0x00003c0c                USBDeviceClass::armRecvCtrlOUT(unsigned long)
 .text._ZN14USBDeviceClass11recvControlEPvm
                0x00003c68       0x3c C:\Users\merce\AppData\Local\Temp\arduino\sketches\CDFF8FAADE52B85102FB04DA967C1845/..\..\cores\fc828f1174019e1b32f85b82594d287f\core.a(USBCore.cpp.o)
                0x00003c68                USBDeviceClass::recvControl(void*, unsigned long)
 .text._ZN14USBDeviceClass7armRecvEm
                0x00003ca4       0x38 C:\Users\merce\AppData\Local\Temp\arduino\sketches\CDFF8FAADE52B85102FB04DA967C1845/..\..\cores\fc828f1174019e1b32f85b82594d287f\core.a(USBCore.cpp.o)
                0x00003ca4                USBDeviceClass::armRecv(unsigned long)
 .text._ZN14USBDeviceClass4recvEmPvm
                0x00003cdc       0xd8 C:\Users\merce\AppData\Local\Temp\arduino\sketches\CDFF8FAADE52B85102FB04DA967C1845/..\..\cores\fc828f1174019e1b32f85b82594d287f\core.a(USBCore.cpp.o)
                0x00003cdc                USBDeviceClass::recv(unsigned long, void*, unsigned long)
 .text._ZN14USBDeviceClass4recvEm
                0x00003db4       0x1c C:\Users\merce\AppData\Local\Temp\arduino\sketches\CDFF8FAADE52B85102FB04DA967C1845/..\..\cores\fc828f1174019e1b32f85b82594d287f\core.a(USBCore.cpp.o)
                0x00003db4                USBDeviceClass::recv(unsigned long)
 .text._ZN14USBDeviceClass4sendEmPKvm
                0x00003dd0      0x110 C:\Users\merce\AppData\Local\Temp\arduino\sketches\CDFF8FAADE52B85102FB04DA967C1845/..\..\cores\fc828f1174019e1b32f85b82594d287f\core.a(USBCore.cpp.o)
                0x00003dd0                USBDeviceClass::send(unsigned long, void const*, unsigned long)
 .text._ZN14USBDeviceClass7armSendEmPKvm
                0x00003ee0       0x48 C:\Users\merce\AppData\Local\Temp\arduino\sketches\CDFF8FAADE52B85102FB04DA967C1845/..\..\cores\fc828f1174019e1b32f85b82594d287f\core.a(USBCore.cpp.o)
                0x00003ee0                USBDeviceClass::armSend(unsigned long, void const*, unsigned long)
 .text._ZN14USBDeviceClass11sendControlEPKvm
                0x00003f28       0x54 C:\Users\merce\AppData\Local\Temp\arduino\sketches\CDFF8FAADE52B85102FB04DA967C1845/..\..\cores\fc828f1174019e1b32f85b82594d287f\core.a(USBCore.cpp.o)
                0x00003f28                USBDeviceClass::sendControl(void const*, unsigned long)
 .text._ZN14USBDeviceClass20sendStringDescriptorEPKhh
                0x00003f7c       0x68 C:\Users\merce\AppData\Local\Temp\arduino\sketches\CDFF8FAADE52B85102FB04DA967C1845/..\..\cores\fc828f1174019e1b32f85b82594d287f\core.a(USBCore.cpp.o)
                0x00003f7c                USBDeviceClass::sendStringDescriptor(unsigned char const*, unsigned char)
 .text._ZN14USBDeviceClass17sendConfigurationEm
                0x00003fe4       0x80 C:\Users\merce\AppData\Local\Temp\arduino\sketches\CDFF8FAADE52B85102FB04DA967C1845/..\..\cores\fc828f1174019e1b32f85b82594d287f\core.a(USBCore.cpp.o)
                0x00003fe4                USBDeviceClass::sendConfiguration(unsigned long)
 .text._ZN14USBDeviceClass14sendDescriptorER8USBSetup
                0x00004064       0xf0 C:\Users\merce\AppData\Local\Temp\arduino\sketches\CDFF8FAADE52B85102FB04DA967C1845/..\..\cores\fc828f1174019e1b32f85b82594d287f\core.a(USBCore.cpp.o)
                0x00004064                USBDeviceClass::sendDescriptor(USBSetup&)
 .text._ZN14USBDeviceClass19handleStandardSetupER8USBSetup
                0x00004154      0x104 C:\Users\merce\AppData\Local\Temp\arduino\sketches\CDFF8FAADE52B85102FB04DA967C1845/..\..\cores\fc828f1174019e1b32f85b82594d287f\core.a(USBCore.cpp.o)
                0x00004154                USBDeviceClass::handleStandardSetup(USBSetup&)
 .text._ZN14USBDeviceClass10ISRHandlerEv
                0x00004258      0x140 C:\Users\merce\AppData\Local\Temp\arduino\sketches\CDFF8FAADE52B85102FB04DA967C1845/..\..\cores\fc828f1174019e1b32f85b82594d287f\core.a(USBCore.cpp.o)
                0x00004258                USBDeviceClass::ISRHandler()
 .text.UDD_Handler
                0x00004398       0x10 C:\Users\merce\AppData\Local\Temp\arduino\sketches\CDFF8FAADE52B85102FB04DA967C1845/..\..\cores\fc828f1174019e1b32f85b82594d287f\core.a(USBCore.cpp.o)
                0x00004398                UDD_Handler
 .text.startup._GLOBAL__sub_I_usbd
                0x000043a8       0x10 C:\Users\merce\AppData\Local\Temp\arduino\sketches\CDFF8FAADE52B85102FB04DA967C1845/..\..\cores\fc828f1174019e1b32f85b82594d287f\core.a(USBCore.cpp.o)
 .text._ZN4UartcvbEv
                0x000043b8        0x4 C:\Users\merce\AppData\Local\Temp\arduino\sketches\CDFF8FAADE52B85102FB04DA967C1845/..\..\cores\fc828f1174019e1b32f85b82594d287f\core.a(Uart.cpp.o)
                0x000043b8                Uart::operator bool()
 .text._ZN4Uart5beginEm
                0x000043bc       0x10 C:\Users\merce\AppData\Local\Temp\arduino\sketches\CDFF8FAADE52B85102FB04DA967C1845/..\..\cores\fc828f1174019e1b32f85b82594d287f\core.a(Uart.cpp.o)
                0x000043bc                Uart::begin(unsigned long)
 .text._ZN4Uart4peekEv
                0x000043cc       0x1a C:\Users\merce\AppData\Local\Temp\arduino\sketches\CDFF8FAADE52B85102FB04DA967C1845/..\..\cores\fc828f1174019e1b32f85b82594d287f\core.a(Uart.cpp.o)
                0x000043cc                Uart::peek()
 .text._ZN4Uart3endEv
                0x000043e6       0x20 C:\Users\merce\AppData\Local\Temp\arduino\sketches\CDFF8FAADE52B85102FB04DA967C1845/..\..\cores\fc828f1174019e1b32f85b82594d287f\core.a(Uart.cpp.o)
                0x000043e6                Uart::end()
 .text._ZN4Uart16extractNbStopBitEt
                0x00004406        0xc C:\Users\merce\AppData\Local\Temp\arduino\sketches\CDFF8FAADE52B85102FB04DA967C1845/..\..\cores\fc828f1174019e1b32f85b82594d287f\core.a(Uart.cpp.o)
                0x00004406                Uart::extractNbStopBit(unsigned short)
 .text._ZN4Uart15extractCharSizeEt
                0x00004412       0x28 C:\Users\merce\AppData\Local\Temp\arduino\sketches\CDFF8FAADE52B85102FB04DA967C1845/..\..\cores\fc828f1174019e1b32f85b82594d287f\core.a(Uart.cpp.o)
                0x00004412                Uart::extractCharSize(unsigned short)
 .text._ZN4Uart13extractParityEt
                0x0000443a       0x14 C:\Users\merce\AppData\Local\Temp\arduino\sketches\CDFF8FAADE52B85102FB04DA967C1845/..\..\cores\fc828f1174019e1b32f85b82594d287f\core.a(Uart.cpp.o)
                0x0000443a                Uart::extractParity(unsigned short)
 *fill*         0x0000444e        0x2 
 .text._ZN4Uart5beginEmt
                0x00004450       0xf8 C:\Users\merce\AppData\Local\Temp\arduino\sketches\CDFF8FAADE52B85102FB04DA967C1845/..\..\cores\fc828f1174019e1b32f85b82594d287f\core.a(Uart.cpp.o)
                0x00004450                Uart::begin(unsigned long, unsigned short)
 .text._ZN11RingBufferNILi256EEC2Ev
                0x00004548       0x1c C:\Users\merce\AppData\Local\Temp\arduino\sketches\CDFF8FAADE52B85102FB04DA967C1845/..\..\cores\fc828f1174019e1b32f85b82594d287f\core.a(Uart.cpp.o)
                0x00004548                RingBufferN<256>::RingBufferN()
                0x00004548                RingBufferN<256>::RingBufferN()
 .text._ZN4UartC2EP6SERCOMhh11SercomRXPad15SercomUartTXPad
                0x00004564       0x74 C:\Users\merce\AppData\Local\Temp\arduino\sketches\CDFF8FAADE52B85102FB04DA967C1845/..\..\cores\fc828f1174019e1b32f85b82594d287f\core.a(Uart.cpp.o)
                0x00004564                Uart::Uart(SERCOM*, unsigned char, unsigned char, SercomRXPad, SercomUartTXPad)
                0x00004564                Uart::Uart(SERCOM*, unsigned char, unsigned char, SercomRXPad, SercomUartTXPad)
 .text._ZN11RingBufferNILi256EE17availableForStoreEv
                0x000045d8       0x20 C:\Users\merce\AppData\Local\Temp\arduino\sketches\CDFF8FAADE52B85102FB04DA967C1845/..\..\cores\fc828f1174019e1b32f85b82594d287f\core.a(Uart.cpp.o)
                0x000045d8                RingBufferN<256>::availableForStore()
 .text._ZN4Uart17availableForWriteEv
                0x000045f8        0xc C:\Users\merce\AppData\Local\Temp\arduino\sketches\CDFF8FAADE52B85102FB04DA967C1845/..\..\cores\fc828f1174019e1b32f85b82594d287f\core.a(Uart.cpp.o)
                0x000045f8                Uart::availableForWrite()
 .text._ZN4Uart4readEv
                0x00004604       0x4c C:\Users\merce\AppData\Local\Temp\arduino\sketches\CDFF8FAADE52B85102FB04DA967C1845/..\..\cores\fc828f1174019e1b32f85b82594d287f\core.a(Uart.cpp.o)
                0x00004604                Uart::read()
 .text._ZN11RingBufferNILi256EE9availableEv
                0x00004650       0x12 C:\Users\merce\AppData\Local\Temp\arduino\sketches\CDFF8FAADE52B85102FB04DA967C1845/..\..\cores\fc828f1174019e1b32f85b82594d287f\core.a(Uart.cpp.o)
                0x00004650                RingBufferN<256>::available()
 .text._ZN4Uart5flushEv
                0x00004662       0x1a C:\Users\merce\AppData\Local\Temp\arduino\sketches\CDFF8FAADE52B85102FB04DA967C1845/..\..\cores\fc828f1174019e1b32f85b82594d287f\core.a(Uart.cpp.o)
                0x00004662                Uart::flush()
 .text._ZN4Uart9availableEv
                0x0000467c        0xa C:\Users\merce\AppData\Local\Temp\arduino\sketches\CDFF8FAADE52B85102FB04DA967C1845/..\..\cores\fc828f1174019e1b32f85b82594d287f\core.a(Uart.cpp.o)
                0x0000467c                Uart::available()
 .text._ZN4Uart10IrqHandlerEv
                0x00004686       0xcc C:\Users\merce\AppData\Local\Temp\arduino\sketches\CDFF8FAADE52B85102FB04DA967C1845/..\..\cores\fc828f1174019e1b32f85b82594d287f\core.a(Uart.cpp.o)
                0x00004686                Uart::IrqHandler()
 *fill*         0x00004752        0x2 
 .text._ZN4Uart5writeEh
                0x00004754       0xb4 C:\Users\merce\AppData\Local\Temp\arduino\sketches\CDFF8FAADE52B85102FB04DA967C1845/..\..\cores\fc828f1174019e1b32f85b82594d287f\core.a(Uart.cpp.o)
                0x00004754                Uart::write(unsigned char)
 .text.Dummy_Handler
                0x00004808        0x2 C:\Users\merce\AppData\Local\Temp\arduino\sketches\CDFF8FAADE52B85102FB04DA967C1845/..\..\cores\fc828f1174019e1b32f85b82594d287f\core.a(cortex_handlers.c.o)
                0x00004808                DMAC_Handler
                0x00004808                HardFault_Handler
                0x00004808                AC_Handler
                0x00004808                PendSV_Handler
                0x00004808                NMI_Handler
                0x00004808                TC7_Handler
                0x00004808                SERCOM1_Handler
                0x00004808                ADC_Handler
                0x00004808                TCC1_Handler
                0x00004808                SERCOM2_Handler
                0x00004808                TCC0_Handler
                0x00004808                RTC_Handler
                0x00004808                EIC_Handler
                0x00004808                TC6_Handler
                0x00004808                WDT_Handler
                0x00004808                TC4_Handler
                0x00004808                Dummy_Handler
                0x00004808                PM_Handler
                0x00004808                SERCOM5_Handler
                0x00004808                SVC_Handler
                0x00004808                TCC2_Handler
                0x00004808                EVSYS_Handler
                0x00004808                SERCOM3_Handler
                0x00004808                I2S_Handler
                0x00004808                NVMCTRL_Handler
                0x00004808                SERCOM0_Handler
                0x00004808                DAC_Handler
                0x00004808                PTC_Handler
                0x00004808                SYSCTRL_Handler
 *fill*         0x0000480a        0x2 
 .text.USB_Handler
                0x0000480c       0x14 C:\Users\merce\AppData\Local\Temp\arduino\sketches\CDFF8FAADE52B85102FB04DA967C1845/..\..\cores\fc828f1174019e1b32f85b82594d287f\core.a(cortex_handlers.c.o)
                0x0000480c                USB_Handler
 .text.Reset_Handler
                0x00004820       0x54 C:\Users\merce\AppData\Local\Temp\arduino\sketches\CDFF8FAADE52B85102FB04DA967C1845/..\..\cores\fc828f1174019e1b32f85b82594d287f\core.a(cortex_handlers.c.o)
                0x00004820                Reset_Handler
 .text.SysTick_Handler
                0x00004874       0x10 C:\Users\merce\AppData\Local\Temp\arduino\sketches\CDFF8FAADE52B85102FB04DA967C1845/..\..\cores\fc828f1174019e1b32f85b82594d287f\core.a(cortex_handlers.c.o)
                0x00004874                SysTick_Handler
 .text.USB_SetHandler
                0x00004884        0xc C:\Users\merce\AppData\Local\Temp\arduino\sketches\CDFF8FAADE52B85102FB04DA967C1845/..\..\cores\fc828f1174019e1b32f85b82594d287f\core.a(cortex_handlers.c.o)
                0x00004884                USB_SetHandler
 .text.millis   0x00004890        0xc C:\Users\merce\AppData\Local\Temp\arduino\sketches\CDFF8FAADE52B85102FB04DA967C1845/..\..\cores\fc828f1174019e1b32f85b82594d287f\core.a(delay.c.o)
                0x00004890                millis
 .text.micros   0x0000489c       0x60 C:\Users\merce\AppData\Local\Temp\arduino\sketches\CDFF8FAADE52B85102FB04DA967C1845/..\..\cores\fc828f1174019e1b32f85b82594d287f\core.a(delay.c.o)
                0x0000489c                micros
 .text._real_delay
                0x000048fc       0x30 C:\Users\merce\AppData\Local\Temp\arduino\sketches\CDFF8FAADE52B85102FB04DA967C1845/..\..\cores\fc828f1174019e1b32f85b82594d287f\core.a(delay.c.o)
                0x000048fc                _real_delay
                0x000048fc                delay
 .text.SysTick_DefaultHandler
                0x0000492c       0x14 C:\Users\merce\AppData\Local\Temp\arduino\sketches\CDFF8FAADE52B85102FB04DA967C1845/..\..\cores\fc828f1174019e1b32f85b82594d287f\core.a(delay.c.o)
                0x0000492c                SysTick_DefaultHandler
 .text.__empty  0x00004940        0x2 C:\Users\merce\AppData\Local\Temp\arduino\sketches\CDFF8FAADE52B85102FB04DA967C1845/..\..\cores\fc828f1174019e1b32f85b82594d287f\core.a(hooks.c.o)
                0x00004940                yield
 .text.__false  0x00004942        0x4 C:\Users\merce\AppData\Local\Temp\arduino\sketches\CDFF8FAADE52B85102FB04DA967C1845/..\..\cores\fc828f1174019e1b32f85b82594d287f\core.a(hooks.c.o)
                0x00004942                sysTickHook
 .text._Z11initVariantv
                0x00004946        0x2 C:\Users\merce\AppData\Local\Temp\arduino\sketches\CDFF8FAADE52B85102FB04DA967C1845/..\..\cores\fc828f1174019e1b32f85b82594d287f\core.a(main.cpp.o)
                0x00004946                initVariant()
 .text._Z10_real_bodyv
                0x00004948       0x20 C:\Users\merce\AppData\Local\Temp\arduino\sketches\CDFF8FAADE52B85102FB04DA967C1845/..\..\cores\fc828f1174019e1b32f85b82594d287f\core.a(main.cpp.o)
                0x00004948                _real_body()
 .text._Z10_wrap_bodyv
                0x00004968        0x6 C:\Users\merce\AppData\Local\Temp\arduino\sketches\CDFF8FAADE52B85102FB04DA967C1845/..\..\cores\fc828f1174019e1b32f85b82594d287f\core.a(main.cpp.o)
                0x00004968                _wrap_body()
 *fill*         0x0000496e        0x2 
 .text.startup.main
                0x00004970       0x30 C:\Users\merce\AppData\Local\Temp\arduino\sketches\CDFF8FAADE52B85102FB04DA967C1845/..\..\cores\fc828f1174019e1b32f85b82594d287f\core.a(main.cpp.o)
                0x00004970                main
 .text._Znwj    0x000049a0        0x8 C:\Users\merce\AppData\Local\Temp\arduino\sketches\CDFF8FAADE52B85102FB04DA967C1845/..\..\cores\fc828f1174019e1b32f85b82594d287f\core.a(new.cpp.o)
                0x000049a0                operator new(unsigned int)
 .text._ZdlPv   0x000049a8        0x8 C:\Users\merce\AppData\Local\Temp\arduino\sketches\CDFF8FAADE52B85102FB04DA967C1845/..\..\cores\fc828f1174019e1b32f85b82594d287f\core.a(new.cpp.o)
                0x000049a8                operator delete(void*)
 .text._sbrk    0x000049b0       0x3c C:\Users\merce\AppData\Local\Temp\arduino\sketches\CDFF8FAADE52B85102FB04DA967C1845/..\..\cores\fc828f1174019e1b32f85b82594d287f\core.a(new.cpp.o)
                0x000049b0                _sbrk
 .text.SystemInit
                0x000049ec      0x160 C:\Users\merce\AppData\Local\Temp\arduino\sketches\CDFF8FAADE52B85102FB04DA967C1845/..\..\cores\fc828f1174019e1b32f85b82594d287f\core.a(startup.c.o)
                0x000049ec                SystemInit
 .text.init     0x00004b4c       0xe0 C:\Users\merce\AppData\Local\Temp\arduino\sketches\CDFF8FAADE52B85102FB04DA967C1845/..\..\cores\fc828f1174019e1b32f85b82594d287f\core.a(wiring.c.o)
                0x00004b4c                init
 .text.analogWriteResolution
                0x00004c2c        0xc C:\Users\merce\AppData\Local\Temp\arduino\sketches\CDFF8FAADE52B85102FB04DA967C1845/..\..\cores\fc828f1174019e1b32f85b82594d287f\core.a(wiring_analog.c.o)
                0x00004c2c                analogWriteResolution
 .text.analogReference
                0x00004c38       0x88 C:\Users\merce\AppData\Local\Temp\arduino\sketches\CDFF8FAADE52B85102FB04DA967C1845/..\..\cores\fc828f1174019e1b32f85b82594d287f\core.a(wiring_analog.c.o)
                0x00004c38                analogReference
 .text.analogWrite
                0x00004cc0      0x1c0 C:\Users\merce\AppData\Local\Temp\arduino\sketches\CDFF8FAADE52B85102FB04DA967C1845/..\..\cores\fc828f1174019e1b32f85b82594d287f\core.a(wiring_analog.c.o)
                0x00004cc0                analogWrite
 .text.pinMode  0x00004e80       0x60 C:\Users\merce\AppData\Local\Temp\arduino\sketches\CDFF8FAADE52B85102FB04DA967C1845/..\..\cores\fc828f1174019e1b32f85b82594d287f\core.a(wiring_digital.c.o)
                0x00004e80                pinMode
 .text.digitalWrite
                0x00004ee0       0x58 C:\Users\merce\AppData\Local\Temp\arduino\sketches\CDFF8FAADE52B85102FB04DA967C1845/..\..\cores\fc828f1174019e1b32f85b82594d287f\core.a(wiring_digital.c.o)
                0x00004ee0                digitalWrite
 .text.mapResolution
                0x00004f38       0x12 C:\Users\merce\AppData\Local\Temp\arduino\sketches\CDFF8FAADE52B85102FB04DA967C1845/..\..\cores\fc828f1174019e1b32f85b82594d287f\core.a(wiring_private.c.o)
                0x00004f38                mapResolution
 *fill*         0x00004f4a        0x2 
 .text.pinPeripheral
                0x00004f4c       0xc4 C:\Users\merce\AppData\Local\Temp\arduino\sketches\CDFF8FAADE52B85102FB04DA967C1845/..\..\cores\fc828f1174019e1b32f85b82594d287f\core.a(wiring_private.c.o)
                0x00004f4c                pinPeripheral
 .text._Z3pwmmmm
                0x00005010      0x19c C:\Users\merce\AppData\Local\Temp\arduino\sketches\CDFF8FAADE52B85102FB04DA967C1845/..\..\cores\fc828f1174019e1b32f85b82594d287f\core.a(wiring_pwm.cpp.o)
                0x00005010                pwm(unsigned long, unsigned long, unsigned long)
 .text.initiateReset
                0x000051ac        0xc C:\Users\merce\AppData\Local\Temp\arduino\sketches\CDFF8FAADE52B85102FB04DA967C1845/..\..\cores\fc828f1174019e1b32f85b82594d287f\core.a(Reset.cpp.o)
                0x000051ac                initiateReset
 .text.cancelReset
                0x000051b8       0x10 C:\Users\merce\AppData\Local\Temp\arduino\sketches\CDFF8FAADE52B85102FB04DA967C1845/..\..\cores\fc828f1174019e1b32f85b82594d287f\core.a(Reset.cpp.o)
                0x000051b8                cancelReset
 .text.tickReset
                0x000051c8       0x78 C:\Users\merce\AppData\Local\Temp\arduino\sketches\CDFF8FAADE52B85102FB04DA967C1845/..\..\cores\fc828f1174019e1b32f85b82594d287f\core.a(Reset.cpp.o)
                0x000051c8                tickReset
 .text._ZN13PluggableUSB_12getInterfaceEPh
                0x00005240       0x28 C:\Users\merce\AppData\Local\Temp\arduino\sketches\CDFF8FAADE52B85102FB04DA967C1845/..\..\cores\fc828f1174019e1b32f85b82594d287f\core.a(PluggableUSB.cpp.o)
                0x00005240                PluggableUSB_::getInterface(unsigned char*)
 .text._ZN13PluggableUSB_13getDescriptorER8USBSetup
                0x00005268       0x20 C:\Users\merce\AppData\Local\Temp\arduino\sketches\CDFF8FAADE52B85102FB04DA967C1845/..\..\cores\fc828f1174019e1b32f85b82594d287f\core.a(PluggableUSB.cpp.o)
                0x00005268                PluggableUSB_::getDescriptor(USBSetup&)
 .text._ZN13PluggableUSB_5setupER8USBSetup
                0x00005288       0x20 C:\Users\merce\AppData\Local\Temp\arduino\sketches\CDFF8FAADE52B85102FB04DA967C1845/..\..\cores\fc828f1174019e1b32f85b82594d287f\core.a(PluggableUSB.cpp.o)
                0x00005288                PluggableUSB_::setup(USBSetup&)
 .text._ZN13PluggableUSB_14handleEndpointEi
                0x000052a8       0x20 C:\Users\merce\AppData\Local\Temp\arduino\sketches\CDFF8FAADE52B85102FB04DA967C1845/..\..\cores\fc828f1174019e1b32f85b82594d287f\core.a(PluggableUSB.cpp.o)
                0x000052a8                PluggableUSB_::handleEndpoint(int)
 .text._Z12PluggableUSBv
                0x000052c8       0x24 C:\Users\merce\AppData\Local\Temp\arduino\sketches\CDFF8FAADE52B85102FB04DA967C1845/..\..\cores\fc828f1174019e1b32f85b82594d287f\core.a(PluggableUSB.cpp.o)
                0x000052c8                PluggableUSB()
 .text._ZN20USBDevice_SAMD21G18x5resetEv
                0x000052ec       0x2e C:\Users\merce\AppData\Local\Temp\arduino\sketches\CDFF8FAADE52B85102FB04DA967C1845/..\..\cores\fc828f1174019e1b32f85b82594d287f\core.a(SAMD21_USBDevice.cpp.o)
                0x000052ec                USBDevice_SAMD21G18x::reset()
 *fill*         0x0000531a        0x2 
 .text._ZN20USBDevice_SAMD21G18x9calibrateEv
                0x0000531c       0x60 C:\Users\merce\AppData\Local\Temp\arduino\sketches\CDFF8FAADE52B85102FB04DA967C1845/..\..\cores\fc828f1174019e1b32f85b82594d287f\core.a(SAMD21_USBDevice.cpp.o)
                0x0000531c                USBDevice_SAMD21G18x::calibrate()
 .text._Z3maplllll
                0x0000537c       0x16 C:\Users\merce\AppData\Local\Temp\arduino\sketches\CDFF8FAADE52B85102FB04DA967C1845/..\..\cores\fc828f1174019e1b32f85b82594d287f\core.a(WMath.cpp.o)
                0x0000537c                map(long, long, long, long, long)
 .text._ZdlPvj  0x00005392        0x8 c:/users/merce/appdata/local/arduino15/packages/seeeduino/tools/arm-none-eabi-gcc/7-2017q4/bin/../lib/gcc/arm-none-eabi/7.2.1/../../../../arm-none-eabi/lib/thumb/v6-m\libstdc++_nano.a(del_ops.o)
                0x00005392                operator delete(void*, unsigned int)
 *fill*         0x0000539a        0x2 
 .text          0x0000539c       0x14 c:/users/merce/appdata/local/arduino15/packages/seeeduino/tools/arm-none-eabi-gcc/7-2017q4/bin/../lib/gcc/arm-none-eabi/7.2.1/thumb/v6-m\libgcc.a(_thumb1_case_uqi.o)
                0x0000539c                __gnu_thumb1_case_uqi
 .text          0x000053b0       0x14 c:/users/merce/appdata/local/arduino15/packages/seeeduino/tools/arm-none-eabi-gcc/7-2017q4/bin/../lib/gcc/arm-none-eabi/7.2.1/thumb/v6-m\libgcc.a(_thumb1_case_shi.o)
                0x000053b0                __gnu_thumb1_case_shi
 .text          0x000053c4      0x114 c:/users/merce/appdata/local/arduino15/packages/seeeduino/tools/arm-none-eabi-gcc/7-2017q4/bin/../lib/gcc/arm-none-eabi/7.2.1/thumb/v6-m\libgcc.a(_udivsi3.o)
                0x000053c4                __aeabi_uidiv
                0x000053c4                __udivsi3
                0x000054d0                __aeabi_uidivmod
 .text          0x000054d8      0x1d4 c:/users/merce/appdata/local/arduino15/packages/seeeduino/tools/arm-none-eabi-gcc/7-2017q4/bin/../lib/gcc/arm-none-eabi/7.2.1/thumb/v6-m\libgcc.a(_divsi3.o)
                0x000054d8                __divsi3
                0x000054d8                __aeabi_idiv
                0x000056a4                __aeabi_idivmod
 .text          0x000056ac        0x4 c:/users/merce/appdata/local/arduino15/packages/seeeduino/tools/arm-none-eabi-gcc/7-2017q4/bin/../lib/gcc/arm-none-eabi/7.2.1/thumb/v6-m\libgcc.a(_dvmd_tls.o)
                0x000056ac                __aeabi_idiv0
                0x000056ac                __aeabi_ldiv0
 .text          0x000056b0       0x7c c:/users/merce/appdata/local/arduino15/packages/seeeduino/tools/arm-none-eabi-gcc/7-2017q4/bin/../lib/gcc/arm-none-eabi/7.2.1/thumb/v6-m\libgcc.a(_arm_cmpdf2.o)
                0x000056b0                __aeabi_cdrcmple
                0x000056c0                __aeabi_cdcmple
                0x000056c0                __aeabi_cdcmpeq
                0x000056d0                __aeabi_dcmpeq
                0x000056dc                __aeabi_dcmplt
                0x000056f0                __aeabi_dcmple
                0x00005704                __aeabi_dcmpgt
                0x00005718                __aeabi_dcmpge
 .text          0x0000572c       0x3c c:/users/merce/appdata/local/arduino15/packages/seeeduino/tools/arm-none-eabi-gcc/7-2017q4/bin/../lib/gcc/arm-none-eabi/7.2.1/thumb/v6-m\libgcc.a(_fixunsdfsi.o)
                0x0000572c                __aeabi_d2uiz
                0x0000572c                __fixunsdfsi
 .text          0x00005768      0x638 c:/users/merce/appdata/local/arduino15/packages/seeeduino/tools/arm-none-eabi-gcc/7-2017q4/bin/../lib/gcc/arm-none-eabi/7.2.1/thumb/v6-m\libgcc.a(adddf3.o)
                0x00005768                __aeabi_dadd
 .text          0x00005da0      0x604 c:/users/merce/appdata/local/arduino15/packages/seeeduino/tools/arm-none-eabi-gcc/7-2017q4/bin/../lib/gcc/arm-none-eabi/7.2.1/thumb/v6-m\libgcc.a(divdf3.o)
                0x00005da0                __aeabi_ddiv
 .text          0x000063a4       0x78 c:/users/merce/appdata/local/arduino15/packages/seeeduino/tools/arm-none-eabi-gcc/7-2017q4/bin/../lib/gcc/arm-none-eabi/7.2.1/thumb/v6-m\libgcc.a(eqdf2.o)
                0x000063a4                __nedf2
                0x000063a4                __eqdf2
 .text          0x0000641c       0xc8 c:/users/merce/appdata/local/arduino15/packages/seeeduino/tools/arm-none-eabi-gcc/7-2017q4/bin/../lib/gcc/arm-none-eabi/7.2.1/thumb/v6-m\libgcc.a(gedf2.o)
                0x0000641c                __gedf2
                0x0000641c                __gtdf2
 .text          0x000064e4       0xd0 c:/users/merce/appdata/local/arduino15/packages/seeeduino/tools/arm-none-eabi-gcc/7-2017q4/bin/../lib/gcc/arm-none-eabi/7.2.1/thumb/v6-m\libgcc.a(ledf2.o)
                0x000064e4                __ledf2
                0x000064e4                __ltdf2
 .text          0x000065b4      0x4e4 c:/users/merce/appdata/local/arduino15/packages/seeeduino/tools/arm-none-eabi-gcc/7-2017q4/bin/../lib/gcc/arm-none-eabi/7.2.1/thumb/v6-m\libgcc.a(muldf3.o)
                0x000065b4                __aeabi_dmul
 .text          0x00006a98      0x690 c:/users/merce/appdata/local/arduino15/packages/seeeduino/tools/arm-none-eabi-gcc/7-2017q4/bin/../lib/gcc/arm-none-eabi/7.2.1/thumb/v6-m\libgcc.a(subdf3.o)
                0x00006a98                __aeabi_dsub
 .text          0x00007128       0x38 c:/users/merce/appdata/local/arduino15/packages/seeeduino/tools/arm-none-eabi-gcc/7-2017q4/bin/../lib/gcc/arm-none-eabi/7.2.1/thumb/v6-m\libgcc.a(unorddf2.o)
                0x00007128                __aeabi_dcmpun
 .text          0x00007160       0x6c c:/users/merce/appdata/local/arduino15/packages/seeeduino/tools/arm-none-eabi-gcc/7-2017q4/bin/../lib/gcc/arm-none-eabi/7.2.1/thumb/v6-m\libgcc.a(fixdfsi.o)
                0x00007160                __aeabi_d2iz
 .text          0x000071cc       0x64 c:/users/merce/appdata/local/arduino15/packages/seeeduino/tools/arm-none-eabi-gcc/7-2017q4/bin/../lib/gcc/arm-none-eabi/7.2.1/thumb/v6-m\libgcc.a(floatunsidf.o)
                0x000071cc                __aeabi_ui2d
 .text          0x00007230      0x108 c:/users/merce/appdata/local/arduino15/packages/seeeduino/tools/arm-none-eabi-gcc/7-2017q4/bin/../lib/gcc/arm-none-eabi/7.2.1/thumb/v6-m\libgcc.a(truncdfsf2.o)
                0x00007230                __aeabi_d2f
 .text          0x00007338       0x3c c:/users/merce/appdata/local/arduino15/packages/seeeduino/tools/arm-none-eabi-gcc/7-2017q4/bin/../lib/gcc/arm-none-eabi/7.2.1/thumb/v6-m\libgcc.a(_clzsi2.o)
                0x00007338                __clzsi2
 .text.__libc_init_array
                0x00007374       0x48 c:/users/merce/appdata/local/arduino15/packages/seeeduino/tools/arm-none-eabi-gcc/7-2017q4/bin/../lib/gcc/arm-none-eabi/7.2.1/../../../../arm-none-eabi/lib/thumb/v6-m\libc_nano.a(lib_a-init.o)
                0x00007374                __libc_init_array
 .text.__locale_ctype_ptr_l
                0x000073bc        0x6 c:/users/merce/appdata/local/arduino15/packages/seeeduino/tools/arm-none-eabi-gcc/7-2017q4/bin/../lib/gcc/arm-none-eabi/7.2.1/../../../../arm-none-eabi/lib/thumb/v6-m\libc_nano.a(lib_a-locale.o)
                0x000073bc                __locale_ctype_ptr_l
 *fill*         0x000073c2        0x2 
 .text.malloc   0x000073c4       0x14 c:/users/merce/appdata/local/arduino15/packages/seeeduino/tools/arm-none-eabi-gcc/7-2017q4/bin/../lib/gcc/arm-none-eabi/7.2.1/../../../../arm-none-eabi/lib/thumb/v6-m\libc_nano.a(lib_a-malloc.o)
                0x000073c4                malloc
 .text.free     0x000073d8       0x14 c:/users/merce/appdata/local/arduino15/packages/seeeduino/tools/arm-none-eabi-gcc/7-2017q4/bin/../lib/gcc/arm-none-eabi/7.2.1/../../../../arm-none-eabi/lib/thumb/v6-m\libc_nano.a(lib_a-malloc.o)
                0x000073d8                free
 .text.__ascii_mbtowc
                0x000073ec       0x24 c:/users/merce/appdata/local/arduino15/packages/seeeduino/tools/arm-none-eabi-gcc/7-2017q4/bin/../lib/gcc/arm-none-eabi/7.2.1/../../../../arm-none-eabi/lib/thumb/v6-m\libc_nano.a(lib_a-mbtowc_r.o)
                0x000073ec                __ascii_mbtowc
 .text.memcpy   0x00007410       0x12 c:/users/merce/appdata/local/arduino15/packages/seeeduino/tools/arm-none-eabi-gcc/7-2017q4/bin/../lib/gcc/arm-none-eabi/7.2.1/../../../../arm-none-eabi/lib/thumb/v6-m\libc_nano.a(lib_a-memcpy-stub.o)
                0x00007410                memcpy
 .text.memmove  0x00007422       0x26 c:/users/merce/appdata/local/arduino15/packages/seeeduino/tools/arm-none-eabi-gcc/7-2017q4/bin/../lib/gcc/arm-none-eabi/7.2.1/../../../../arm-none-eabi/lib/thumb/v6-m\libc_nano.a(lib_a-memmove.o)
                0x00007422                memmove
 .text.memset   0x00007448       0x10 c:/users/merce/appdata/local/arduino15/packages/seeeduino/tools/arm-none-eabi-gcc/7-2017q4/bin/../lib/gcc/arm-none-eabi/7.2.1/../../../../arm-none-eabi/lib/thumb/v6-m\libc_nano.a(lib_a-memset.o)
                0x00007448                memset
 .text._free_r  0x00007458       0x94 c:/users/merce/appdata/local/arduino15/packages/seeeduino/tools/arm-none-eabi-gcc/7-2017q4/bin/../lib/gcc/arm-none-eabi/7.2.1/../../../../arm-none-eabi/lib/thumb/v6-m\libc_nano.a(lib_a-nano-freer.o)
                0x00007458                _free_r
 .text._malloc_r
                0x000074ec       0xbc c:/users/merce/appdata/local/arduino15/packages/seeeduino/tools/arm-none-eabi-gcc/7-2017q4/bin/../lib/gcc/arm-none-eabi/7.2.1/../../../../arm-none-eabi/lib/thumb/v6-m\libc_nano.a(lib_a-nano-mallocr.o)
                0x000074ec                _malloc_r
 .text.__cvt    0x000075a8       0xc8 c:/users/merce/appdata/local/arduino15/packages/seeeduino/tools/arm-none-eabi-gcc/7-2017q4/bin/../lib/gcc/arm-none-eabi/7.2.1/../../../../arm-none-eabi/lib/thumb/v6-m\libc_nano.a(lib_a-nano-vfprintf_float.o)
                0x000075a8                __cvt
 .text.__exponent
                0x00007670       0x70 c:/users/merce/appdata/local/arduino15/packages/seeeduino/tools/arm-none-eabi-gcc/7-2017q4/bin/../lib/gcc/arm-none-eabi/7.2.1/../../../../arm-none-eabi/lib/thumb/v6-m\libc_nano.a(lib_a-nano-vfprintf_float.o)
                0x00007670                __exponent
 .text._printf_float
                0x000076e0      0x498 c:/users/merce/appdata/local/arduino15/packages/seeeduino/tools/arm-none-eabi-gcc/7-2017q4/bin/../lib/gcc/arm-none-eabi/7.2.1/../../../../arm-none-eabi/lib/thumb/v6-m\libc_nano.a(lib_a-nano-vfprintf_float.o)
                0x000076e0                _printf_float
 .text._printf_common
                0x00007b78       0xda c:/users/merce/appdata/local/arduino15/packages/seeeduino/tools/arm-none-eabi-gcc/7-2017q4/bin/../lib/gcc/arm-none-eabi/7.2.1/../../../../arm-none-eabi/lib/thumb/v6-m\libc_nano.a(lib_a-nano-vfprintf_i.o)
                0x00007b78                _printf_common
 *fill*         0x00007c52        0x2 
 .text._printf_i
                0x00007c54      0x210 c:/users/merce/appdata/local/arduino15/packages/seeeduino/tools/arm-none-eabi-gcc/7-2017q4/bin/../lib/gcc/arm-none-eabi/7.2.1/../../../../arm-none-eabi/lib/thumb/v6-m\libc_nano.a(lib_a-nano-vfprintf_i.o)
                0x00007c54                _printf_i
 .text._scanf_float
                0x00007e64      0x3fc c:/users/merce/appdata/local/arduino15/packages/seeeduino/tools/arm-none-eabi-gcc/7-2017q4/bin/../lib/gcc/arm-none-eabi/7.2.1/../../../../arm-none-eabi/lib/thumb/v6-m\libc_nano.a(lib_a-nano-vfscanf_float.o)
                0x00007e64                _scanf_float
 .text._sbrk_r  0x00008260       0x24 c:/users/merce/appdata/local/arduino15/packages/seeeduino/tools/arm-none-eabi-gcc/7-2017q4/bin/../lib/gcc/arm-none-eabi/7.2.1/../../../../arm-none-eabi/lib/thumb/v6-m\libc_nano.a(lib_a-sbrkr.o)
                0x00008260                _sbrk_r
 .text.nanf     0x00008284        0x8 c:/users/merce/appdata/local/arduino15/packages/seeeduino/tools/arm-none-eabi-gcc/7-2017q4/bin/../lib/gcc/arm-none-eabi/7.2.1/../../../../arm-none-eabi/lib/thumb/v6-m\libc_nano.a(lib_a-sf_nan.o)
                0x00008284                nanf
 .text.sprintf  0x0000828c       0x40 c:/users/merce/appdata/local/arduino15/packages/seeeduino/tools/arm-none-eabi-gcc/7-2017q4/bin/../lib/gcc/arm-none-eabi/7.2.1/../../../../arm-none-eabi/lib/thumb/v6-m\libc_nano.a(lib_a-sprintf.o)
                0x0000828c                siprintf
                0x0000828c                sprintf
 .text          0x000082cc        0xe c:/users/merce/appdata/local/arduino15/packages/seeeduino/tools/arm-none-eabi-gcc/7-2017q4/bin/../lib/gcc/arm-none-eabi/7.2.1/../../../../arm-none-eabi/lib/thumb/v6-m\libc_nano.a(lib_a-strlen.o)
                0x000082cc                strlen
 .text.strncmp  0x000082da       0x22 c:/users/merce/appdata/local/arduino15/packages/seeeduino/tools/arm-none-eabi-gcc/7-2017q4/bin/../lib/gcc/arm-none-eabi/7.2.1/../../../../arm-none-eabi/lib/thumb/v6-m\libc_nano.a(lib_a-strncmp.o)
                0x000082da                strncmp
 .text.unlikely.sulp
                0x000082fc       0x30 c:/users/merce/appdata/local/arduino15/packages/seeeduino/tools/arm-none-eabi-gcc/7-2017q4/bin/../lib/gcc/arm-none-eabi/7.2.1/../../../../arm-none-eabi/lib/thumb/v6-m\libc_nano.a(lib_a-strtod.o)
 .text._strtod_l
                0x0000832c      0xc50 c:/users/merce/appdata/local/arduino15/packages/seeeduino/tools/arm-none-eabi-gcc/7-2017q4/bin/../lib/gcc/arm-none-eabi/7.2.1/../../../../arm-none-eabi/lib/thumb/v6-m\libc_nano.a(lib_a-strtod.o)
                0x0000832c                _strtod_l
 .text._strtod_r
                0x00008f7c       0x1c c:/users/merce/appdata/local/arduino15/packages/seeeduino/tools/arm-none-eabi-gcc/7-2017q4/bin/../lib/gcc/arm-none-eabi/7.2.1/../../../../arm-none-eabi/lib/thumb/v6-m\libc_nano.a(lib_a-strtod.o)
                0x00008f7c                _strtod_r
 .text._strtol_l.isra.0
                0x00008f98      0x104 c:/users/merce/appdata/local/arduino15/packages/seeeduino/tools/arm-none-eabi-gcc/7-2017q4/bin/../lib/gcc/arm-none-eabi/7.2.1/../../../../arm-none-eabi/lib/thumb/v6-m\libc_nano.a(lib_a-strtol.o)
 .text._strtol_r
                0x0000909c       0x20 c:/users/merce/appdata/local/arduino15/packages/seeeduino/tools/arm-none-eabi-gcc/7-2017q4/bin/../lib/gcc/arm-none-eabi/7.2.1/../../../../arm-none-eabi/lib/thumb/v6-m\libc_nano.a(lib_a-strtol.o)
                0x0000909c                _strtol_r
 .text.__ascii_wctomb
                0x000090bc       0x18 c:/users/merce/appdata/local/arduino15/packages/seeeduino/tools/arm-none-eabi-gcc/7-2017q4/bin/../lib/gcc/arm-none-eabi/7.2.1/../../../../arm-none-eabi/lib/thumb/v6-m\libc_nano.a(lib_a-wctomb_r.o)
                0x000090bc                __ascii_wctomb
 .text.quorem   0x000090d4      0x10c c:/users/merce/appdata/local/arduino15/packages/seeeduino/tools/arm-none-eabi-gcc/7-2017q4/bin/../lib/gcc/arm-none-eabi/7.2.1/../../../../arm-none-eabi/lib/thumb/v6-m\libc_nano.a(lib_a-dtoa.o)
 .text._dtoa_r  0x000091e0      0xbc0 c:/users/merce/appdata/local/arduino15/packages/seeeduino/tools/arm-none-eabi-gcc/7-2017q4/bin/../lib/gcc/arm-none-eabi/7.2.1/../../../../arm-none-eabi/lib/thumb/v6-m\libc_nano.a(lib_a-dtoa.o)
                0x000091e0                _dtoa_r
 .text.rshift   0x00009da0       0x68 c:/users/merce/appdata/local/arduino15/packages/seeeduino/tools/arm-none-eabi-gcc/7-2017q4/bin/../lib/gcc/arm-none-eabi/7.2.1/../../../../arm-none-eabi/lib/thumb/v6-m\libc_nano.a(lib_a-gdtoa-gethex.o)
 .text.__hexdig_fun
                0x00009e08       0x2a c:/users/merce/appdata/local/arduino15/packages/seeeduino/tools/arm-none-eabi-gcc/7-2017q4/bin/../lib/gcc/arm-none-eabi/7.2.1/../../../../arm-none-eabi/lib/thumb/v6-m\libc_nano.a(lib_a-gdtoa-gethex.o)
                0x00009e08                __hexdig_fun
 .text.__gethex
                0x00009e32      0x456 c:/users/merce/appdata/local/arduino15/packages/seeeduino/tools/arm-none-eabi-gcc/7-2017q4/bin/../lib/gcc/arm-none-eabi/7.2.1/../../../../arm-none-eabi/lib/thumb/v6-m\libc_nano.a(lib_a-gdtoa-gethex.o)
                0x00009e32                __gethex
 .text.L_shift  0x0000a288       0x24 c:/users/merce/appdata/local/arduino15/packages/seeeduino/tools/arm-none-eabi-gcc/7-2017q4/bin/../lib/gcc/arm-none-eabi/7.2.1/../../../../arm-none-eabi/lib/thumb/v6-m\libc_nano.a(lib_a-gdtoa-hexnan.o)
 .text.__match  0x0000a2ac       0x28 c:/users/merce/appdata/local/arduino15/packages/seeeduino/tools/arm-none-eabi-gcc/7-2017q4/bin/../lib/gcc/arm-none-eabi/7.2.1/../../../../arm-none-eabi/lib/thumb/v6-m\libc_nano.a(lib_a-gdtoa-hexnan.o)
                0x0000a2ac                __match
 .text.__hexnan
                0x0000a2d4      0x12e c:/users/merce/appdata/local/arduino15/packages/seeeduino/tools/arm-none-eabi-gcc/7-2017q4/bin/../lib/gcc/arm-none-eabi/7.2.1/../../../../arm-none-eabi/lib/thumb/v6-m\libc_nano.a(lib_a-gdtoa-hexnan.o)
                0x0000a2d4                __hexnan
 .text.__localeconv_l
                0x0000a402        0x4 c:/users/merce/appdata/local/arduino15/packages/seeeduino/tools/arm-none-eabi-gcc/7-2017q4/bin/../lib/gcc/arm-none-eabi/7.2.1/../../../../arm-none-eabi/lib/thumb/v6-m\libc_nano.a(lib_a-localeconv.o)
                0x0000a402                __localeconv_l
 *fill*         0x0000a406        0x2 
 .text._localeconv_r
                0x0000a408       0x18 c:/users/merce/appdata/local/arduino15/packages/seeeduino/tools/arm-none-eabi-gcc/7-2017q4/bin/../lib/gcc/arm-none-eabi/7.2.1/../../../../arm-none-eabi/lib/thumb/v6-m\libc_nano.a(lib_a-localeconv.o)
                0x0000a408                _localeconv_r
 .text.memchr   0x0000a420       0x16 c:/users/merce/appdata/local/arduino15/packages/seeeduino/tools/arm-none-eabi-gcc/7-2017q4/bin/../lib/gcc/arm-none-eabi/7.2.1/../../../../arm-none-eabi/lib/thumb/v6-m\libc_nano.a(lib_a-memchr-stub.o)
                0x0000a420                memchr
 .text.__malloc_lock
                0x0000a436        0x2 c:/users/merce/appdata/local/arduino15/packages/seeeduino/tools/arm-none-eabi-gcc/7-2017q4/bin/../lib/gcc/arm-none-eabi/7.2.1/../../../../arm-none-eabi/lib/thumb/v6-m\libc_nano.a(lib_a-mlock.o)
                0x0000a436                __malloc_lock
 .text.__malloc_unlock
                0x0000a438        0x2 c:/users/merce/appdata/local/arduino15/packages/seeeduino/tools/arm-none-eabi-gcc/7-2017q4/bin/../lib/gcc/arm-none-eabi/7.2.1/../../../../arm-none-eabi/lib/thumb/v6-m\libc_nano.a(lib_a-mlock.o)
                0x0000a438                __malloc_unlock
 .text._Balloc  0x0000a43a       0x70 c:/users/merce/appdata/local/arduino15/packages/seeeduino/tools/arm-none-eabi-gcc/7-2017q4/bin/../lib/gcc/arm-none-eabi/7.2.1/../../../../arm-none-eabi/lib/thumb/v6-m\libc_nano.a(lib_a-mprec.o)
                0x0000a43a                _Balloc
 .text._Bfree   0x0000a4aa       0x32 c:/users/merce/appdata/local/arduino15/packages/seeeduino/tools/arm-none-eabi-gcc/7-2017q4/bin/../lib/gcc/arm-none-eabi/7.2.1/../../../../arm-none-eabi/lib/thumb/v6-m\libc_nano.a(lib_a-mprec.o)
                0x0000a4aa                _Bfree
 .text.__multadd
                0x0000a4dc       0x7c c:/users/merce/appdata/local/arduino15/packages/seeeduino/tools/arm-none-eabi-gcc/7-2017q4/bin/../lib/gcc/arm-none-eabi/7.2.1/../../../../arm-none-eabi/lib/thumb/v6-m\libc_nano.a(lib_a-mprec.o)
                0x0000a4dc                __multadd
 .text.__s2b    0x0000a558       0x7c c:/users/merce/appdata/local/arduino15/packages/seeeduino/tools/arm-none-eabi-gcc/7-2017q4/bin/../lib/gcc/arm-none-eabi/7.2.1/../../../../arm-none-eabi/lib/thumb/v6-m\libc_nano.a(lib_a-mprec.o)
                0x0000a558                __s2b
 .text.__hi0bits
                0x0000a5d4       0x34 c:/users/merce/appdata/local/arduino15/packages/seeeduino/tools/arm-none-eabi-gcc/7-2017q4/bin/../lib/gcc/arm-none-eabi/7.2.1/../../../../arm-none-eabi/lib/thumb/v6-m\libc_nano.a(lib_a-mprec.o)
                0x0000a5d4                __hi0bits
 .text.__lo0bits
                0x0000a608       0x5e c:/users/merce/appdata/local/arduino15/packages/seeeduino/tools/arm-none-eabi-gcc/7-2017q4/bin/../lib/gcc/arm-none-eabi/7.2.1/../../../../arm-none-eabi/lib/thumb/v6-m\libc_nano.a(lib_a-mprec.o)
                0x0000a608                __lo0bits
 .text.__i2b    0x0000a666       0x12 c:/users/merce/appdata/local/arduino15/packages/seeeduino/tools/arm-none-eabi-gcc/7-2017q4/bin/../lib/gcc/arm-none-eabi/7.2.1/../../../../arm-none-eabi/lib/thumb/v6-m\libc_nano.a(lib_a-mprec.o)
                0x0000a666                __i2b
 .text.__multiply
                0x0000a678      0x11e c:/users/merce/appdata/local/arduino15/packages/seeeduino/tools/arm-none-eabi-gcc/7-2017q4/bin/../lib/gcc/arm-none-eabi/7.2.1/../../../../arm-none-eabi/lib/thumb/v6-m\libc_nano.a(lib_a-mprec.o)
                0x0000a678                __multiply
 *fill*         0x0000a796        0x2 
 .text.__pow5mult
                0x0000a798       0xa4 c:/users/merce/appdata/local/arduino15/packages/seeeduino/tools/arm-none-eabi-gcc/7-2017q4/bin/../lib/gcc/arm-none-eabi/7.2.1/../../../../arm-none-eabi/lib/thumb/v6-m\libc_nano.a(lib_a-mprec.o)
                0x0000a798                __pow5mult
 .text.__lshift
                0x0000a83c       0xa4 c:/users/merce/appdata/local/arduino15/packages/seeeduino/tools/arm-none-eabi-gcc/7-2017q4/bin/../lib/gcc/arm-none-eabi/7.2.1/../../../../arm-none-eabi/lib/thumb/v6-m\libc_nano.a(lib_a-mprec.o)
                0x0000a83c                __lshift
 .text.__mcmp   0x0000a8e0       0x34 c:/users/merce/appdata/local/arduino15/packages/seeeduino/tools/arm-none-eabi-gcc/7-2017q4/bin/../lib/gcc/arm-none-eabi/7.2.1/../../../../arm-none-eabi/lib/thumb/v6-m\libc_nano.a(lib_a-mprec.o)
                0x0000a8e0                __mcmp
 .text.__mdiff  0x0000a914       0xc8 c:/users/merce/appdata/local/arduino15/packages/seeeduino/tools/arm-none-eabi-gcc/7-2017q4/bin/../lib/gcc/arm-none-eabi/7.2.1/../../../../arm-none-eabi/lib/thumb/v6-m\libc_nano.a(lib_a-mprec.o)
                0x0000a914                __mdiff
 .text.__ulp    0x0000a9dc       0x4c c:/users/merce/appdata/local/arduino15/packages/seeeduino/tools/arm-none-eabi-gcc/7-2017q4/bin/../lib/gcc/arm-none-eabi/7.2.1/../../../../arm-none-eabi/lib/thumb/v6-m\libc_nano.a(lib_a-mprec.o)
                0x0000a9dc                __ulp
 .text.__b2d    0x0000aa28       0x98 c:/users/merce/appdata/local/arduino15/packages/seeeduino/tools/arm-none-eabi-gcc/7-2017q4/bin/../lib/gcc/arm-none-eabi/7.2.1/../../../../arm-none-eabi/lib/thumb/v6-m\libc_nano.a(lib_a-mprec.o)
                0x0000aa28                __b2d
 .text.__d2b    0x0000aac0       0xa8 c:/users/merce/appdata/local/arduino15/packages/seeeduino/tools/arm-none-eabi-gcc/7-2017q4/bin/../lib/gcc/arm-none-eabi/7.2.1/../../../../arm-none-eabi/lib/thumb/v6-m\libc_nano.a(lib_a-mprec.o)
                0x0000aac0                __d2b
 .text.__ratio  0x0000ab68       0x4e c:/users/merce/appdata/local/arduino15/packages/seeeduino/tools/arm-none-eabi-gcc/7-2017q4/bin/../lib/gcc/arm-none-eabi/7.2.1/../../../../arm-none-eabi/lib/thumb/v6-m\libc_nano.a(lib_a-mprec.o)
                0x0000ab68                __ratio
 .text.__copybits
                0x0000abb6       0x2c c:/users/merce/appdata/local/arduino15/packages/seeeduino/tools/arm-none-eabi-gcc/7-2017q4/bin/../lib/gcc/arm-none-eabi/7.2.1/../../../../arm-none-eabi/lib/thumb/v6-m\libc_nano.a(lib_a-mprec.o)
                0x0000abb6                __copybits
 .text.__any_on
                0x0000abe2       0x44 c:/users/merce/appdata/local/arduino15/packages/seeeduino/tools/arm-none-eabi-gcc/7-2017q4/bin/../lib/gcc/arm-none-eabi/7.2.1/../../../../arm-none-eabi/lib/thumb/v6-m\libc_nano.a(lib_a-mprec.o)
                0x0000abe2                __any_on
 .text._calloc_r
                0x0000ac26       0x1c c:/users/merce/appdata/local/arduino15/packages/seeeduino/tools/arm-none-eabi-gcc/7-2017q4/bin/../lib/gcc/arm-none-eabi/7.2.1/../../../../arm-none-eabi/lib/thumb/v6-m\libc_nano.a(lib_a-nano-callocr.o)
                0x0000ac26                _calloc_r
 .text._realloc_r
                0x0000ac42       0x4c c:/users/merce/appdata/local/arduino15/packages/seeeduino/tools/arm-none-eabi-gcc/7-2017q4/bin/../lib/gcc/arm-none-eabi/7.2.1/../../../../arm-none-eabi/lib/thumb/v6-m\libc_nano.a(lib_a-nano-reallocr.o)
                0x0000ac42                _realloc_r
 *fill*         0x0000ac8e        0x2 
 .text.__ssputs_r
                0x0000ac90       0xc4 c:/users/merce/appdata/local/arduino15/packages/seeeduino/tools/arm-none-eabi-gcc/7-2017q4/bin/../lib/gcc/arm-none-eabi/7.2.1/../../../../arm-none-eabi/lib/thumb/v6-m\libc_nano.a(lib_a-nano-svfprintf.o)
                0x0000ac90                __ssputs_r
 .text._svfprintf_r
                0x0000ad54      0x1fc c:/users/merce/appdata/local/arduino15/packages/seeeduino/tools/arm-none-eabi-gcc/7-2017q4/bin/../lib/gcc/arm-none-eabi/7.2.1/../../../../arm-none-eabi/lib/thumb/v6-m\libc_nano.a(lib_a-nano-svfprintf.o)
                0x0000ad54                _svfiprintf_r
                0x0000ad54                _svfprintf_r
 .text._malloc_usable_size_r
                0x0000af50       0x10 c:/users/merce/appdata/local/arduino15/packages/seeeduino/tools/arm-none-eabi-gcc/7-2017q4/bin/../lib/gcc/arm-none-eabi/7.2.1/../../../../arm-none-eabi/lib/thumb/v6-m\libc_nano.a(lib_a-nano-msizer.o)
                0x0000af50                _malloc_usable_size_r
 .text          0x0000af60       0x74 c:/users/merce/appdata/local/arduino15/packages/seeeduino/tools/arm-none-eabi-gcc/7-2017q4/bin/../lib/gcc/arm-none-eabi/7.2.1/thumb/v6-m\libgcc.a(floatsidf.o)
                0x0000af60                __aeabi_i2d
 *(.init)
 .init          0x0000afd4        0x4 c:/users/merce/appdata/local/arduino15/packages/seeeduino/tools/arm-none-eabi-gcc/7-2017q4/bin/../lib/gcc/arm-none-eabi/7.2.1/thumb/v6-m/crti.o
                0x0000afd4                _init
 .init          0x0000afd8        0x8 c:/users/merce/appdata/local/arduino15/packages/seeeduino/tools/arm-none-eabi-gcc/7-2017q4/bin/../lib/gcc/arm-none-eabi/7.2.1/thumb/v6-m/crtn.o
 *(.fini)
 .fini          0x0000afe0        0x4 c:/users/merce/appdata/local/arduino15/packages/seeeduino/tools/arm-none-eabi-gcc/7-2017q4/bin/../lib/gcc/arm-none-eabi/7.2.1/thumb/v6-m/crti.o
                0x0000afe0                _fini
 .fini          0x0000afe4        0x8 c:/users/merce/appdata/local/arduino15/packages/seeeduino/tools/arm-none-eabi-gcc/7-2017q4/bin/../lib/gcc/arm-none-eabi/7.2.1/thumb/v6-m/crtn.o
 *crtbegin.o(.ctors)
 *crtbegin?.o(.ctors)
 *(EXCLUDE_FILE(*crtend.o *crtend?.o) .ctors)
 *(SORT_BY_NAME(.ctors.*))
 *(.ctors)
 *crtbegin.o(.dtors)
 *crtbegin?.o(.dtors)
 *(EXCLUDE_FILE(*crtend.o *crtend?.o) .dtors)
 *(SORT_BY_NAME(.dtors.*))
 *(.dtors)
 *(.rodata*)
 .rodata.setup.str1.1
                0x0000afec       0x18 C:\Users\merce\AppData\Local\Temp\arduino\sketches\CDFF8FAADE52B85102FB04DA967C1845\sketch\XIAO_Scope_exp.ino.cpp.o
                                 0x19 (size before relaxing)
 .rodata.g_APinDescription
                0x0000b004      0x198 C:\Users\merce\AppData\Local\Temp\arduino\sketches\CDFF8FAADE52B85102FB04DA967C1845\core\variant.cpp.o
                0x0000b004                g_APinDescription
 .rodata._ZN5Print7printlnEv.str1.1
                0x0000b19c        0x3 C:\Users\merce\AppData\Local\Temp\arduino\sketches\CDFF8FAADE52B85102FB04DA967C1845/..\..\cores\fc828f1174019e1b32f85b82594d287f\core.a(Print.cpp.o)
 *fill*         0x0000b19f        0x1 
 .rodata._ZL10sercomData
                0x0000b1a0       0x30 C:\Users\merce\AppData\Local\Temp\arduino\sketches\CDFF8FAADE52B85102FB04DA967C1845/..\..\cores\fc828f1174019e1b32f85b82594d287f\core.a(SERCOM.cpp.o)
 .rodata._ZTV7Serial_
                0x0000b1d0       0x28 C:\Users\merce\AppData\Local\Temp\arduino\sketches\CDFF8FAADE52B85102FB04DA967C1845/..\..\cores\fc828f1174019e1b32f85b82594d287f\core.a(CDC.cpp.o)
                0x0000b1d0                vtable for Serial_
 .rodata._ZTV26DoubleBufferedEPOutHandler
                0x0000b1f8       0x28 C:\Users\merce\AppData\Local\Temp\arduino\sketches\CDFF8FAADE52B85102FB04DA967C1845/..\..\cores\fc828f1174019e1b32f85b82594d287f\core.a(USBCore.cpp.o)
                0x0000b1f8                vtable for DoubleBufferedEPOutHandler
 .rodata._ZL14STRING_PRODUCT
                0x0000b220        0xe C:\Users\merce\AppData\Local\Temp\arduino\sketches\CDFF8FAADE52B85102FB04DA967C1845/..\..\cores\fc828f1174019e1b32f85b82594d287f\core.a(USBCore.cpp.o)
 .rodata._ZL15STRING_LANGUAGE
                0x0000b22e        0x4 C:\Users\merce\AppData\Local\Temp\arduino\sketches\CDFF8FAADE52B85102FB04DA967C1845/..\..\cores\fc828f1174019e1b32f85b82594d287f\core.a(USBCore.cpp.o)
 .rodata._ZL19STRING_MANUFACTURER
                0x0000b232        0x6 C:\Users\merce\AppData\Local\Temp\arduino\sketches\CDFF8FAADE52B85102FB04DA967C1845/..\..\cores\fc828f1174019e1b32f85b82594d287f\core.a(USBCore.cpp.o)
 .rodata._ZL20USB_DeviceDescriptor
                0x0000b238       0x12 C:\Users\merce\AppData\Local\Temp\arduino\sketches\CDFF8FAADE52B85102FB04DA967C1845/..\..\cores\fc828f1174019e1b32f85b82594d287f\core.a(USBCore.cpp.o)
 .rodata._ZL21USB_DeviceDescriptorB
                0x0000b24a       0x12 C:\Users\merce\AppData\Local\Temp\arduino\sketches\CDFF8FAADE52B85102FB04DA967C1845/..\..\cores\fc828f1174019e1b32f85b82594d287f\core.a(USBCore.cpp.o)
 .rodata._ZTV4Uart
                0x0000b25c       0x34 C:\Users\merce\AppData\Local\Temp\arduino\sketches\CDFF8FAADE52B85102FB04DA967C1845/..\..\cores\fc828f1174019e1b32f85b82594d287f\core.a(Uart.cpp.o)
                0x0000b25c                vtable for Uart
 .rodata        0x0000b290       0x10 C:\Users\merce\AppData\Local\Temp\arduino\sketches\CDFF8FAADE52B85102FB04DA967C1845/..\..\cores\fc828f1174019e1b32f85b82594d287f\core.a(wiring_analog.c.o)
 .rodata        0x0000b2a0       0x10 C:\Users\merce\AppData\Local\Temp\arduino\sketches\CDFF8FAADE52B85102FB04DA967C1845/..\..\cores\fc828f1174019e1b32f85b82594d287f\core.a(wiring_pwm.cpp.o)
 .rodata.CSWTCH.16
                0x0000b2b0        0xa C:\Users\merce\AppData\Local\Temp\arduino\sketches\CDFF8FAADE52B85102FB04DA967C1845/..\..\cores\fc828f1174019e1b32f85b82594d287f\core.a(wiring_pwm.cpp.o)
 *fill*         0x0000b2ba        0x2 
 .rodata        0x0000b2bc       0x40 c:/users/merce/appdata/local/arduino15/packages/seeeduino/tools/arm-none-eabi-gcc/7-2017q4/bin/../lib/gcc/arm-none-eabi/7.2.1/thumb/v6-m\libgcc.a(divdf3.o)
 .rodata        0x0000b2fc       0x40 c:/users/merce/appdata/local/arduino15/packages/seeeduino/tools/arm-none-eabi-gcc/7-2017q4/bin/../lib/gcc/arm-none-eabi/7.2.1/thumb/v6-m\libgcc.a(muldf3.o)
 .rodata._setlocale_r.str1.1
                0x0000b33c        0x8 c:/users/merce/appdata/local/arduino15/packages/seeeduino/tools/arm-none-eabi-gcc/7-2017q4/bin/../lib/gcc/arm-none-eabi/7.2.1/../../../../arm-none-eabi/lib/thumb/v6-m\libc_nano.a(lib_a-locale.o)
                                  0x9 (size before relaxing)
 .rodata.str1.1
                0x0000b344        0x2 c:/users/merce/appdata/local/arduino15/packages/seeeduino/tools/arm-none-eabi-gcc/7-2017q4/bin/../lib/gcc/arm-none-eabi/7.2.1/../../../../arm-none-eabi/lib/thumb/v6-m\libc_nano.a(lib_a-locale.o)
 .rodata._printf_float.str1.1
                0x0000b346       0x10 c:/users/merce/appdata/local/arduino15/packages/seeeduino/tools/arm-none-eabi-gcc/7-2017q4/bin/../lib/gcc/arm-none-eabi/7.2.1/../../../../arm-none-eabi/lib/thumb/v6-m\libc_nano.a(lib_a-nano-vfprintf_float.o)
                                 0x12 (size before relaxing)
 .rodata._printf_i.str1.1
                0x0000b356       0x22 c:/users/merce/appdata/local/arduino15/packages/seeeduino/tools/arm-none-eabi-gcc/7-2017q4/bin/../lib/gcc/arm-none-eabi/7.2.1/../../../../arm-none-eabi/lib/thumb/v6-m\libc_nano.a(lib_a-nano-vfprintf_i.o)
 .rodata._scanf_float.str1.1
                0x0000b378        0x5 c:/users/merce/appdata/local/arduino15/packages/seeeduino/tools/arm-none-eabi-gcc/7-2017q4/bin/../lib/gcc/arm-none-eabi/7.2.1/../../../../arm-none-eabi/lib/thumb/v6-m\libc_nano.a(lib_a-nano-vfscanf_float.o)
 .rodata._strtod_l.str1.1
                0x0000b37d        0x5 c:/users/merce/appdata/local/arduino15/packages/seeeduino/tools/arm-none-eabi-gcc/7-2017q4/bin/../lib/gcc/arm-none-eabi/7.2.1/../../../../arm-none-eabi/lib/thumb/v6-m\libc_nano.a(lib_a-strtod.o)
                                  0xc (size before relaxing)
 *fill*         0x0000b37d        0x3 
 .rodata.fpi.6156
                0x0000b380       0x14 c:/users/merce/appdata/local/arduino15/packages/seeeduino/tools/arm-none-eabi-gcc/7-2017q4/bin/../lib/gcc/arm-none-eabi/7.2.1/../../../../arm-none-eabi/lib/thumb/v6-m\libc_nano.a(lib_a-strtod.o)
 .rodata.fpinan.6192
                0x0000b394       0x14 c:/users/merce/appdata/local/arduino15/packages/seeeduino/tools/arm-none-eabi-gcc/7-2017q4/bin/../lib/gcc/arm-none-eabi/7.2.1/../../../../arm-none-eabi/lib/thumb/v6-m\libc_nano.a(lib_a-strtod.o)
 .rodata.tinytens
                0x0000b3a8       0x28 c:/users/merce/appdata/local/arduino15/packages/seeeduino/tools/arm-none-eabi-gcc/7-2017q4/bin/../lib/gcc/arm-none-eabi/7.2.1/../../../../arm-none-eabi/lib/thumb/v6-m\libc_nano.a(lib_a-strtod.o)
 .rodata._ctype_
                0x0000b3d0      0x101 c:/users/merce/appdata/local/arduino15/packages/seeeduino/tools/arm-none-eabi-gcc/7-2017q4/bin/../lib/gcc/arm-none-eabi/7.2.1/../../../../arm-none-eabi/lib/thumb/v6-m\libc_nano.a(lib_a-ctype_.o)
                0x0000b3d0                _ctype_
 .rodata._dtoa_r.str1.1
                0x0000b4d1        0xd c:/users/merce/appdata/local/arduino15/packages/seeeduino/tools/arm-none-eabi-gcc/7-2017q4/bin/../lib/gcc/arm-none-eabi/7.2.1/../../../../arm-none-eabi/lib/thumb/v6-m\libc_nano.a(lib_a-dtoa.o)
                                  0xf (size before relaxing)
 *fill*         0x0000b4de        0x2 
 .rodata.__sf_fake_stderr
                0x0000b4e0       0x20 c:/users/merce/appdata/local/arduino15/packages/seeeduino/tools/arm-none-eabi-gcc/7-2017q4/bin/../lib/gcc/arm-none-eabi/7.2.1/../../../../arm-none-eabi/lib/thumb/v6-m\libc_nano.a(lib_a-findfp.o)
                0x0000b4e0                __sf_fake_stderr
 .rodata.__sf_fake_stdin
                0x0000b500       0x20 c:/users/merce/appdata/local/arduino15/packages/seeeduino/tools/arm-none-eabi-gcc/7-2017q4/bin/../lib/gcc/arm-none-eabi/7.2.1/../../../../arm-none-eabi/lib/thumb/v6-m\libc_nano.a(lib_a-findfp.o)
                0x0000b500                __sf_fake_stdin
 .rodata.__sf_fake_stdout
                0x0000b520       0x20 c:/users/merce/appdata/local/arduino15/packages/seeeduino/tools/arm-none-eabi-gcc/7-2017q4/bin/../lib/gcc/arm-none-eabi/7.2.1/../../../../arm-none-eabi/lib/thumb/v6-m\libc_nano.a(lib_a-findfp.o)
                0x0000b520                __sf_fake_stdout
 .rodata.__mprec_bigtens
                0x0000b540       0x28 c:/users/merce/appdata/local/arduino15/packages/seeeduino/tools/arm-none-eabi-gcc/7-2017q4/bin/../lib/gcc/arm-none-eabi/7.2.1/../../../../arm-none-eabi/lib/thumb/v6-m\libc_nano.a(lib_a-mprec.o)
                0x0000b540                __mprec_bigtens
 .rodata.__mprec_tens
                0x0000b568       0xc8 c:/users/merce/appdata/local/arduino15/packages/seeeduino/tools/arm-none-eabi-gcc/7-2017q4/bin/../lib/gcc/arm-none-eabi/7.2.1/../../../../arm-none-eabi/lib/thumb/v6-m\libc_nano.a(lib_a-mprec.o)
                0x0000b568                __mprec_tens
 .rodata.p05.6084
                0x0000b630        0xc c:/users/merce/appdata/local/arduino15/packages/seeeduino/tools/arm-none-eabi-gcc/7-2017q4/bin/../lib/gcc/arm-none-eabi/7.2.1/../../../../arm-none-eabi/lib/thumb/v6-m\libc_nano.a(lib_a-mprec.o)
 .rodata._svfprintf_r.str1.1
                0x0000b63c       0x11 c:/users/merce/appdata/local/arduino15/packages/seeeduino/tools/arm-none-eabi-gcc/7-2017q4/bin/../lib/gcc/arm-none-eabi/7.2.1/../../../../arm-none-eabi/lib/thumb/v6-m\libc_nano.a(lib_a-nano-svfprintf.o)
 *(.eh_frame*)
 *fill*         0x0000b64d        0x3 
 .eh_frame      0x0000b650        0x0 c:/users/merce/appdata/local/arduino15/packages/seeeduino/tools/arm-none-eabi-gcc/7-2017q4/bin/../lib/gcc/arm-none-eabi/7.2.1/thumb/v6-m/crtbegin.o
 .eh_frame      0x0000b650        0x4 c:/users/merce/appdata/local/arduino15/packages/seeeduino/tools/arm-none-eabi-gcc/7-2017q4/bin/../lib/gcc/arm-none-eabi/7.2.1/thumb/v6-m/crtend.o

.glue_7         0x0000b654        0x0
 .glue_7        0x0000b654        0x0 linker stubs

.glue_7t        0x0000b654        0x0
 .glue_7t       0x0000b654        0x0 linker stubs

.vfp11_veneer   0x0000b654        0x0
 .vfp11_veneer  0x0000b654        0x0 linker stubs

.v4_bx          0x0000b654        0x0
 .v4_bx         0x0000b654        0x0 linker stubs

.iplt           0x0000b654        0x0
 .iplt          0x0000b654        0x0 c:/users/merce/appdata/local/arduino15/packages/seeeduino/tools/arm-none-eabi-gcc/7-2017q4/bin/../lib/gcc/arm-none-eabi/7.2.1/thumb/v6-m/crtbegin.o

.rel.dyn        0x0000b654        0x0
 .rel.iplt      0x0000b654        0x0 c:/users/merce/appdata/local/arduino15/packages/seeeduino/tools/arm-none-eabi-gcc/7-2017q4/bin/../lib/gcc/arm-none-eabi/7.2.1/thumb/v6-m/crtbegin.o

.ARM.extab
 *(.ARM.extab* .gnu.linkonce.armextab.*)
                0x0000b654                __exidx_start = .

.ARM.exidx
 *(.ARM.exidx* .gnu.linkonce.armexidx.*)
                0x0000b654                __exidx_end = .
                0x0000b654                __etext = .

.data           0x20000000      0x2ac load address 0x0000b654
                0x20000000                __data_start__ = .
 *(vtable)
 *(.data*)
 .data.amax     0x20000000        0x2 C:\Users\merce\AppData\Local\Temp\arduino\sketches\CDFF8FAADE52B85102FB04DA967C1845\sketch\XIAO_Scope_exp.ino.cpp.o
                0x20000000                amax
 .data.bmax     0x20000002        0x2 C:\Users\merce\AppData\Local\Temp\arduino\sketches\CDFF8FAADE52B85102FB04DA967C1845\sketch\XIAO_Scope_exp.ino.cpp.o
                0x20000002                bmax
 .data.bs       0x20000004        0x2 C:\Users\merce\AppData\Local\Temp\arduino\sketches\CDFF8FAADE52B85102FB04DA967C1845\sketch\XIAO_Scope_exp.ino.cpp.o
                0x20000004                bs
 .data.dy       0x20000006        0x2 C:\Users\merce\AppData\Local\Temp\arduino\sketches\CDFF8FAADE52B85102FB04DA967C1845\sketch\XIAO_Scope_exp.ino.cpp.o
                0x20000006                dy
 .data.ebs      0x20000008        0x2 C:\Users\merce\AppData\Local\Temp\arduino\sketches\CDFF8FAADE52B85102FB04DA967C1845\sketch\XIAO_Scope_exp.ino.cpp.o
                0x20000008                ebs
 .data.fbs      0x2000000a        0x2 C:\Users\merce\AppData\Local\Temp\arduino\sketches\CDFF8FAADE52B85102FB04DA967C1845\sketch\XIAO_Scope_exp.ino.cpp.o
                0x2000000a                fbs
 .data.gbs      0x2000000c        0x2 C:\Users\merce\AppData\Local\Temp\arduino\sketches\CDFF8FAADE52B85102FB04DA967C1845\sketch\XIAO_Scope_exp.ino.cpp.o
                0x2000000c                gbs
 .data.gn       0x2000000e        0x1 C:\Users\merce\AppData\Local\Temp\arduino\sketches\CDFF8FAADE52B85102FB04DA967C1845\sketch\XIAO_Scope_exp.ino.cpp.o
                0x2000000e                gn
 *fill*         0x2000000f        0x1 
 .data.ms       0x20000010        0x2 C:\Users\merce\AppData\Local\Temp\arduino\sketches\CDFF8FAADE52B85102FB04DA967C1845\sketch\XIAO_Scope_exp.ino.cpp.o
                0x20000010                ms
 .data.ns       0x20000012        0x2 C:\Users\merce\AppData\Local\Temp\arduino\sketches\CDFF8FAADE52B85102FB04DA967C1845\sketch\XIAO_Scope_exp.ino.cpp.o
                0x20000012                ns
 .data.pwid     0x20000014        0x4 C:\Users\merce\AppData\Local\Temp\arduino\sketches\CDFF8FAADE52B85102FB04DA967C1845\sketch\XIAO_Scope_exp.ino.cpp.o
                0x20000014                pwid
 .data.pwmf     0x20000018        0x4 C:\Users\merce\AppData\Local\Temp\arduino\sketches\CDFF8FAADE52B85102FB04DA967C1845\sketch\XIAO_Scope_exp.ino.cpp.o
                0x20000018                pwmf
 .data.rbs      0x2000001c        0x2 C:\Users\merce\AppData\Local\Temp\arduino\sketches\CDFF8FAADE52B85102FB04DA967C1845\sketch\XIAO_Scope_exp.ino.cpp.o
                0x2000001c                rbs
 .data.sbs      0x2000001e        0x2 C:\Users\merce\AppData\Local\Temp\arduino\sketches\CDFF8FAADE52B85102FB04DA967C1845\sketch\XIAO_Scope_exp.ino.cpp.o
                0x2000001e                sbs
 .data.tbs      0x20000020        0x2 C:\Users\merce\AppData\Local\Temp\arduino\sketches\CDFF8FAADE52B85102FB04DA967C1845\sketch\XIAO_Scope_exp.ino.cpp.o
                0x20000020                tbs
 .data.vbs      0x20000022        0x2 C:\Users\merce\AppData\Local\Temp\arduino\sketches\CDFF8FAADE52B85102FB04DA967C1845\sketch\XIAO_Scope_exp.ino.cpp.o
                0x20000022                vbs
 .data.vn       0x20000024        0x1 C:\Users\merce\AppData\Local\Temp\arduino\sketches\CDFF8FAADE52B85102FB04DA967C1845\sketch\XIAO_Scope_exp.ino.cpp.o
                0x20000024                vn
 *fill*         0x20000025        0x3 
 .data.g_apTCInstances
                0x20000028       0x18 C:\Users\merce\AppData\Local\Temp\arduino\sketches\CDFF8FAADE52B85102FB04DA967C1845\core\variant.cpp.o
                0x20000028                g_apTCInstances
 .data._ZL10breakValue
                0x20000040        0x4 C:\Users\merce\AppData\Local\Temp\arduino\sketches\CDFF8FAADE52B85102FB04DA967C1845/..\..\cores\fc828f1174019e1b32f85b82594d287f\core.a(CDC.cpp.o)
 .data._ZL12_usbLineInfo
                0x20000044        0x8 C:\Users\merce\AppData\Local\Temp\arduino\sketches\CDFF8FAADE52B85102FB04DA967C1845/..\..\cores\fc828f1174019e1b32f85b82594d287f\core.a(CDC.cpp.o)
 .data._ZL13_cdcInterface
                0x2000004c       0x42 C:\Users\merce\AppData\Local\Temp\arduino\sketches\CDFF8FAADE52B85102FB04DA967C1845/..\..\cores\fc828f1174019e1b32f85b82594d287f\core.a(CDC.cpp.o)
 *fill*         0x2000008e        0x2 
 .data._serialPeek
                0x20000090        0x4 C:\Users\merce\AppData\Local\Temp\arduino\sketches\CDFF8FAADE52B85102FB04DA967C1845/..\..\cores\fc828f1174019e1b32f85b82594d287f\core.a(CDC.cpp.o)
                0x20000090                _serialPeek
 .data.EndPoints
                0x20000094       0x28 C:\Users\merce\AppData\Local\Temp\arduino\sketches\CDFF8FAADE52B85102FB04DA967C1845/..\..\cores\fc828f1174019e1b32f85b82594d287f\core.a(USBCore.cpp.o)
                0x20000094                EndPoints
 .data.SystemCoreClock
                0x200000bc        0x4 C:\Users\merce\AppData\Local\Temp\arduino\sketches\CDFF8FAADE52B85102FB04DA967C1845/..\..\cores\fc828f1174019e1b32f85b82594d287f\core.a(wiring.c.o)
                0x200000bc                SystemCoreClock
 .data._writeResolution
                0x200000c0        0x4 C:\Users\merce\AppData\Local\Temp\arduino\sketches\CDFF8FAADE52B85102FB04DA967C1845/..\..\cores\fc828f1174019e1b32f85b82594d287f\core.a(wiring_analog.c.o)
 .data._ZL5ticks
                0x200000c4        0x4 C:\Users\merce\AppData\Local\Temp\arduino\sketches\CDFF8FAADE52B85102FB04DA967C1845/..\..\cores\fc828f1174019e1b32f85b82594d287f\core.a(Reset.cpp.o)
 .data._impure_ptr
                0x200000c8        0x4 c:/users/merce/appdata/local/arduino15/packages/seeeduino/tools/arm-none-eabi-gcc/7-2017q4/bin/../lib/gcc/arm-none-eabi/7.2.1/../../../../arm-none-eabi/lib/thumb/v6-m\libc_nano.a(lib_a-impure.o)
                0x200000c8                _impure_ptr
 .data.impure_data
                0x200000cc       0x60 c:/users/merce/appdata/local/arduino15/packages/seeeduino/tools/arm-none-eabi-gcc/7-2017q4/bin/../lib/gcc/arm-none-eabi/7.2.1/../../../../arm-none-eabi/lib/thumb/v6-m\libc_nano.a(lib_a-impure.o)
 .data.__global_locale